Archive member included to satisfy reference by file (symbol)

c:/st/stm32cubeide_1.9.0/stm32cubeide/plugins/com.st.stm32cube.ide.mcu.externaltools.gnu-tools-for-stm32.10.3-2021.10.win32_1.0.0.202111181127/tools/bin/../lib/gcc/arm-none-eabi/10.3.1/../../../../arm-none-eabi/lib/thumb/v7-m/nofp\libc_nano.a(lib_a-errno.o)
                              ./Core/Src/syscalls.o (__errno)
c:/st/stm32cubeide_1.9.0/stm32cubeide/plugins/com.st.stm32cube.ide.mcu.externaltools.gnu-tools-for-stm32.10.3-2021.10.win32_1.0.0.202111181127/tools/bin/../lib/gcc/arm-none-eabi/10.3.1/../../../../arm-none-eabi/lib/thumb/v7-m/nofp\libc_nano.a(lib_a-exit.o)
                              c:/st/stm32cubeide_1.9.0/stm32cubeide/plugins/com.st.stm32cube.ide.mcu.externaltools.gnu-tools-for-stm32.10.3-2021.10.win32_1.0.0.202111181127/tools/bin/../lib/gcc/arm-none-eabi/10.3.1/../../../../arm-none-eabi/lib/thumb/v7-m/nofp/crt0.o (exit)
c:/st/stm32cubeide_1.9.0/stm32cubeide/plugins/com.st.stm32cube.ide.mcu.externaltools.gnu-tools-for-stm32.10.3-2021.10.win32_1.0.0.202111181127/tools/bin/../lib/gcc/arm-none-eabi/10.3.1/../../../../arm-none-eabi/lib/thumb/v7-m/nofp\libc_nano.a(lib_a-impure.o)
                              c:/st/stm32cubeide_1.9.0/stm32cubeide/plugins/com.st.stm32cube.ide.mcu.externaltools.gnu-tools-for-stm32.10.3-2021.10.win32_1.0.0.202111181127/tools/bin/../lib/gcc/arm-none-eabi/10.3.1/../../../../arm-none-eabi/lib/thumb/v7-m/nofp\libc_nano.a(lib_a-exit.o) (_global_impure_ptr)
c:/st/stm32cubeide_1.9.0/stm32cubeide/plugins/com.st.stm32cube.ide.mcu.externaltools.gnu-tools-for-stm32.10.3-2021.10.win32_1.0.0.202111181127/tools/bin/../lib/gcc/arm-none-eabi/10.3.1/../../../../arm-none-eabi/lib/thumb/v7-m/nofp\libc_nano.a(lib_a-init.o)
                              c:/st/stm32cubeide_1.9.0/stm32cubeide/plugins/com.st.stm32cube.ide.mcu.externaltools.gnu-tools-for-stm32.10.3-2021.10.win32_1.0.0.202111181127/tools/bin/../lib/gcc/arm-none-eabi/10.3.1/../../../../arm-none-eabi/lib/thumb/v7-m/nofp/crt0.o (__libc_init_array)
c:/st/stm32cubeide_1.9.0/stm32cubeide/plugins/com.st.stm32cube.ide.mcu.externaltools.gnu-tools-for-stm32.10.3-2021.10.win32_1.0.0.202111181127/tools/bin/../lib/gcc/arm-none-eabi/10.3.1/../../../../arm-none-eabi/lib/thumb/v7-m/nofp\libc_nano.a(lib_a-memset.o)
                              c:/st/stm32cubeide_1.9.0/stm32cubeide/plugins/com.st.stm32cube.ide.mcu.externaltools.gnu-tools-for-stm32.10.3-2021.10.win32_1.0.0.202111181127/tools/bin/../lib/gcc/arm-none-eabi/10.3.1/../../../../arm-none-eabi/lib/thumb/v7-m/nofp/crt0.o (memset)

Discarded input sections

 .text          0x0000000000000000        0x0 c:/st/stm32cubeide_1.9.0/stm32cubeide/plugins/com.st.stm32cube.ide.mcu.externaltools.gnu-tools-for-stm32.10.3-2021.10.win32_1.0.0.202111181127/tools/bin/../lib/gcc/arm-none-eabi/10.3.1/thumb/v7-m/nofp/crti.o
 .data          0x0000000000000000        0x0 c:/st/stm32cubeide_1.9.0/stm32cubeide/plugins/com.st.stm32cube.ide.mcu.externaltools.gnu-tools-for-stm32.10.3-2021.10.win32_1.0.0.202111181127/tools/bin/../lib/gcc/arm-none-eabi/10.3.1/thumb/v7-m/nofp/crti.o
 .bss           0x0000000000000000        0x0 c:/st/stm32cubeide_1.9.0/stm32cubeide/plugins/com.st.stm32cube.ide.mcu.externaltools.gnu-tools-for-stm32.10.3-2021.10.win32_1.0.0.202111181127/tools/bin/../lib/gcc/arm-none-eabi/10.3.1/thumb/v7-m/nofp/crti.o
 .data          0x0000000000000000        0x4 c:/st/stm32cubeide_1.9.0/stm32cubeide/plugins/com.st.stm32cube.ide.mcu.externaltools.gnu-tools-for-stm32.10.3-2021.10.win32_1.0.0.202111181127/tools/bin/../lib/gcc/arm-none-eabi/10.3.1/thumb/v7-m/nofp/crtbegin.o
 .rodata        0x0000000000000000       0x24 c:/st/stm32cubeide_1.9.0/stm32cubeide/plugins/com.st.stm32cube.ide.mcu.externaltools.gnu-tools-for-stm32.10.3-2021.10.win32_1.0.0.202111181127/tools/bin/../lib/gcc/arm-none-eabi/10.3.1/thumb/v7-m/nofp/crtbegin.o
 .text          0x0000000000000000       0x7c c:/st/stm32cubeide_1.9.0/stm32cubeide/plugins/com.st.stm32cube.ide.mcu.externaltools.gnu-tools-for-stm32.10.3-2021.10.win32_1.0.0.202111181127/tools/bin/../lib/gcc/arm-none-eabi/10.3.1/../../../../arm-none-eabi/lib/thumb/v7-m/nofp/crt0.o
 .data          0x0000000000000000        0x0 c:/st/stm32cubeide_1.9.0/stm32cubeide/plugins/com.st.stm32cube.ide.mcu.externaltools.gnu-tools-for-stm32.10.3-2021.10.win32_1.0.0.202111181127/tools/bin/../lib/gcc/arm-none-eabi/10.3.1/../../../../arm-none-eabi/lib/thumb/v7-m/nofp/crt0.o
 .bss           0x0000000000000000        0x0 c:/st/stm32cubeide_1.9.0/stm32cubeide/plugins/com.st.stm32cube.ide.mcu.externaltools.gnu-tools-for-stm32.10.3-2021.10.win32_1.0.0.202111181127/tools/bin/../lib/gcc/arm-none-eabi/10.3.1/../../../../arm-none-eabi/lib/thumb/v7-m/nofp/crt0.o
[...]
Memory Configuration

Name             Origin             Length             Attributes
RAM              0x0000000020000000 0x0000000000002800 xrw
FLASH            0x0000000008000000 0x0000000000008000 xr
*default*        0x0000000000000000 0xffffffffffffffff

Linker script and memory map

LOAD c:/st/stm32cubeide_1.9.0/stm32cubeide/plugins/com.st.stm32cube.ide.mcu.externaltools.gnu-tools-for-stm32.10.3-2021.10.win32_1.0.0.202111181127/tools/bin/../lib/gcc/arm-none-eabi/10.3.1/thumb/v7-m/nofp/crti.o
LOAD c:/st/stm32cubeide_1.9.0/stm32cubeide/plugins/com.st.stm32cube.ide.mcu.externaltools.gnu-tools-for-stm32.10.3-2021.10.win32_1.0.0.202111181127/tools/bin/../lib/gcc/arm-none-eabi/10.3.1/thumb/v7-m/nofp/crtbegin.o
LOAD c:/st/stm32cubeide_1.9.0/stm32cubeide/plugins/com.st.stm32cube.ide.mcu.externaltools.gnu-tools-for-stm32.10.3-2021.10.win32_1.0.0.202111181127/tools/bin/../lib/gcc/arm-none-eabi/10.3.1/../../../../arm-none-eabi/lib/thumb/v7-m/nofp/crt0.o
LOAD ./Core/Src/main.o
LOAD ./Core/Src/stm32f1xx_hal_msp.o
LOAD ./Core/Src/stm32f1xx_it.o
LOAD ./Core/Src/syscalls.o
LOAD ./Core/Src/sysmem.o
LOAD ./Core/Src/system_stm32f1xx.o
LOAD ./Core/Startup/startup_stm32f103c6tx.o
LOAD ./Drivers/STM32F1xx_HAL_Driver/Src/stm32f1xx_hal.o
LOAD ./Drivers/STM32F1xx_HAL_Driver/Src/stm32f1xx_hal_cortex.o
LOAD ./Drivers/STM32F1xx_HAL_Driver/Src/stm32f1xx_hal_dma.o
LOAD ./Drivers/STM32F1xx_HAL_Driver/Src/stm32f1xx_hal_exti.o
LOAD ./Drivers/STM32F1xx_HAL_Driver/Src/stm32f1xx_hal_flash.o
LOAD ./Drivers/STM32F1xx_HAL_Driver/Src/stm32f1xx_hal_flash_ex.o
LOAD ./Drivers/STM32F1xx_HAL_Driver/Src/stm32f1xx_hal_gpio.o
LOAD ./Drivers/STM32F1xx_HAL_Driver/Src/stm32f1xx_hal_gpio_ex.o
LOAD ./Drivers/STM32F1xx_HAL_Driver/Src/stm32f1xx_hal_pwr.o
LOAD ./Drivers/STM32F1xx_HAL_Driver/Src/stm32f1xx_hal_rcc.o
LOAD ./Drivers/STM32F1xx_HAL_Driver/Src/stm32f1xx_hal_rcc_ex.o
LOAD ./Drivers/STM32F1xx_HAL_Driver/Src/stm32f1xx_hal_tim.o
LOAD ./Drivers/STM32F1xx_HAL_Driver/Src/stm32f1xx_hal_tim_ex.o
START GROUP
LOAD c:/st/stm32cubeide_1.9.0/stm32cubeide/plugins/com.st.stm32cube.ide.mcu.externaltools.gnu-tools-for-stm32.10.3-2021.10.win32_1.0.0.202111181127/tools/bin/../lib/gcc/arm-none-eabi/10.3.1/../../../../arm-none-eabi/lib/thumb/v7-m/nofp\libc_nano.a
LOAD c:/st/stm32cubeide_1.9.0/stm32cubeide/plugins/com.st.stm32cube.ide.mcu.externaltools.gnu-tools-for-stm32.10.3-2021.10.win32_1.0.0.202111181127/tools/bin/../lib/gcc/arm-none-eabi/10.3.1/../../../../arm-none-eabi/lib/thumb/v7-m/nofp\libm.a
END GROUP
START GROUP
LOAD c:/st/stm32cubeide_1.9.0/stm32cubeide/plugins/com.st.stm32cube.ide.mcu.externaltools.gnu-tools-for-stm32.10.3-2021.10.win32_1.0.0.202111181127/tools/bin/../lib/gcc/arm-none-eabi/10.3.1/thumb/v7-m/nofp\libgcc.a
LOAD c:/st/stm32cubeide_1.9.0/stm32cubeide/plugins/com.st.stm32cube.ide.mcu.externaltools.gnu-tools-for-stm32.10.3-2021.10.win32_1.0.0.202111181127/tools/bin/../lib/gcc/arm-none-eabi/10.3.1/../../../../arm-none-eabi/lib/thumb/v7-m/nofp\libc_nano.a
END GROUP
START GROUP
LOAD c:/st/stm32cubeide_1.9.0/stm32cubeide/plugins/com.st.stm32cube.ide.mcu.externaltools.gnu-tools-for-stm32.10.3-2021.10.win32_1.0.0.202111181127/tools/bin/../lib/gcc/arm-none-eabi/10.3.1/thumb/v7-m/nofp\libgcc.a
LOAD c:/st/stm32cubeide_1.9.0/stm32cubeide/plugins/com.st.stm32cube.ide.mcu.externaltools.gnu-tools-for-stm32.10.3-2021.10.win32_1.0.0.202111181127/tools/bin/../lib/gcc/arm-none-eabi/10.3.1/../../../../arm-none-eabi/lib/thumb/v7-m/nofp\libc_nano.a
LOAD c:/st/stm32cubeide_1.9.0/stm32cubeide/plugins/com.st.stm32cube.ide.mcu.externaltools.gnu-tools-for-stm32.10.3-2021.10.win32_1.0.0.202111181127/tools/bin/../lib/gcc/arm-none-eabi/10.3.1/../../../../arm-none-eabi/lib/thumb/v7-m/nofp\libnosys.a
END GROUP
START GROUP
LOAD c:/st/stm32cubeide_1.9.0/stm32cubeide/plugins/com.st.stm32cube.ide.mcu.externaltools.gnu-tools-for-stm32.10.3-2021.10.win32_1.0.0.202111181127/tools/bin/../lib/gcc/arm-none-eabi/10.3.1/thumb/v7-m/nofp\libgcc.a
LOAD c:/st/stm32cubeide_1.9.0/stm32cubeide/plugins/com.st.stm32cube.ide.mcu.externaltools.gnu-tools-for-stm32.10.3-2021.10.win32_1.0.0.202111181127/tools/bin/../lib/gcc/arm-none-eabi/10.3.1/../../../../arm-none-eabi/lib/thumb/v7-m/nofp\libc_nano.a
LOAD c:/st/stm32cubeide_1.9.0/stm32cubeide/plugins/com.st.stm32cube.ide.mcu.externaltools.gnu-tools-for-stm32.10.3-2021.10.win32_1.0.0.202111181127/tools/bin/../lib/gcc/arm-none-eabi/10.3.1/../../../../arm-none-eabi/lib/thumb/v7-m/nofp\libnosys.a
END GROUP
LOAD c:/st/stm32cubeide_1.9.0/stm32cubeide/plugins/com.st.stm32cube.ide.mcu.externaltools.gnu-tools-for-stm32.10.3-2021.10.win32_1.0.0.202111181127/tools/bin/../lib/gcc/arm-none-eabi/10.3.1/thumb/v7-m/nofp/crtend.o
LOAD c:/st/stm32cubeide_1.9.0/stm32cubeide/plugins/com.st.stm32cube.ide.mcu.externaltools.gnu-tools-for-stm32.10.3-2021.10.win32_1.0.0.202111181127/tools/bin/../lib/gcc/arm-none-eabi/10.3.1/thumb/v7-m/nofp/crtn.o
                0x0000000020002800                _estack = (ORIGIN (RAM) + LENGTH (RAM))
                0x0000000000000200                _Min_Heap_Size = 0x200
                0x0000000000000400                _Min_Stack_Size = 0x400

.isr_vector     0x0000000008000000      0x10c
                0x0000000008000000                . = ALIGN (0x4)
 *(.isr_vector)
 .isr_vector    0x0000000008000000      0x10c ./Core/Startup/startup_stm32f103c6tx.o
                0x0000000008000000                g_pfnVectors
                0x000000000800010c                . = ALIGN (0x4)

.text           0x000000000800010c     0x1440
                0x000000000800010c                . = ALIGN (0x4)
 *(.text)
 .text          0x000000000800010c       0x40 c:/st/stm32cubeide_1.9.0/stm32cubeide/plugins/com.st.stm32cube.ide.mcu.externaltools.gnu-tools-for-stm32.10.3-2021.10.win32_1.0.0.202111181127/tools/bin/../lib/gcc/arm-none-eabi/10.3.1/thumb/v7-m/nofp/crtbegin.o
 *(.text*)
 .text.main     0x000000000800014c      0x16c ./Core/Src/main.o
                0x000000000800014c                main
 .text.SystemClock_Config
                0x00000000080002b8       0x76 ./Core/Src/main.o
                0x00000000080002b8                SystemClock_Config
 *fill*         0x000000000800032e        0x2 
 .text.MX_GPIO_Init
                0x0000000008000330       0x68 ./Core/Src/main.o
 .text.clearAllClock
                0x0000000008000398       0x94 ./Core/Src/main.o
                0x0000000008000398                clearAllClock
 .text.setNumberOnClock
                0x000000000800042c       0xf0 ./Core/Src/main.o
                0x000000000800042c                setNumberOnClock
 .text.clearNumberOnClock
                0x000000000800051c       0xf0 ./Core/Src/main.o
                0x000000000800051c                clearNumberOnClock
 .text.Error_Handler
                0x000000000800060c        0xa ./Core/Src/main.o
                0x000000000800060c                Error_Handler
 *fill*         0x0000000008000616        0x2 
 .text.HAL_MspInit
                0x0000000008000618       0x64 ./Core/Src/stm32f1xx_hal_msp.o
                0x0000000008000618                HAL_MspInit
 .text.NMI_Handler
                0x000000000800067c        0x6 ./Core/Src/stm32f1xx_it.o
                0x000000000800067c                NMI_Handler
 .text.HardFault_Handler
                0x0000000008000682        0x6 ./Core/Src/stm32f1xx_it.o
                0x0000000008000682                HardFault_Handler
 .text.MemManage_Handler
                0x0000000008000688        0x6 ./Core/Src/stm32f1xx_it.o
                0x0000000008000688                MemManage_Handler
 .text.BusFault_Handler
                0x000000000800068e        0x6 ./Core/Src/stm32f1xx_it.o
                0x000000000800068e                BusFault_Handler
 .text.UsageFault_Handler
                0x0000000008000694        0x6 ./Core/Src/stm32f1xx_it.o
                0x0000000008000694                UsageFault_Handler
 .text.SVC_Handler
                0x000000000800069a        0xc ./Core/Src/stm32f1xx_it.o
                0x000000000800069a                SVC_Handler
 .text.DebugMon_Handler
                0x00000000080006a6        0xc ./Core/Src/stm32f1xx_it.o
                0x00000000080006a6                DebugMon_Handler
 .text.PendSV_Handler
                0x00000000080006b2        0xc ./Core/Src/stm32f1xx_it.o
                0x00000000080006b2                PendSV_Handler
 .text.SysTick_Handler
                0x00000000080006be        0xc ./Core/Src/stm32f1xx_it.o
                0x00000000080006be                SysTick_Handler
 .text.SystemInit
                0x00000000080006ca        0xc ./Core/Src/system_stm32f1xx.o
                0x00000000080006ca                SystemInit
 *fill*         0x00000000080006d6        0x2 
 .text.Reset_Handler
                0x00000000080006d8       0x48 ./Core/Startup/startup_stm32f103c6tx.o
                0x00000000080006d8                Reset_Handler
 .text.Default_Handler
                0x0000000008000720        0x2 ./Core/Startup/startup_stm32f103c6tx.o
                0x0000000008000720                RTC_Alarm_IRQHandler
                0x0000000008000720                EXTI2_IRQHandler
                0x0000000008000720                TIM1_CC_IRQHandler
                0x0000000008000720                PVD_IRQHandler
                0x0000000008000720                EXTI3_IRQHandler
                0x0000000008000720                EXTI0_IRQHandler
                0x0000000008000720                ADC1_2_IRQHandler
                0x0000000008000720                SPI1_IRQHandler
                0x0000000008000720                TAMPER_IRQHandler
                0x0000000008000720                DMA1_Channel4_IRQHandler
                0x0000000008000720                RTC_IRQHandler
                0x0000000008000720                DMA1_Channel7_IRQHandler
                0x0000000008000720                CAN1_RX1_IRQHandler
                0x0000000008000720                I2C1_EV_IRQHandler
                0x0000000008000720                DMA1_Channel6_IRQHandler
                0x0000000008000720                TIM3_IRQHandler
                0x0000000008000720                RCC_IRQHandler
                0x0000000008000720                TIM1_TRG_COM_IRQHandler
                0x0000000008000720                DMA1_Channel1_IRQHandler
                0x0000000008000720                Default_Handler
                0x0000000008000720                EXTI15_10_IRQHandler
                0x0000000008000720                EXTI9_5_IRQHandler
                0x0000000008000720                DMA1_Channel5_IRQHandler
                0x0000000008000720                EXTI4_IRQHandler
                0x0000000008000720                USB_LP_CAN1_RX0_IRQHandler
                0x0000000008000720                USB_HP_CAN1_TX_IRQHandler
                0x0000000008000720                DMA1_Channel3_IRQHandler
                0x0000000008000720                TIM1_UP_IRQHandler
                0x0000000008000720                WWDG_IRQHandler
                0x0000000008000720                TIM2_IRQHandler
                0x0000000008000720                TIM1_BRK_IRQHandler
                0x0000000008000720                EXTI1_IRQHandler
                0x0000000008000720                USART2_IRQHandler
                0x0000000008000720                DMA1_Channel2_IRQHandler
                0x0000000008000720                CAN1_SCE_IRQHandler
                0x0000000008000720                FLASH_IRQHandler
                0x0000000008000720                USART1_IRQHandler
                0x0000000008000720                I2C1_ER_IRQHandler
                0x0000000008000720                USBWakeUp_IRQHandler
 *fill*         0x0000000008000722        0x2 
 .text.HAL_Init
                0x0000000008000724       0x2c ./Drivers/STM32F1xx_HAL_Driver/Src/stm32f1xx_hal.o
                0x0000000008000724                HAL_Init
 .text.HAL_InitTick
                0x0000000008000750       0x60 ./Drivers/STM32F1xx_HAL_Driver/Src/stm32f1xx_hal.o
                0x0000000008000750                HAL_InitTick
 .text.HAL_IncTick
                0x00000000080007b0       0x24 ./Drivers/STM32F1xx_HAL_Driver/Src/stm32f1xx_hal.o
                0x00000000080007b0                HAL_IncTick
 .text.HAL_GetTick
                0x00000000080007d4       0x14 ./Drivers/STM32F1xx_HAL_Driver/Src/stm32f1xx_hal.o
                0x00000000080007d4                HAL_GetTick
 .text.HAL_Delay
                0x00000000080007e8       0x48 ./Drivers/STM32F1xx_HAL_Driver/Src/stm32f1xx_hal.o
                0x00000000080007e8                HAL_Delay
 .text.__NVIC_SetPriorityGrouping
                0x0000000008000830       0x48 ./Drivers/STM32F1xx_HAL_Driver/Src/stm32f1xx_hal_cortex.o
 .text.__NVIC_GetPriorityGrouping
                0x0000000008000878       0x1c ./Drivers/STM32F1xx_HAL_Driver/Src/stm32f1xx_hal_cortex.o
 .text.__NVIC_SetPriority
                0x0000000008000894       0x54 ./Drivers/STM32F1xx_HAL_Driver/Src/stm32f1xx_hal_cortex.o
 .text.NVIC_EncodePriority
                0x00000000080008e8       0x64 ./Drivers/STM32F1xx_HAL_Driver/Src/stm32f1xx_hal_cortex.o
 .text.SysTick_Config
                0x000000000800094c       0x44 ./Drivers/STM32F1xx_HAL_Driver/Src/stm32f1xx_hal_cortex.o
 .text.HAL_NVIC_SetPriorityGrouping
                0x0000000008000990       0x16 ./Drivers/STM32F1xx_HAL_Driver/Src/stm32f1xx_hal_cortex.o
                0x0000000008000990                HAL_NVIC_SetPriorityGrouping
 .text.HAL_NVIC_SetPriority
                0x00000000080009a6       0x38 ./Drivers/STM32F1xx_HAL_Driver/Src/stm32f1xx_hal_cortex.o
                0x00000000080009a6                HAL_NVIC_SetPriority
 .text.HAL_SYSTICK_Config
                0x00000000080009de       0x18 ./Drivers/STM32F1xx_HAL_Driver/Src/stm32f1xx_hal_cortex.o
                0x00000000080009de                HAL_SYSTICK_Config
 *fill*         0x00000000080009f6        0x2 
 .text.HAL_GPIO_Init
                0x00000000080009f8      0x2f8 ./Drivers/STM32F1xx_HAL_Driver/Src/stm32f1xx_hal_gpio.o
                0x00000000080009f8                HAL_GPIO_Init
 .text.HAL_GPIO_WritePin
                0x0000000008000cf0       0x30 ./Drivers/STM32F1xx_HAL_Driver/Src/stm32f1xx_hal_gpio.o
                0x0000000008000cf0                HAL_GPIO_WritePin
 .text.HAL_RCC_OscConfig
                0x0000000008000d20      0x504 ./Drivers/STM32F1xx_HAL_Driver/Src/stm32f1xx_hal_rcc.o
                0x0000000008000d20                HAL_RCC_OscConfig
 .text.HAL_RCC_ClockConfig
                0x0000000008001224      0x1d4 ./Drivers/STM32F1xx_HAL_Driver/Src/stm32f1xx_hal_rcc.o
                0x0000000008001224                HAL_RCC_ClockConfig
 .text.HAL_RCC_GetSysClockFreq
                0x00000000080013f8       0xa8 ./Drivers/STM32F1xx_HAL_Driver/Src/stm32f1xx_hal_rcc.o
                0x00000000080013f8                HAL_RCC_GetSysClockFreq
 .text.RCC_Delay
                0x00000000080014a0       0x3c ./Drivers/STM32F1xx_HAL_Driver/Src/stm32f1xx_hal_rcc.o
 .text.__libc_init_array
                0x00000000080014dc       0x48 c:/st/stm32cubeide_1.9.0/stm32cubeide/plugins/com.st.stm32cube.ide.mcu.externaltools.gnu-tools-for-stm32.10.3-2021.10.win32_1.0.0.202111181127/tools/bin/../lib/gcc/arm-none-eabi/10.3.1/../../../../arm-none-eabi/lib/thumb/v7-m/nofp\libc_nano.a(lib_a-init.o)
                0x00000000080014dc                __libc_init_array
 .text.memset   0x0000000008001524       0x10 c:/st/stm32cubeide_1.9.0/stm32cubeide/plugins/com.st.stm32cube.ide.mcu.externaltools.gnu-tools-for-stm32.10.3-2021.10.win32_1.0.0.202111181127/tools/bin/../lib/gcc/arm-none-eabi/10.3.1/../../../../arm-none-eabi/lib/thumb/v7-m/nofp\libc_nano.a(lib_a-memset.o)
                0x0000000008001524                memset
 *(.glue_7)
 .glue_7        0x0000000008001534        0x0 linker stubs
 *(.glue_7t)
 .glue_7t       0x0000000008001534        0x0 linker stubs
 *(.eh_frame)
 .eh_frame      0x0000000008001534        0x0 c:/st/stm32cubeide_1.9.0/stm32cubeide/plugins/com.st.stm32cube.ide.mcu.externaltools.gnu-tools-for-stm32.10.3-2021.10.win32_1.0.0.202111181127/tools/bin/../lib/gcc/arm-none-eabi/10.3.1/thumb/v7-m/nofp/crtbegin.o
 *(.init)
 .init          0x0000000008001534        0x4 c:/st/stm32cubeide_1.9.0/stm32cubeide/plugins/com.st.stm32cube.ide.mcu.externaltools.gnu-tools-for-stm32.10.3-2021.10.win32_1.0.0.202111181127/tools/bin/../lib/gcc/arm-none-eabi/10.3.1/thumb/v7-m/nofp/crti.o
                0x0000000008001534                _init
 .init          0x0000000008001538        0x8 c:/st/stm32cubeide_1.9.0/stm32cubeide/plugins/com.st.stm32cube.ide.mcu.externaltools.gnu-tools-for-stm32.10.3-2021.10.win32_1.0.0.202111181127/tools/bin/../lib/gcc/arm-none-eabi/10.3.1/thumb/v7-m/nofp/crtn.o
 *(.fini)
 .fini          0x0000000008001540        0x4 c:/st/stm32cubeide_1.9.0/stm32cubeide/plugins/com.st.stm32cube.ide.mcu.externaltools.gnu-tools-for-stm32.10.3-2021.10.win32_1.0.0.202111181127/tools/bin/../lib/gcc/arm-none-eabi/10.3.1/thumb/v7-m/nofp/crti.o
                0x0000000008001540                _fini
 .fini          0x0000000008001544        0x8 c:/st/stm32cubeide_1.9.0/stm32cubeide/plugins/com.st.stm32cube.ide.mcu.externaltools.gnu-tools-for-stm32.10.3-2021.10.win32_1.0.0.202111181127/tools/bin/../lib/gcc/arm-none-eabi/10.3.1/thumb/v7-m/nofp/crtn.o
                0x000000000800154c                . = ALIGN (0x4)
                0x000000000800154c                _etext = .

.vfp11_veneer   0x000000000800154c        0x0
 .vfp11_veneer  0x000000000800154c        0x0 linker stubs

.v4_bx          0x000000000800154c        0x0
 .v4_bx         0x000000000800154c        0x0 linker stubs

.iplt           0x000000000800154c        0x0
 .iplt          0x000000000800154c        0x0 c:/st/stm32cubeide_1.9.0/stm32cubeide/plugins/com.st.stm32cube.ide.mcu.externaltools.gnu-tools-for-stm32.10.3-2021.10.win32_1.0.0.202111181127/tools/bin/../lib/gcc/arm-none-eabi/10.3.1/thumb/v7-m/nofp/crtbegin.o

.rodata         0x000000000800154c       0x24
                0x000000000800154c                . = ALIGN (0x4)
 *(.rodata)
 *(.rodata*)
 .rodata.AHBPrescTable
                0x000000000800154c       0x10 ./Core/Src/system_stm32f1xx.o
                0x000000000800154c                AHBPrescTable
 .rodata.aPLLMULFactorTable.1
                0x000000000800155c       0x10 ./Drivers/STM32F1xx_HAL_Driver/Src/stm32f1xx_hal_rcc.o
 .rodata.aPredivFactorTable.0
                0x000000000800156c        0x2 ./Drivers/STM32F1xx_HAL_Driver/Src/stm32f1xx_hal_rcc.o
                0x0000000008001570                . = ALIGN (0x4)
 *fill*         0x000000000800156e        0x2 

.rel.dyn        0x0000000008001570        0x0
 .rel.iplt      0x0000000008001570        0x0 c:/st/stm32cubeide_1.9.0/stm32cubeide/plugins/com.st.stm32cube.ide.mcu.externaltools.gnu-tools-for-stm32.10.3-2021.10.win32_1.0.0.202111181127/tools/bin/../lib/gcc/arm-none-eabi/10.3.1/thumb/v7-m/nofp/crtbegin.o

.ARM.extab      0x0000000008001570        0x0
                0x0000000008001570                . = ALIGN (0x4)
 *(.ARM.extab* .gnu.linkonce.armextab.*)
                0x0000000008001570                . = ALIGN (0x4)

.ARM            0x0000000008001570        0x0
                0x0000000008001570                . = ALIGN (0x4)
                0x0000000008001570                __exidx_start = .
 *(.ARM.exidx*)
                0x0000000008001570                __exidx_end = .
                0x0000000008001570                . = ALIGN (0x4)

.preinit_array  0x0000000008001570        0x0
                0x0000000008001570                . = ALIGN (0x4)
                0x0000000008001570                PROVIDE (__preinit_array_start = .)
 *(.preinit_array*)
                0x0000000008001570                PROVIDE (__preinit_array_end = .)
                0x0000000008001570                . = ALIGN (0x4)

.init_array     0x0000000008001570        0x4
                0x0000000008001570                . = ALIGN (0x4)
                0x0000000008001570                PROVIDE (__init_array_start = .)
 *(SORT_BY_NAME(.init_array.*))
 *(.init_array*)
 .init_array    0x0000000008001570        0x4 c:/st/stm32cubeide_1.9.0/stm32cubeide/plugins/com.st.stm32cube.ide.mcu.externaltools.gnu-tools-for-stm32.10.3-2021.10.win32_1.0.0.202111181127/tools/bin/../lib/gcc/arm-none-eabi/10.3.1/thumb/v7-m/nofp/crtbegin.o
                0x0000000008001574                PROVIDE (__init_array_end = .)
                0x0000000008001574                . = ALIGN (0x4)

.fini_array     0x0000000008001574        0x4
                0x0000000008001574                . = ALIGN (0x4)
                [!provide]                        PROVIDE (__fini_array_start = .)
 *(SORT_BY_NAME(.fini_array.*))
 *(.fini_array*)
 .fini_array    0x0000000008001574        0x4 c:/st/stm32cubeide_1.9.0/stm32cubeide/plugins/com.st.stm32cube.ide.mcu.externaltools.gnu-tools-for-stm32.10.3-2021.10.win32_1.0.0.202111181127/tools/bin/../lib/gcc/arm-none-eabi/10.3.1/thumb/v7-m/nofp/crtbegin.o
                [!provide]                        PROVIDE (__fini_array_end = .)
                0x0000000008001578                . = ALIGN (0x4)
                0x0000000008001578                _sidata = LOADADDR (.data)

.data           0x0000000020000000       0x18 load address 0x0000000008001578
                0x0000000020000000                . = ALIGN (0x4)
                0x0000000020000000                _sdata = .
 *(.data)
 *(.data*)
 .data.n_hour   0x0000000020000000        0x4 ./Core/Src/main.o
                0x0000000020000000                n_hour
 .data.c_sec    0x0000000020000004        0x4 ./Core/Src/main.o
                0x0000000020000004                c_sec
 .data.c_blink_min
                0x0000000020000008        0x4 ./Core/Src/main.o
                0x0000000020000008                c_blink_min
 .data.SystemCoreClock
                0x000000002000000c        0x4 ./Core/Src/system_stm32f1xx.o
                0x000000002000000c                SystemCoreClock
 .data.uwTickPrio
                0x0000000020000010        0x4 ./Drivers/STM32F1xx_HAL_Driver/Src/stm32f1xx_hal.o
                0x0000000020000010                uwTickPrio
 .data.uwTickFreq
                0x0000000020000014        0x1 ./Drivers/STM32F1xx_HAL_Driver/Src/stm32f1xx_hal.o
                0x0000000020000014                uwTickFreq
 *(.RamFunc)
 *(.RamFunc*)
                0x0000000020000018                . = ALIGN (0x4)
 *fill*         0x0000000020000015        0x3 
                0x0000000020000018                _edata = .

.igot.plt       0x0000000020000018        0x0 load address 0x0000000008001590
 .igot.plt      0x0000000020000018        0x0 c:/st/stm32cubeide_1.9.0/stm32cubeide/plugins/com.st.stm32cube.ide.mcu.externaltools.gnu-tools-for-stm32.10.3-2021.10.win32_1.0.0.202111181127/tools/bin/../lib/gcc/arm-none-eabi/10.3.1/thumb/v7-m/nofp/crtbegin.o
                0x0000000020000018                . = ALIGN (0x4)

.bss            0x0000000020000018       0x2c load address 0x0000000008001590
                0x0000000020000018                _sbss = .
                0x0000000020000018                __bss_start__ = _sbss
 *(.bss)
 .bss           0x0000000020000018       0x1c c:/st/stm32cubeide_1.9.0/stm32cubeide/plugins/com.st.stm32cube.ide.mcu.externaltools.gnu-tools-for-stm32.10.3-2021.10.win32_1.0.0.202111181127/tools/bin/../lib/gcc/arm-none-eabi/10.3.1/thumb/v7-m/nofp/crtbegin.o
 *(.bss*)
 .bss.n_sec     0x0000000020000034        0x4 ./Core/Src/main.o
                0x0000000020000034                n_sec
 .bss.n_min     0x0000000020000038        0x4 ./Core/Src/main.o
                0x0000000020000038                n_min
 .bss.sw_min    0x000000002000003c        0x4 ./Core/Src/main.o
                0x000000002000003c                sw_min
 .bss.uwTick    0x0000000020000040        0x4 ./Drivers/STM32F1xx_HAL_Driver/Src/stm32f1xx_hal.o
                0x0000000020000040                uwTick
 *(COMMON)
                0x0000000020000044                . = ALIGN (0x4)
                0x0000000020000044                _ebss = .
                0x0000000020000044                __bss_end__ = _ebss

._user_heap_stack
                0x0000000020000044      0x604 load address 0x0000000008001590
                0x0000000020000048                . = ALIGN (0x8)
 *fill*         0x0000000020000044        0x4 
                [!provide]                        PROVIDE (end = .)
                0x0000000020000048                PROVIDE (_end = .)
                0x0000000020000248                . = (. + _Min_Heap_Size)
 *fill*         0x0000000020000048      0x200 
                0x0000000020000648                . = (. + _Min_Stack_Size)
 *fill*         0x0000000020000248      0x400 
                0x0000000020000648                . = ALIGN (0x8)

/DISCARD/
 libc.a(*)
 libm.a(*)
 libgcc.a(*)

.ARM.attributes
                0x0000000000000000       0x29
 *(.ARM.attributes)
 .ARM.attributes
                0x0000000000000000       0x1d c:/st/stm32cubeide_1.9.0/stm32cubeide/plugins/com.st.stm32cube.ide.mcu.externaltools.gnu-tools-for-stm32.10.3-2021.10.win32_1.0.0.202111181127/tools/bin/../lib/gcc/arm-none-eabi/10.3.1/thumb/v7-m/nofp/crti.o
 .ARM.attributes
                0x000000000000001d       0x2d c:/st/stm32cubeide_1.9.0/stm32cubeide/plugins/com.st.stm32cube.ide.mcu.externaltools.gnu-tools-for-stm32.10.3-2021.10.win32_1.0.0.202111181127/tools/bin/../lib/gcc/arm-none-eabi/10.3.1/thumb/v7-m/nofp/crtbegin.o
 .ARM.attributes
                0x000000000000004a       0x2d ./Core/Src/main.o
 .ARM.attributes
                0x0000000000000077       0x2d ./Core/Src/stm32f1xx_hal_msp.o
 .ARM.attributes
                0x00000000000000a4       0x2d ./Core/Src/stm32f1xx_it.o
 .ARM.attributes
                0x00000000000000d1       0x2d ./Core/Src/system_stm32f1xx.o
 .ARM.attributes
                0x00000000000000fe       0x21 ./Core/Startup/startup_stm32f103c6tx.o
 .ARM.attributes
                0x000000000000011f       0x2d ./Drivers/STM32F1xx_HAL_Driver/Src/stm32f1xx_hal.o
 .ARM.attributes
                0x000000000000014c       0x2d ./Drivers/STM32F1xx_HAL_Driver/Src/stm32f1xx_hal_cortex.o
 .ARM.attributes
                0x0000000000000179       0x2d ./Drivers/STM32F1xx_HAL_Driver/Src/stm32f1xx_hal_gpio.o
 .ARM.attributes
                0x00000000000001a6       0x2d ./Drivers/STM32F1xx_HAL_Driver/Src/stm32f1xx_hal_rcc.o
 .ARM.attributes
                0x00000000000001d3       0x2d c:/st/stm32cubeide_1.9.0/stm32cubeide/plugins/com.st.stm32cube.ide.mcu.externaltools.gnu-tools-for-stm32.10.3-2021.10.win32_1.0.0.202111181127/tools/bin/../lib/gcc/arm-none-eabi/10.3.1/../../../../arm-none-eabi/lib/thumb/v7-m/nofp\libc_nano.a(lib_a-init.o)
 .ARM.attributes
                0x0000000000000200       0x2d c:/st/stm32cubeide_1.9.0/stm32cubeide/plugins/com.st.stm32cube.ide.mcu.externaltools.gnu-tools-for-stm32.10.3-2021.10.win32_1.0.0.202111181127/tools/bin/../lib/gcc/arm-none-eabi/10.3.1/../../../../arm-none-eabi/lib/thumb/v7-m/nofp\libc_nano.a(lib_a-memset.o)
 .ARM.attributes
                0x000000000000022d       0x1d c:/st/stm32cubeide_1.9.0/stm32cubeide/plugins/com.st.stm32cube.ide.mcu.externaltools.gnu-tools-for-stm32.10.3-2021.10.win32_1.0.0.202111181127/tools/bin/../lib/gcc/arm-none-eabi/10.3.1/thumb/v7-m/nofp/crtn.o
OUTPUT(AnalogClock.elf elf32-littlearm)
LOAD linker stubs
LOAD c:/st/stm32cubeide_1.9.0/stm32cubeide/plugins/com.st.stm32cube.ide.mcu.externaltools.gnu-tools-for-stm32.10.3-2021.10.win32_1.0.0.202111181127/tools/bin/../lib/gcc/arm-none-eabi/10.3.1/../../../../arm-none-eabi/lib/thumb/v7-m/nofp\libc.a
LOAD c:/st/stm32cubeide_1.9.0/stm32cubeide/plugins/com.st.stm32cube.ide.mcu.externaltools.gnu-tools-for-stm32.10.3-2021.10.win32_1.0.0.202111181127/tools/bin/../lib/gcc/arm-none-eabi/10.3.1/../../../../arm-none-eabi/lib/thumb/v7-m/nofp\libm.a
LOAD c:/st/stm32cubeide_1.9.0/stm32cubeide/plugins/com.st.stm32cube.ide.mcu.externaltools.gnu-tools-for-stm32.10.3-2021.10.win32_1.0.0.202111181127/tools/bin/../lib/gcc/arm-none-eabi/10.3.1/thumb/v7-m/nofp\libgcc.a

.debug_info     0x0000000000000000     0x2bca
 .debug_info    0x0000000000000000      0x5a7 ./Core/Src/main.o
 .debug_info    0x00000000000005a7      0x210 ./Core/Src/stm32f1xx_hal_msp.o
 .debug_info    0x00000000000007b7      0x122 ./Core/Src/stm32f1xx_it.o
 .debug_info    0x00000000000008d9      0x23d ./Core/Src/system_stm32f1xx.o
 .debug_info    0x0000000000000b16       0x22 ./Core/Startup/startup_stm32f103c6tx.o
 .debug_info    0x0000000000000b38      0x716 ./Drivers/STM32F1xx_HAL_Driver/Src/stm32f1xx_hal.o
 .debug_info    0x000000000000124e      0xb02 ./Drivers/STM32F1xx_HAL_Driver/Src/stm32f1xx_hal_cortex.o
 .debug_info    0x0000000000001d50      0x615 ./Drivers/STM32F1xx_HAL_Driver/Src/stm32f1xx_hal_gpio.o
 .debug_info    0x0000000000002365      0x865 ./Drivers/STM32F1xx_HAL_Driver/Src/stm32f1xx_hal_rcc.o

.debug_abbrev   0x0000000000000000      0xe29
 .debug_abbrev  0x0000000000000000      0x249 ./Core/Src/main.o
 .debug_abbrev  0x0000000000000249       0xd4 ./Core/Src/stm32f1xx_hal_msp.o
 .debug_abbrev  0x000000000000031d       0x74 ./Core/Src/stm32f1xx_it.o
 .debug_abbrev  0x0000000000000391      0x13b ./Core/Src/system_stm32f1xx.o
 .debug_abbrev  0x00000000000004cc       0x12 ./Core/Startup/startup_stm32f103c6tx.o
 .debug_abbrev  0x00000000000004de      0x1fb ./Drivers/STM32F1xx_HAL_Driver/Src/stm32f1xx_hal.o
 .debug_abbrev  0x00000000000006d9      0x2ed ./Drivers/STM32F1xx_HAL_Driver/Src/stm32f1xx_hal_cortex.o
 .debug_abbrev  0x00000000000009c6      0x1bb ./Drivers/STM32F1xx_HAL_Driver/Src/stm32f1xx_hal_gpio.o
 .debug_abbrev  0x0000000000000b81      0x2a8 ./Drivers/STM32F1xx_HAL_Driver/Src/stm32f1xx_hal_rcc.o

.debug_aranges  0x0000000000000000      0x3e8
 .debug_aranges
                0x0000000000000000       0x50 ./Core/Src/main.o
 .debug_aranges
                0x0000000000000050       0x20 ./Core/Src/stm32f1xx_hal_msp.o
 .debug_aranges
                0x0000000000000070       0x60 ./Core/Src/stm32f1xx_it.o
 .debug_aranges
                0x00000000000000d0       0x28 ./Core/Src/system_stm32f1xx.o
 .debug_aranges
                0x00000000000000f8       0x28 ./Core/Startup/startup_stm32f103c6tx.o
 .debug_aranges
                0x0000000000000120       0xe0 ./Drivers/STM32F1xx_HAL_Driver/Src/stm32f1xx_hal.o
 .debug_aranges
                0x0000000000000200      0x100 ./Drivers/STM32F1xx_HAL_Driver/Src/stm32f1xx_hal_cortex.o
 .debug_aranges
                0x0000000000000300       0x58 ./Drivers/STM32F1xx_HAL_Driver/Src/stm32f1xx_hal_gpio.o
 .debug_aranges
                0x0000000000000358       0x90 ./Drivers/STM32F1xx_HAL_Driver/Src/stm32f1xx_hal_rcc.o

.debug_ranges   0x0000000000000000      0x360
 .debug_ranges  0x0000000000000000       0x40 ./Core/Src/main.o
 .debug_ranges  0x0000000000000040       0x10 ./Core/Src/stm32f1xx_hal_msp.o
 .debug_ranges  0x0000000000000050       0x50 ./Core/Src/stm32f1xx_it.o
 .debug_ranges  0x00000000000000a0       0x18 ./Core/Src/system_stm32f1xx.o
 .debug_ranges  0x00000000000000b8       0x20 ./Core/Startup/startup_stm32f103c6tx.o
 .debug_ranges  0x00000000000000d8       0xd0 ./Drivers/STM32F1xx_HAL_Driver/Src/stm32f1xx_hal.o
 .debug_ranges  0x00000000000001a8       0xf0 ./Drivers/STM32F1xx_HAL_Driver/Src/stm32f1xx_hal_cortex.o
 .debug_ranges  0x0000000000000298       0x48 ./Drivers/STM32F1xx_HAL_Driver/Src/stm32f1xx_hal_gpio.o
 .debug_ranges  0x00000000000002e0       0x80 ./Drivers/STM32F1xx_HAL_Driver/Src/stm32f1xx_hal_rcc.o

.debug_macro    0x0000000000000000    0x15581
 .debug_macro   0x0000000000000000      0x191 ./Core/Src/main.o
 .debug_macro   0x0000000000000191      0xa6c ./Core/Src/main.o
 .debug_macro   0x0000000000000bfd      0x20f ./Core/Src/main.o
 .debug_macro   0x0000000000000e0c       0x2e ./Core/Src/main.o
 .debug_macro   0x0000000000000e3a       0x22 ./Core/Src/main.o
 .debug_macro   0x0000000000000e5c       0x22 ./Core/Src/main.o
 .debug_macro   0x0000000000000e7e       0x8e ./Core/Src/main.o
 .debug_macro   0x0000000000000f0c       0x51 ./Core/Src/main.o
 .debug_macro   0x0000000000000f5d      0x103 ./Core/Src/main.o
 .debug_macro   0x0000000000001060       0x6a ./Core/Src/main.o
 .debug_macro   0x00000000000010ca      0x1df ./Core/Src/main.o
 .debug_macro   0x00000000000012a9       0x1c ./Core/Src/main.o
 .debug_macro   0x00000000000012c5       0x22 ./Core/Src/main.o
 .debug_macro   0x00000000000012e7       0xbd ./Core/Src/main.o
 .debug_macro   0x00000000000013a4      0xd23 ./Core/Src/main.o
 .debug_macro   0x00000000000020c7     0xde75 ./Core/Src/main.o
 .debug_macro   0x000000000000ff3c       0x6d ./Core/Src/main.o
 .debug_macro   0x000000000000ffa9     0x348d ./Core/Src/main.o
 .debug_macro   0x0000000000013436      0x174 ./Core/Src/main.o
 .debug_macro   0x00000000000135aa       0x5c ./Core/Src/main.o
 .debug_macro   0x0000000000013606      0x5bc ./Core/Src/main.o
 .debug_macro   0x0000000000013bc2      0x1b7 ./Core/Src/main.o
 .debug_macro   0x0000000000013d79      0x1cb ./Core/Src/main.o
 .debug_macro   0x0000000000013f44      0x114 ./Core/Src/main.o
 .debug_macro   0x0000000000014058      0x1b2 ./Core/Src/main.o
 .debug_macro   0x000000000001420a       0x27 ./Core/Src/main.o
 .debug_macro   0x0000000000014231      0x12f ./Core/Src/main.o
 .debug_macro   0x0000000000014360      0x1bc ./Core/Src/main.o
 .debug_macro   0x000000000001451c       0x34 ./Core/Src/main.o
 .debug_macro   0x0000000000014550       0x3c ./Core/Src/main.o
 .debug_macro   0x000000000001458c       0x57 ./Core/Src/main.o
 .debug_macro   0x00000000000145e3       0x87 ./Core/Src/main.o
 .debug_macro   0x000000000001466a      0x183 ./Core/Src/main.o
 .debug_macro   0x00000000000147ed      0x140 ./Core/Src/main.o
 .debug_macro   0x000000000001492d       0x69 ./Core/Src/main.o
 .debug_macro   0x0000000000014996       0x94 ./Core/Src/main.o
 .debug_macro   0x0000000000014a2a      0x191 ./Core/Src/stm32f1xx_hal_msp.o
 .debug_macro   0x0000000000014bbb      0x19b ./Core/Src/stm32f1xx_it.o
 .debug_macro   0x0000000000014d56      0x182 ./Core/Src/system_stm32f1xx.o
 .debug_macro   0x0000000000014ed8      0x1a6 ./Drivers/STM32F1xx_HAL_Driver/Src/stm32f1xx_hal.o
 .debug_macro   0x000000000001507e      0x182 ./Drivers/STM32F1xx_HAL_Driver/Src/stm32f1xx_hal_cortex.o
 .debug_macro   0x0000000000015200      0x1ed ./Drivers/STM32F1xx_HAL_Driver/Src/stm32f1xx_hal_gpio.o
 .debug_macro   0x00000000000153ed      0x194 ./Drivers/STM32F1xx_HAL_Driver/Src/stm32f1xx_hal_rcc.o

.debug_line     0x0000000000000000     0x459c
 .debug_line    0x0000000000000000      0x7af ./Core/Src/main.o
 .debug_line    0x00000000000007af      0x625 ./Core/Src/stm32f1xx_hal_msp.o
 .debug_line    0x0000000000000dd4      0x6e7 ./Core/Src/stm32f1xx_it.o
 .debug_line    0x00000000000014bb      0x6a3 ./Core/Src/system_stm32f1xx.o
 .debug_line    0x0000000000001b5e       0x86 ./Core/Startup/startup_stm32f103c6tx.o
 .debug_line    0x0000000000001be4      0x8d0 ./Drivers/STM32F1xx_HAL_Driver/Src/stm32f1xx_hal.o
 .debug_line    0x00000000000024b4      0xab8 ./Drivers/STM32F1xx_HAL_Driver/Src/stm32f1xx_hal_cortex.o
 .debug_line    0x0000000000002f6c      0x954 ./Drivers/STM32F1xx_HAL_Driver/Src/stm32f1xx_hal_gpio.o
 .debug_line    0x00000000000038c0      0xcdc ./Drivers/STM32F1xx_HAL_Driver/Src/stm32f1xx_hal_rcc.o

.debug_str      0x0000000000000000    0x798a6
 .debug_str     0x0000000000000000    0x7891e ./Core/Src/main.o
                                      0x78c4a (size before relaxing)
 .debug_str     0x000000000007891e       0x5a ./Core/Src/stm32f1xx_hal_msp.o
                                      0x789cb (size before relaxing)
 .debug_str     0x0000000000078978       0xc9 ./Core/Src/stm32f1xx_it.o
                                      0x789e0 (size before relaxing)
 .debug_str     0x0000000000078a41       0x88 ./Core/Src/system_stm32f1xx.o
                                      0x787fe (size before relaxing)
 .debug_str     0x0000000000078ac9       0x36 ./Core/Startup/startup_stm32f103c6tx.o
                                         0x69 (size before relaxing)
 .debug_str     0x0000000000078aff      0x5cd ./Drivers/STM32F1xx_HAL_Driver/Src/stm32f1xx_hal.o
                                      0x78ef7 (size before relaxing)
 .debug_str     0x00000000000790cc      0x2bb ./Drivers/STM32F1xx_HAL_Driver/Src/stm32f1xx_hal_cortex.o
                                      0x78e43 (size before relaxing)
 .debug_str     0x0000000000079387      0x2f6 ./Drivers/STM32F1xx_HAL_Driver/Src/stm32f1xx_hal_gpio.o
                                      0x78b84 (size before relaxing)
 .debug_str     0x000000000007967d      0x229 ./Drivers/STM32F1xx_HAL_Driver/Src/stm32f1xx_hal_rcc.o
                                      0x78c2d (size before relaxing)

.comment        0x0000000000000000       0x50
 .comment       0x0000000000000000       0x50 ./Core/Src/main.o
                                         0x51 (size before relaxing)
 .comment       0x0000000000000050       0x51 ./Core/Src/stm32f1xx_hal_msp.o
 .comment       0x0000000000000050       0x51 ./Core/Src/stm32f1xx_it.o
 .comment       0x0000000000000050       0x51 ./Core/Src/system_stm32f1xx.o
 .comment       0x0000000000000050       0x51 ./Drivers/STM32F1xx_HAL_Driver/Src/stm32f1xx_hal.o
 .comment       0x0000000000000050       0x51 ./Drivers/STM32F1xx_HAL_Driver/Src/stm32f1xx_hal_cortex.o
 .comment       0x0000000000000050       0x51 ./Drivers/STM32F1xx_HAL_Driver/Src/stm32f1xx_hal_gpio.o
 .comment       0x0000000000000050       0x51 ./Drivers/STM32F1xx_HAL_Driver/Src/stm32f1xx_hal_rcc.o

.debug_frame    0x0000000000000000      0xd90
 .debug_frame   0x0000000000000000       0xf0 ./Core/Src/main.o
 .debug_frame   0x00000000000000f0       0x38 ./Core/Src/stm32f1xx_hal_msp.o
 .debug_frame   0x0000000000000128      0x104 ./Core/Src/stm32f1xx_it.o
 .debug_frame   0x000000000000022c       0x58 ./Core/Src/system_stm32f1xx.o
 .debug_frame   0x0000000000000284      0x334 ./Drivers/STM32F1xx_HAL_Driver/Src/stm32f1xx_hal.o
 .debug_frame   0x00000000000005b8      0x428 ./Drivers/STM32F1xx_HAL_Driver/Src/stm32f1xx_hal_cortex.o
 .debug_frame   0x00000000000009e0      0x14c ./Drivers/STM32F1xx_HAL_Driver/Src/stm32f1xx_hal_gpio.o
 .debug_frame   0x0000000000000b2c      0x218 ./Drivers/STM32F1xx_HAL_Driver/Src/stm32f1xx_hal_rcc.o
 .debug_frame   0x0000000000000d44       0x2c c:/st/stm32cubeide_1.9.0/stm32cubeide/plugins/com.st.stm32cube.ide.mcu.externaltools.gnu-tools-for-stm32.10.3-2021.10.win32_1.0.0.202111181127/tools/bin/../lib/gcc/arm-none-eabi/10.3.1/../../../../arm-none-eabi/lib/thumb/v7-m/nofp\libc_nano.a(lib_a-init.o)
 .debug_frame   0x0000000000000d70       0x20 c:/st/stm32cubeide_1.9.0/stm32cubeide/plugins/com.st.stm32cube.ide.mcu.externaltools.gnu-tools-for-stm32.10.3-2021.10.win32_1.0.0.202111181127/tools/bin/../lib/gcc/arm-none-eabi/10.3.1/../../../../arm-none-eabi/lib/thumb/v7-m/nofp\libc_nano.a(lib_a-memset.o)
