Archive member included to satisfy reference by file (symbol)

c:/st/stm32cubeide_1.9.0/stm32cubeide/plugins/com.st.stm32cube.ide.mcu.externaltools.gnu-tools-for-stm32.10.3-2021.10.win32_1.0.0.202111181127/tools/bin/../lib/gcc/arm-none-eabi/10.3.1/../../../../arm-none-eabi/lib/thumb/v7-m/nofp\libc_nano.a(lib_a-errno.o)
                              ./Core/Src/syscalls.o (__errno)
c:/st/stm32cubeide_1.9.0/stm32cubeide/plugins/com.st.stm32cube.ide.mcu.externaltools.gnu-tools-for-stm32.10.3-2021.10.win32_1.0.0.202111181127/tools/bin/../lib/gcc/arm-none-eabi/10.3.1/../../../../arm-none-eabi/lib/thumb/v7-m/nofp\libc_nano.a(lib_a-exit.o)
                              c:/st/stm32cubeide_1.9.0/stm32cubeide/plugins/com.st.stm32cube.ide.mcu.externaltools.gnu-tools-for-stm32.10.3-2021.10.win32_1.0.0.202111181127/tools/bin/../lib/gcc/arm-none-eabi/10.3.1/../../../../arm-none-eabi/lib/thumb/v7-m/nofp/crt0.o (exit)
c:/st/stm32cubeide_1.9.0/stm32cubeide/plugins/com.st.stm32cube.ide.mcu.externaltools.gnu-tools-for-stm32.10.3-2021.10.win32_1.0.0.202111181127/tools/bin/../lib/gcc/arm-none-eabi/10.3.1/../../../../arm-none-eabi/lib/thumb/v7-m/nofp\libc_nano.a(lib_a-impure.o)
                              c:/st/stm32cubeide_1.9.0/stm32cubeide/plugins/com.st.stm32cube.ide.mcu.externaltools.gnu-tools-for-stm32.10.3-2021.10.win32_1.0.0.202111181127/tools/bin/../lib/gcc/arm-none-eabi/10.3.1/../../../../arm-none-eabi/lib/thumb/v7-m/nofp\libc_nano.a(lib_a-exit.o) (_global_impure_ptr)
c:/st/stm32cubeide_1.9.0/stm32cubeide/plugins/com.st.stm32cube.ide.mcu.externaltools.gnu-tools-for-stm32.10.3-2021.10.win32_1.0.0.202111181127/tools/bin/../lib/gcc/arm-none-eabi/10.3.1/../../../../arm-none-eabi/lib/thumb/v7-m/nofp\libc_nano.a(lib_a-init.o)
                              c:/st/stm32cubeide_1.9.0/stm32cubeide/plugins/com.st.stm32cube.ide.mcu.externaltools.gnu-tools-for-stm32.10.3-2021.10.win32_1.0.0.202111181127/tools/bin/../lib/gcc/arm-none-eabi/10.3.1/../../../../arm-none-eabi/lib/thumb/v7-m/nofp/crt0.o (__libc_init_array)
c:/st/stm32cubeide_1.9.0/stm32cubeide/plugins/com.st.stm32cube.ide.mcu.externaltools.gnu-tools-for-stm32.10.3-2021.10.win32_1.0.0.202111181127/tools/bin/../lib/gcc/arm-none-eabi/10.3.1/../../../../arm-none-eabi/lib/thumb/v7-m/nofp\libc_nano.a(lib_a-memset.o)
                              c:/st/stm32cubeide_1.9.0/stm32cubeide/plugins/com.st.stm32cube.ide.mcu.externaltools.gnu-tools-for-stm32.10.3-2021.10.win32_1.0.0.202111181127/tools/bin/../lib/gcc/arm-none-eabi/10.3.1/../../../../arm-none-eabi/lib/thumb/v7-m/nofp/crt0.o (memset)

Discarded input sections

 .text          0x0000000000000000        0x0 c:/st/stm32cubeide_1.9.0/stm32cubeide/plugins/com.st.stm32cube.ide.mcu.externaltools.gnu-tools-for-stm32.10.3-2021.10.win32_1.0.0.202111181127/tools/bin/../lib/gcc/arm-none-eabi/10.3.1/thumb/v7-m/nofp/crti.o
 .data          0x0000000000000000        0x0 c:/st/stm32cubeide_1.9.0/stm32cubeide/plugins/com.st.stm32cube.ide.mcu.externaltools.gnu-tools-for-stm32.10.3-2021.10.win32_1.0.0.202111181127/tools/bin/../lib/gcc/arm-none-eabi/10.3.1/thumb/v7-m/nofp/crti.o
 .bss           0x0000000000000000        0x0 c:/st/stm32cubeide_1.9.0/stm32cubeide/plugins/com.st.stm32cube.ide.mcu.externaltools.gnu-tools-for-stm32.10.3-2021.10.win32_1.0.0.202111181127/tools/bin/../lib/gcc/arm-none-eabi/10.3.1/thumb/v7-m/nofp/crti.o
 .data          0x0000000000000000        0x4 c:/st/stm32cubeide_1.9.0/stm32cubeide/plugins/com.st.stm32cube.ide.mcu.externaltools.gnu-tools-for-stm32.10.3-2021.10.win32_1.0.0.202111181127/tools/bin/../lib/gcc/arm-none-eabi/10.3.1/thumb/v7-m/nofp/crtbegin.o
 .rodata        0x0000000000000000       0x24 c:/st/stm32cubeide_1.9.0/stm32cubeide/plugins/com.st.stm32cube.ide.mcu.externaltools.gnu-tools-for-stm32.10.3-2021.10.win32_1.0.0.202111181127/tools/bin/../lib/gcc/arm-none-eabi/10.3.1/thumb/v7-m/nofp/crtbegin.o
 .text          0x0000000000000000       0x7c c:/st/stm32cubeide_1.9.0/stm32cubeide/plugins/com.st.stm32cube.ide.mcu.externaltools.gnu-tools-for-stm32.10.3-2021.10.win32_1.0.0.202111181127/tools/bin/../lib/gcc/arm-none-eabi/10.3.1/../../../../arm-none-eabi/lib/thumb/v7-m/nofp/crt0.o
 .data          0x0000000000000000        0x0 c:/st/stm32cubeide_1.9.0/stm32cubeide/plugins/com.st.stm32cube.ide.mcu.externaltools.gnu-tools-for-stm32.10.3-2021.10.win32_1.0.0.202111181127/tools/bin/../lib/gcc/arm-none-eabi/10.3.1/../../../../arm-none-eabi/lib/thumb/v7-m/nofp/crt0.o
 .bss           0x0000000000000000        0x0 c:/st/stm32cubeide_1.9.0/stm32cubeide/plugins/com.st.stm32cube.ide.mcu.externaltools.gnu-tools-for-stm32.10.3-2021.10.win32_1.0.0.202111181127/tools/bin/../lib/gcc/arm-none-eabi/10.3.1/../../../../arm-none-eabi/lib/thumb/v7-m/nofp/crt0.o
[...]
Memory Configuration

Name             Origin             Length             Attributes
RAM              0x0000000020000000 0x0000000000002800 xrw
FLASH            0x0000000008000000 0x0000000000008000 xr
*default*        0x0000000000000000 0xffffffffffffffff

Linker script and memory map

LOAD c:/st/stm32cubeide_1.9.0/stm32cubeide/plugins/com.st.stm32cube.ide.mcu.externaltools.gnu-tools-for-stm32.10.3-2021.10.win32_1.0.0.202111181127/tools/bin/../lib/gcc/arm-none-eabi/10.3.1/thumb/v7-m/nofp/crti.o
LOAD c:/st/stm32cubeide_1.9.0/stm32cubeide/plugins/com.st.stm32cube.ide.mcu.externaltools.gnu-tools-for-stm32.10.3-2021.10.win32_1.0.0.202111181127/tools/bin/../lib/gcc/arm-none-eabi/10.3.1/thumb/v7-m/nofp/crtbegin.o
LOAD c:/st/stm32cubeide_1.9.0/stm32cubeide/plugins/com.st.stm32cube.ide.mcu.externaltools.gnu-tools-for-stm32.10.3-2021.10.win32_1.0.0.202111181127/tools/bin/../lib/gcc/arm-none-eabi/10.3.1/../../../../arm-none-eabi/lib/thumb/v7-m/nofp/crt0.o
LOAD ./Core/Src/Ied_display.o
LOAD ./Core/Src/global.o
LOAD ./Core/Src/input_processing.o
LOAD ./Core/Src/input_reading.o
LOAD ./Core/Src/main.o
LOAD ./Core/Src/stm32f1xx_hal_msp.o
LOAD ./Core/Src/stm32f1xx_it.o
LOAD ./Core/Src/syscalls.o
LOAD ./Core/Src/sysmem.o
LOAD ./Core/Src/system_stm32f1xx.o
LOAD ./Core/Src/timer.o
LOAD ./Core/Startup/startup_stm32f103c6tx.o
LOAD ./Drivers/STM32F1xx_HAL_Driver/Src/stm32f1xx_hal.o
LOAD ./Drivers/STM32F1xx_HAL_Driver/Src/stm32f1xx_hal_cortex.o
LOAD ./Drivers/STM32F1xx_HAL_Driver/Src/stm32f1xx_hal_dma.o
LOAD ./Drivers/STM32F1xx_HAL_Driver/Src/stm32f1xx_hal_exti.o
LOAD ./Drivers/STM32F1xx_HAL_Driver/Src/stm32f1xx_hal_flash.o
LOAD ./Drivers/STM32F1xx_HAL_Driver/Src/stm32f1xx_hal_flash_ex.o
LOAD ./Drivers/STM32F1xx_HAL_Driver/Src/stm32f1xx_hal_gpio.o
LOAD ./Drivers/STM32F1xx_HAL_Driver/Src/stm32f1xx_hal_gpio_ex.o
LOAD ./Drivers/STM32F1xx_HAL_Driver/Src/stm32f1xx_hal_pwr.o
LOAD ./Drivers/STM32F1xx_HAL_Driver/Src/stm32f1xx_hal_rcc.o
LOAD ./Drivers/STM32F1xx_HAL_Driver/Src/stm32f1xx_hal_rcc_ex.o
LOAD ./Drivers/STM32F1xx_HAL_Driver/Src/stm32f1xx_hal_tim.o
LOAD ./Drivers/STM32F1xx_HAL_Driver/Src/stm32f1xx_hal_tim_ex.o
START GROUP
LOAD c:/st/stm32cubeide_1.9.0/stm32cubeide/plugins/com.st.stm32cube.ide.mcu.externaltools.gnu-tools-for-stm32.10.3-2021.10.win32_1.0.0.202111181127/tools/bin/../lib/gcc/arm-none-eabi/10.3.1/../../../../arm-none-eabi/lib/thumb/v7-m/nofp\libc_nano.a
LOAD c:/st/stm32cubeide_1.9.0/stm32cubeide/plugins/com.st.stm32cube.ide.mcu.externaltools.gnu-tools-for-stm32.10.3-2021.10.win32_1.0.0.202111181127/tools/bin/../lib/gcc/arm-none-eabi/10.3.1/../../../../arm-none-eabi/lib/thumb/v7-m/nofp\libm.a
END GROUP
START GROUP
LOAD c:/st/stm32cubeide_1.9.0/stm32cubeide/plugins/com.st.stm32cube.ide.mcu.externaltools.gnu-tools-for-stm32.10.3-2021.10.win32_1.0.0.202111181127/tools/bin/../lib/gcc/arm-none-eabi/10.3.1/thumb/v7-m/nofp\libgcc.a
LOAD c:/st/stm32cubeide_1.9.0/stm32cubeide/plugins/com.st.stm32cube.ide.mcu.externaltools.gnu-tools-for-stm32.10.3-2021.10.win32_1.0.0.202111181127/tools/bin/../lib/gcc/arm-none-eabi/10.3.1/../../../../arm-none-eabi/lib/thumb/v7-m/nofp\libc_nano.a
END GROUP
START GROUP
LOAD c:/st/stm32cubeide_1.9.0/stm32cubeide/plugins/com.st.stm32cube.ide.mcu.externaltools.gnu-tools-for-stm32.10.3-2021.10.win32_1.0.0.202111181127/tools/bin/../lib/gcc/arm-none-eabi/10.3.1/thumb/v7-m/nofp\libgcc.a
LOAD c:/st/stm32cubeide_1.9.0/stm32cubeide/plugins/com.st.stm32cube.ide.mcu.externaltools.gnu-tools-for-stm32.10.3-2021.10.win32_1.0.0.202111181127/tools/bin/../lib/gcc/arm-none-eabi/10.3.1/../../../../arm-none-eabi/lib/thumb/v7-m/nofp\libc_nano.a
LOAD c:/st/stm32cubeide_1.9.0/stm32cubeide/plugins/com.st.stm32cube.ide.mcu.externaltools.gnu-tools-for-stm32.10.3-2021.10.win32_1.0.0.202111181127/tools/bin/../lib/gcc/arm-none-eabi/10.3.1/../../../../arm-none-eabi/lib/thumb/v7-m/nofp\libnosys.a
END GROUP
START GROUP
LOAD c:/st/stm32cubeide_1.9.0/stm32cubeide/plugins/com.st.stm32cube.ide.mcu.externaltools.gnu-tools-for-stm32.10.3-2021.10.win32_1.0.0.202111181127/tools/bin/../lib/gcc/arm-none-eabi/10.3.1/thumb/v7-m/nofp\libgcc.a
LOAD c:/st/stm32cubeide_1.9.0/stm32cubeide/plugins/com.st.stm32cube.ide.mcu.externaltools.gnu-tools-for-stm32.10.3-2021.10.win32_1.0.0.202111181127/tools/bin/../lib/gcc/arm-none-eabi/10.3.1/../../../../arm-none-eabi/lib/thumb/v7-m/nofp\libc_nano.a
LOAD c:/st/stm32cubeide_1.9.0/stm32cubeide/plugins/com.st.stm32cube.ide.mcu.externaltools.gnu-tools-for-stm32.10.3-2021.10.win32_1.0.0.202111181127/tools/bin/../lib/gcc/arm-none-eabi/10.3.1/../../../../arm-none-eabi/lib/thumb/v7-m/nofp\libnosys.a
END GROUP
LOAD c:/st/stm32cubeide_1.9.0/stm32cubeide/plugins/com.st.stm32cube.ide.mcu.externaltools.gnu-tools-for-stm32.10.3-2021.10.win32_1.0.0.202111181127/tools/bin/../lib/gcc/arm-none-eabi/10.3.1/thumb/v7-m/nofp/crtend.o
LOAD c:/st/stm32cubeide_1.9.0/stm32cubeide/plugins/com.st.stm32cube.ide.mcu.externaltools.gnu-tools-for-stm32.10.3-2021.10.win32_1.0.0.202111181127/tools/bin/../lib/gcc/arm-none-eabi/10.3.1/thumb/v7-m/nofp/crtn.o
                0x0000000020002800                _estack = (ORIGIN (RAM) + LENGTH (RAM))
                0x0000000000000200                _Min_Heap_Size = 0x200
                0x0000000000000400                _Min_Stack_Size = 0x400

.isr_vector     0x0000000008000000      0x10c
                0x0000000008000000                . = ALIGN (0x4)
 *(.isr_vector)
 .isr_vector    0x0000000008000000      0x10c ./Core/Startup/startup_stm32f103c6tx.o
                0x0000000008000000                g_pfnVectors
                0x000000000800010c                . = ALIGN (0x4)

.text           0x000000000800010c     0x2c24
                0x000000000800010c                . = ALIGN (0x4)
 *(.text)
 .text          0x000000000800010c       0x40 c:/st/stm32cubeide_1.9.0/stm32cubeide/plugins/com.st.stm32cube.ide.mcu.externaltools.gnu-tools-for-stm32.10.3-2021.10.win32_1.0.0.202111181127/tools/bin/../lib/gcc/arm-none-eabi/10.3.1/thumb/v7-m/nofp/crtbegin.o
 *(.text*)
 .text.display7SEG
                0x000000000800014c      0x320 ./Core/Src/Ied_display.o
 .text.resetCountValue
                0x000000000800046c       0x40 ./Core/Src/Ied_display.o
                0x000000000800046c                resetCountValue
 .text.NormalMode
                0x00000000080004ac      0x2d4 ./Core/Src/Ied_display.o
                0x00000000080004ac                NormalMode
 .text.get7SEG1Value
                0x0000000008000780       0x5c ./Core/Src/Ied_display.o
 .text.get7SEG2Value
                0x00000000080007dc       0x5c ./Core/Src/Ied_display.o
 .text.LedDispMode
                0x0000000008000838      0x160 ./Core/Src/Ied_display.o
                0x0000000008000838                LedDispMode
 .text.LEDScanning
                0x0000000008000998      0x210 ./Core/Src/Ied_display.o
                0x0000000008000998                LEDScanning
 .text.LedTimeDurationInit
                0x0000000008000ba8       0x50 ./Core/Src/global.o
                0x0000000008000ba8                LedTimeDurationInit
 .text.UpdateMode
                0x0000000008000bf8       0x68 ./Core/Src/input_processing.o
                0x0000000008000bf8                UpdateMode
 .text.increaseDraftValue
                0x0000000008000c60       0x90 ./Core/Src/input_processing.o
 .text.setDurationValue
                0x0000000008000cf0       0xd4 ./Core/Src/input_processing.o
 .text.UpdateDurationValue
                0x0000000008000dc4       0xdc ./Core/Src/input_processing.o
                0x0000000008000dc4                UpdateDurationValue
 .text.init_buffer
                0x0000000008000ea0       0x94 ./Core/Src/input_reading.o
                0x0000000008000ea0                init_buffer
 .text.button_reading
                0x0000000008000f34      0x168 ./Core/Src/input_reading.o
                0x0000000008000f34                button_reading
 .text.is_button_pressed
                0x000000000800109c       0x34 ./Core/Src/input_reading.o
                0x000000000800109c                is_button_pressed
 .text.is_button_pressed_1s
                0x00000000080010d0       0x34 ./Core/Src/input_reading.o
                0x00000000080010d0                is_button_pressed_1s
 .text.is_button_held
                0x0000000008001104       0x34 ./Core/Src/input_reading.o
                0x0000000008001104                is_button_held
 .text.reset_flagForButtonHold
                0x0000000008001138       0x20 ./Core/Src/input_reading.o
                0x0000000008001138                reset_flagForButtonHold
 .text.main     0x0000000008001158       0x80 ./Core/Src/main.o
                0x0000000008001158                main
 .text.SystemClock_Config
                0x00000000080011d8       0x76 ./Core/Src/main.o
                0x00000000080011d8                SystemClock_Config
 *fill*         0x000000000800124e        0x2 
 .text.MX_TIM2_Init
                0x0000000008001250       0x98 ./Core/Src/main.o
 .text.MX_GPIO_Init
                0x00000000080012e8       0xc4 ./Core/Src/main.o
 .text.Error_Handler
                0x00000000080013ac        0xa ./Core/Src/main.o
                0x00000000080013ac                Error_Handler
 *fill*         0x00000000080013b6        0x2 
 .text.HAL_MspInit
                0x00000000080013b8       0x64 ./Core/Src/stm32f1xx_hal_msp.o
                0x00000000080013b8                HAL_MspInit
 .text.HAL_TIM_Base_MspInit
                0x000000000800141c       0x48 ./Core/Src/stm32f1xx_hal_msp.o
                0x000000000800141c                HAL_TIM_Base_MspInit
 .text.NMI_Handler
                0x0000000008001464        0x6 ./Core/Src/stm32f1xx_it.o
                0x0000000008001464                NMI_Handler
 .text.HardFault_Handler
                0x000000000800146a        0x6 ./Core/Src/stm32f1xx_it.o
                0x000000000800146a                HardFault_Handler
 .text.MemManage_Handler
                0x0000000008001470        0x6 ./Core/Src/stm32f1xx_it.o
                0x0000000008001470                MemManage_Handler
 .text.BusFault_Handler
                0x0000000008001476        0x6 ./Core/Src/stm32f1xx_it.o
                0x0000000008001476                BusFault_Handler
 .text.UsageFault_Handler
                0x000000000800147c        0x6 ./Core/Src/stm32f1xx_it.o
                0x000000000800147c                UsageFault_Handler
 .text.SVC_Handler
                0x0000000008001482        0xc ./Core/Src/stm32f1xx_it.o
                0x0000000008001482                SVC_Handler
 .text.DebugMon_Handler
                0x000000000800148e        0xc ./Core/Src/stm32f1xx_it.o
                0x000000000800148e                DebugMon_Handler
 .text.PendSV_Handler
                0x000000000800149a        0xc ./Core/Src/stm32f1xx_it.o
                0x000000000800149a                PendSV_Handler
 .text.SysTick_Handler
                0x00000000080014a6        0xc ./Core/Src/stm32f1xx_it.o
                0x00000000080014a6                SysTick_Handler
 *fill*         0x00000000080014b2        0x2 
 .text.TIM2_IRQHandler
                0x00000000080014b4       0x14 ./Core/Src/stm32f1xx_it.o
                0x00000000080014b4                TIM2_IRQHandler
 .text.SystemInit
                0x00000000080014c8        0xc ./Core/Src/system_stm32f1xx.o
                0x00000000080014c8                SystemInit
 .text.setTimer0
                0x00000000080014d4       0x28 ./Core/Src/timer.o
                0x00000000080014d4                setTimer0
 .text.setTimer1
                0x00000000080014fc       0x28 ./Core/Src/timer.o
                0x00000000080014fc                setTimer1
 .text.setTimer2
                0x0000000008001524       0x28 ./Core/Src/timer.o
                0x0000000008001524                setTimer2
 .text.setTimer3
                0x000000000800154c       0x28 ./Core/Src/timer.o
                0x000000000800154c                setTimer3
 .text.timer_run
                0x0000000008001574       0xac ./Core/Src/timer.o
                0x0000000008001574                timer_run
 .text.get_timer0_flag
                0x0000000008001620       0x14 ./Core/Src/timer.o
                0x0000000008001620                get_timer0_flag
 .text.get_timer1_flag
                0x0000000008001634       0x14 ./Core/Src/timer.o
                0x0000000008001634                get_timer1_flag
 .text.get_timer2_flag
                0x0000000008001648       0x14 ./Core/Src/timer.o
                0x0000000008001648                get_timer2_flag
 .text.HAL_TIM_PeriodElapsedCallback
                0x000000000800165c       0x22 ./Core/Src/timer.o
                0x000000000800165c                HAL_TIM_PeriodElapsedCallback
 *fill*         0x000000000800167e        0x2 
 .text.Reset_Handler
                0x0000000008001680       0x48 ./Core/Startup/startup_stm32f103c6tx.o
                0x0000000008001680                Reset_Handler
 .text.Default_Handler
                0x00000000080016c8        0x2 ./Core/Startup/startup_stm32f103c6tx.o
                0x00000000080016c8                RTC_Alarm_IRQHandler
                0x00000000080016c8                EXTI2_IRQHandler
                0x00000000080016c8                TIM1_CC_IRQHandler
                0x00000000080016c8                PVD_IRQHandler
                0x00000000080016c8                EXTI3_IRQHandler
                0x00000000080016c8                EXTI0_IRQHandler
                0x00000000080016c8                ADC1_2_IRQHandler
                0x00000000080016c8                SPI1_IRQHandler
                0x00000000080016c8                TAMPER_IRQHandler
                0x00000000080016c8                DMA1_Channel4_IRQHandler
                0x00000000080016c8                RTC_IRQHandler
                0x00000000080016c8                DMA1_Channel7_IRQHandler
                0x00000000080016c8                CAN1_RX1_IRQHandler
                0x00000000080016c8                I2C1_EV_IRQHandler
                0x00000000080016c8                DMA1_Channel6_IRQHandler
                0x00000000080016c8                TIM3_IRQHandler
                0x00000000080016c8                RCC_IRQHandler
                0x00000000080016c8                TIM1_TRG_COM_IRQHandler
                0x00000000080016c8                DMA1_Channel1_IRQHandler
                0x00000000080016c8                Default_Handler
                0x00000000080016c8                EXTI15_10_IRQHandler
                0x00000000080016c8                EXTI9_5_IRQHandler
                0x00000000080016c8                DMA1_Channel5_IRQHandler
                0x00000000080016c8                EXTI4_IRQHandler
                0x00000000080016c8                USB_LP_CAN1_RX0_IRQHandler
                0x00000000080016c8                USB_HP_CAN1_TX_IRQHandler
                0x00000000080016c8                DMA1_Channel3_IRQHandler
                0x00000000080016c8                TIM1_UP_IRQHandler
                0x00000000080016c8                WWDG_IRQHandler
                0x00000000080016c8                TIM1_BRK_IRQHandler
                0x00000000080016c8                EXTI1_IRQHandler
                0x00000000080016c8                USART2_IRQHandler
                0x00000000080016c8                DMA1_Channel2_IRQHandler
                0x00000000080016c8                CAN1_SCE_IRQHandler
                0x00000000080016c8                FLASH_IRQHandler
                0x00000000080016c8                USART1_IRQHandler
                0x00000000080016c8                I2C1_ER_IRQHandler
                0x00000000080016c8                USBWakeUp_IRQHandler
 *fill*         0x00000000080016ca        0x2 
 .text.HAL_Init
                0x00000000080016cc       0x2c ./Drivers/STM32F1xx_HAL_Driver/Src/stm32f1xx_hal.o
                0x00000000080016cc                HAL_Init
 .text.HAL_InitTick
                0x00000000080016f8       0x60 ./Drivers/STM32F1xx_HAL_Driver/Src/stm32f1xx_hal.o
                0x00000000080016f8                HAL_InitTick
 .text.HAL_IncTick
                0x0000000008001758       0x24 ./Drivers/STM32F1xx_HAL_Driver/Src/stm32f1xx_hal.o
                0x0000000008001758                HAL_IncTick
 .text.HAL_GetTick
                0x000000000800177c       0x14 ./Drivers/STM32F1xx_HAL_Driver/Src/stm32f1xx_hal.o
                0x000000000800177c                HAL_GetTick
 .text.__NVIC_SetPriorityGrouping
                0x0000000008001790       0x48 ./Drivers/STM32F1xx_HAL_Driver/Src/stm32f1xx_hal_cortex.o
 .text.__NVIC_GetPriorityGrouping
                0x00000000080017d8       0x1c ./Drivers/STM32F1xx_HAL_Driver/Src/stm32f1xx_hal_cortex.o
 .text.__NVIC_EnableIRQ
                0x00000000080017f4       0x38 ./Drivers/STM32F1xx_HAL_Driver/Src/stm32f1xx_hal_cortex.o
 .text.__NVIC_SetPriority
                0x000000000800182c       0x54 ./Drivers/STM32F1xx_HAL_Driver/Src/stm32f1xx_hal_cortex.o
 .text.NVIC_EncodePriority
                0x0000000008001880       0x64 ./Drivers/STM32F1xx_HAL_Driver/Src/stm32f1xx_hal_cortex.o
 .text.SysTick_Config
                0x00000000080018e4       0x44 ./Drivers/STM32F1xx_HAL_Driver/Src/stm32f1xx_hal_cortex.o
 .text.HAL_NVIC_SetPriorityGrouping
                0x0000000008001928       0x16 ./Drivers/STM32F1xx_HAL_Driver/Src/stm32f1xx_hal_cortex.o
                0x0000000008001928                HAL_NVIC_SetPriorityGrouping
 .text.HAL_NVIC_SetPriority
                0x000000000800193e       0x38 ./Drivers/STM32F1xx_HAL_Driver/Src/stm32f1xx_hal_cortex.o
                0x000000000800193e                HAL_NVIC_SetPriority
 .text.HAL_NVIC_EnableIRQ
                0x0000000008001976       0x1c ./Drivers/STM32F1xx_HAL_Driver/Src/stm32f1xx_hal_cortex.o
                0x0000000008001976                HAL_NVIC_EnableIRQ
 .text.HAL_SYSTICK_Config
                0x0000000008001992       0x18 ./Drivers/STM32F1xx_HAL_Driver/Src/stm32f1xx_hal_cortex.o
                0x0000000008001992                HAL_SYSTICK_Config
 *fill*         0x00000000080019aa        0x2 
 .text.HAL_GPIO_Init
                0x00000000080019ac      0x2f8 ./Drivers/STM32F1xx_HAL_Driver/Src/stm32f1xx_hal_gpio.o
                0x00000000080019ac                HAL_GPIO_Init
 .text.HAL_GPIO_ReadPin
                0x0000000008001ca4       0x2e ./Drivers/STM32F1xx_HAL_Driver/Src/stm32f1xx_hal_gpio.o
                0x0000000008001ca4                HAL_GPIO_ReadPin
 .text.HAL_GPIO_WritePin
                0x0000000008001cd2       0x30 ./Drivers/STM32F1xx_HAL_Driver/Src/stm32f1xx_hal_gpio.o
                0x0000000008001cd2                HAL_GPIO_WritePin
 .text.HAL_GPIO_TogglePin
                0x0000000008001d02       0x32 ./Drivers/STM32F1xx_HAL_Driver/Src/stm32f1xx_hal_gpio.o
                0x0000000008001d02                HAL_GPIO_TogglePin
 .text.HAL_RCC_OscConfig
                0x0000000008001d34      0x504 ./Drivers/STM32F1xx_HAL_Driver/Src/stm32f1xx_hal_rcc.o
                0x0000000008001d34                HAL_RCC_OscConfig
 .text.HAL_RCC_ClockConfig
                0x0000000008002238      0x1d4 ./Drivers/STM32F1xx_HAL_Driver/Src/stm32f1xx_hal_rcc.o
                0x0000000008002238                HAL_RCC_ClockConfig
 .text.HAL_RCC_GetSysClockFreq
                0x000000000800240c       0xa8 ./Drivers/STM32F1xx_HAL_Driver/Src/stm32f1xx_hal_rcc.o
                0x000000000800240c                HAL_RCC_GetSysClockFreq
 .text.RCC_Delay
                0x00000000080024b4       0x3c ./Drivers/STM32F1xx_HAL_Driver/Src/stm32f1xx_hal_rcc.o
 .text.HAL_TIM_Base_Init
                0x00000000080024f0       0x9e ./Drivers/STM32F1xx_HAL_Driver/Src/stm32f1xx_hal_tim.o
                0x00000000080024f0                HAL_TIM_Base_Init
 *fill*         0x000000000800258e        0x2 
 .text.HAL_TIM_Base_Start_IT
                0x0000000008002590       0x98 ./Drivers/STM32F1xx_HAL_Driver/Src/stm32f1xx_hal_tim.o
                0x0000000008002590                HAL_TIM_Base_Start_IT
 .text.HAL_TIM_IRQHandler
                0x0000000008002628      0x210 ./Drivers/STM32F1xx_HAL_Driver/Src/stm32f1xx_hal_tim.o
                0x0000000008002628                HAL_TIM_IRQHandler
 .text.HAL_TIM_ConfigClockSource
                0x0000000008002838      0x18e ./Drivers/STM32F1xx_HAL_Driver/Src/stm32f1xx_hal_tim.o
                0x0000000008002838                HAL_TIM_ConfigClockSource
 .text.HAL_TIM_OC_DelayElapsedCallback
                0x00000000080029c6       0x12 ./Drivers/STM32F1xx_HAL_Driver/Src/stm32f1xx_hal_tim.o
                0x00000000080029c6                HAL_TIM_OC_DelayElapsedCallback
 .text.HAL_TIM_IC_CaptureCallback
                0x00000000080029d8       0x12 ./Drivers/STM32F1xx_HAL_Driver/Src/stm32f1xx_hal_tim.o
                0x00000000080029d8                HAL_TIM_IC_CaptureCallback
 .text.HAL_TIM_PWM_PulseFinishedCallback
                0x00000000080029ea       0x12 ./Drivers/STM32F1xx_HAL_Driver/Src/stm32f1xx_hal_tim.o
                0x00000000080029ea                HAL_TIM_PWM_PulseFinishedCallback
 .text.HAL_TIM_TriggerCallback
                0x00000000080029fc       0x12 ./Drivers/STM32F1xx_HAL_Driver/Src/stm32f1xx_hal_tim.o
                0x00000000080029fc                HAL_TIM_TriggerCallback
 *fill*         0x0000000008002a0e        0x2 
 .text.TIM_Base_SetConfig
                0x0000000008002a10       0xb0 ./Drivers/STM32F1xx_HAL_Driver/Src/stm32f1xx_hal_tim.o
                0x0000000008002a10                TIM_Base_SetConfig
 .text.TIM_TI1_ConfigInputStage
                0x0000000008002ac0       0x5c ./Drivers/STM32F1xx_HAL_Driver/Src/stm32f1xx_hal_tim.o
 .text.TIM_TI2_ConfigInputStage
                0x0000000008002b1c       0x5e ./Drivers/STM32F1xx_HAL_Driver/Src/stm32f1xx_hal_tim.o
 .text.TIM_ITRx_SetConfig
                0x0000000008002b7a       0x34 ./Drivers/STM32F1xx_HAL_Driver/Src/stm32f1xx_hal_tim.o
 .text.TIM_ETR_SetConfig
                0x0000000008002bae       0x3e ./Drivers/STM32F1xx_HAL_Driver/Src/stm32f1xx_hal_tim.o
                0x0000000008002bae                TIM_ETR_SetConfig
 .text.HAL_TIMEx_MasterConfigSynchronization
                0x0000000008002bec       0xb0 ./Drivers/STM32F1xx_HAL_Driver/Src/stm32f1xx_hal_tim_ex.o
                0x0000000008002bec                HAL_TIMEx_MasterConfigSynchronization
 .text.HAL_TIMEx_CommutCallback
                0x0000000008002c9c       0x12 ./Drivers/STM32F1xx_HAL_Driver/Src/stm32f1xx_hal_tim_ex.o
                0x0000000008002c9c                HAL_TIMEx_CommutCallback
 .text.HAL_TIMEx_BreakCallback
                0x0000000008002cae       0x12 ./Drivers/STM32F1xx_HAL_Driver/Src/stm32f1xx_hal_tim_ex.o
                0x0000000008002cae                HAL_TIMEx_BreakCallback
 .text.__libc_init_array
                0x0000000008002cc0       0x48 c:/st/stm32cubeide_1.9.0/stm32cubeide/plugins/com.st.stm32cube.ide.mcu.externaltools.gnu-tools-for-stm32.10.3-2021.10.win32_1.0.0.202111181127/tools/bin/../lib/gcc/arm-none-eabi/10.3.1/../../../../arm-none-eabi/lib/thumb/v7-m/nofp\libc_nano.a(lib_a-init.o)
                0x0000000008002cc0                __libc_init_array
 .text.memset   0x0000000008002d08       0x10 c:/st/stm32cubeide_1.9.0/stm32cubeide/plugins/com.st.stm32cube.ide.mcu.externaltools.gnu-tools-for-stm32.10.3-2021.10.win32_1.0.0.202111181127/tools/bin/../lib/gcc/arm-none-eabi/10.3.1/../../../../arm-none-eabi/lib/thumb/v7-m/nofp\libc_nano.a(lib_a-memset.o)
                0x0000000008002d08                memset
 *(.glue_7)
 .glue_7        0x0000000008002d18        0x0 linker stubs
 *(.glue_7t)
 .glue_7t       0x0000000008002d18        0x0 linker stubs
 *(.eh_frame)
 .eh_frame      0x0000000008002d18        0x0 c:/st/stm32cubeide_1.9.0/stm32cubeide/plugins/com.st.stm32cube.ide.mcu.externaltools.gnu-tools-for-stm32.10.3-2021.10.win32_1.0.0.202111181127/tools/bin/../lib/gcc/arm-none-eabi/10.3.1/thumb/v7-m/nofp/crtbegin.o
 *(.init)
 .init          0x0000000008002d18        0x4 c:/st/stm32cubeide_1.9.0/stm32cubeide/plugins/com.st.stm32cube.ide.mcu.externaltools.gnu-tools-for-stm32.10.3-2021.10.win32_1.0.0.202111181127/tools/bin/../lib/gcc/arm-none-eabi/10.3.1/thumb/v7-m/nofp/crti.o
                0x0000000008002d18                _init
 .init          0x0000000008002d1c        0x8 c:/st/stm32cubeide_1.9.0/stm32cubeide/plugins/com.st.stm32cube.ide.mcu.externaltools.gnu-tools-for-stm32.10.3-2021.10.win32_1.0.0.202111181127/tools/bin/../lib/gcc/arm-none-eabi/10.3.1/thumb/v7-m/nofp/crtn.o
 *(.fini)
 .fini          0x0000000008002d24        0x4 c:/st/stm32cubeide_1.9.0/stm32cubeide/plugins/com.st.stm32cube.ide.mcu.externaltools.gnu-tools-for-stm32.10.3-2021.10.win32_1.0.0.202111181127/tools/bin/../lib/gcc/arm-none-eabi/10.3.1/thumb/v7-m/nofp/crti.o
                0x0000000008002d24                _fini
 .fini          0x0000000008002d28        0x8 c:/st/stm32cubeide_1.9.0/stm32cubeide/plugins/com.st.stm32cube.ide.mcu.externaltools.gnu-tools-for-stm32.10.3-2021.10.win32_1.0.0.202111181127/tools/bin/../lib/gcc/arm-none-eabi/10.3.1/thumb/v7-m/nofp/crtn.o
                0x0000000008002d30                . = ALIGN (0x4)
                0x0000000008002d30                _etext = .

.vfp11_veneer   0x0000000008002d30        0x0
 .vfp11_veneer  0x0000000008002d30        0x0 linker stubs

.v4_bx          0x0000000008002d30        0x0
 .v4_bx         0x0000000008002d30        0x0 linker stubs

.iplt           0x0000000008002d30        0x0
 .iplt          0x0000000008002d30        0x0 c:/st/stm32cubeide_1.9.0/stm32cubeide/plugins/com.st.stm32cube.ide.mcu.externaltools.gnu-tools-for-stm32.10.3-2021.10.win32_1.0.0.202111181127/tools/bin/../lib/gcc/arm-none-eabi/10.3.1/thumb/v7-m/nofp/crtbegin.o

.rodata         0x0000000008002d30       0x24
                0x0000000008002d30                . = ALIGN (0x4)
 *(.rodata)
 *(.rodata*)
 .rodata.AHBPrescTable
                0x0000000008002d30       0x10 ./Core/Src/system_stm32f1xx.o
                0x0000000008002d30                AHBPrescTable
 .rodata.aPLLMULFactorTable.1
                0x0000000008002d40       0x10 ./Drivers/STM32F1xx_HAL_Driver/Src/stm32f1xx_hal_rcc.o
 .rodata.aPredivFactorTable.0
                0x0000000008002d50        0x2 ./Drivers/STM32F1xx_HAL_Driver/Src/stm32f1xx_hal_rcc.o
                0x0000000008002d54                . = ALIGN (0x4)
 *fill*         0x0000000008002d52        0x2 

.rel.dyn        0x0000000008002d54        0x0
 .rel.iplt      0x0000000008002d54        0x0 c:/st/stm32cubeide_1.9.0/stm32cubeide/plugins/com.st.stm32cube.ide.mcu.externaltools.gnu-tools-for-stm32.10.3-2021.10.win32_1.0.0.202111181127/tools/bin/../lib/gcc/arm-none-eabi/10.3.1/thumb/v7-m/nofp/crtbegin.o

.ARM.extab      0x0000000008002d54        0x0
                0x0000000008002d54                . = ALIGN (0x4)
 *(.ARM.extab* .gnu.linkonce.armextab.*)
                0x0000000008002d54                . = ALIGN (0x4)

.ARM            0x0000000008002d54        0x0
                0x0000000008002d54                . = ALIGN (0x4)
                0x0000000008002d54                __exidx_start = .
 *(.ARM.exidx*)
                0x0000000008002d54                __exidx_end = .
                0x0000000008002d54                . = ALIGN (0x4)

.preinit_array  0x0000000008002d54        0x0
                0x0000000008002d54                . = ALIGN (0x4)
                0x0000000008002d54                PROVIDE (__preinit_array_start = .)
 *(.preinit_array*)
                0x0000000008002d54                PROVIDE (__preinit_array_end = .)
                0x0000000008002d54                . = ALIGN (0x4)

.init_array     0x0000000008002d54        0x4
                0x0000000008002d54                . = ALIGN (0x4)
                0x0000000008002d54                PROVIDE (__init_array_start = .)
 *(SORT_BY_NAME(.init_array.*))
 *(.init_array*)
 .init_array    0x0000000008002d54        0x4 c:/st/stm32cubeide_1.9.0/stm32cubeide/plugins/com.st.stm32cube.ide.mcu.externaltools.gnu-tools-for-stm32.10.3-2021.10.win32_1.0.0.202111181127/tools/bin/../lib/gcc/arm-none-eabi/10.3.1/thumb/v7-m/nofp/crtbegin.o
                0x0000000008002d58                PROVIDE (__init_array_end = .)
                0x0000000008002d58                . = ALIGN (0x4)

.fini_array     0x0000000008002d58        0x4
                0x0000000008002d58                . = ALIGN (0x4)
                [!provide]                        PROVIDE (__fini_array_start = .)
 *(SORT_BY_NAME(.fini_array.*))
 *(.fini_array*)
 .fini_array    0x0000000008002d58        0x4 c:/st/stm32cubeide_1.9.0/stm32cubeide/plugins/com.st.stm32cube.ide.mcu.externaltools.gnu-tools-for-stm32.10.3-2021.10.win32_1.0.0.202111181127/tools/bin/../lib/gcc/arm-none-eabi/10.3.1/thumb/v7-m/nofp/crtbegin.o
                [!provide]                        PROVIDE (__fini_array_end = .)
                0x0000000008002d5c                . = ALIGN (0x4)
                0x0000000008002d5c                _sidata = LOADADDR (.data)

.data           0x0000000020000000       0x1c load address 0x0000000008002d5c
                0x0000000020000000                . = ALIGN (0x4)
                0x0000000020000000                _sdata = .
 *(.data)
 *(.data*)
 .data.count1   0x0000000020000000        0x4 ./Core/Src/Ied_display.o
                0x0000000020000000                count1
 .data.count2   0x0000000020000004        0x4 ./Core/Src/Ied_display.o
                0x0000000020000004                count2
 .data.state2   0x0000000020000008        0x1 ./Core/Src/Ied_display.o
                0x0000000020000008                state2
 *fill*         0x0000000020000009        0x3 
 .data.mode     0x000000002000000c        0x4 ./Core/Src/global.o
                0x000000002000000c                mode
 .data.SystemCoreClock
                0x0000000020000010        0x4 ./Core/Src/system_stm32f1xx.o
                0x0000000020000010                SystemCoreClock
 .data.uwTickPrio
                0x0000000020000014        0x4 ./Drivers/STM32F1xx_HAL_Driver/Src/stm32f1xx_hal.o
                0x0000000020000014                uwTickPrio
 .data.uwTickFreq
                0x0000000020000018        0x1 ./Drivers/STM32F1xx_HAL_Driver/Src/stm32f1xx_hal.o
                0x0000000020000018                uwTickFreq
 *(.RamFunc)
 *(.RamFunc*)
                0x000000002000001c                . = ALIGN (0x4)
 *fill*         0x0000000020000019        0x3 
                0x000000002000001c                _edata = .

.igot.plt       0x000000002000001c        0x0 load address 0x0000000008002d78
 .igot.plt      0x000000002000001c        0x0 c:/st/stm32cubeide_1.9.0/stm32cubeide/plugins/com.st.stm32cube.ide.mcu.externaltools.gnu-tools-for-stm32.10.3-2021.10.win32_1.0.0.202111181127/tools/bin/../lib/gcc/arm-none-eabi/10.3.1/thumb/v7-m/nofp/crtbegin.o
                0x000000002000001c                . = ALIGN (0x4)

.bss            0x000000002000001c       0xd4 load address 0x0000000008002d78
                0x000000002000001c                _sbss = .
                0x000000002000001c                __bss_start__ = _sbss
 *(.bss)
 .bss           0x000000002000001c       0x1c c:/st/stm32cubeide_1.9.0/stm32cubeide/plugins/com.st.stm32cube.ide.mcu.externaltools.gnu-tools-for-stm32.10.3-2021.10.win32_1.0.0.202111181127/tools/bin/../lib/gcc/arm-none-eabi/10.3.1/thumb/v7-m/nofp/crtbegin.o
 *(.bss*)
 .bss.state1    0x0000000020000038        0x1 ./Core/Src/Ied_display.o
                0x0000000020000038                state1
 *fill*         0x0000000020000039        0x3 
 .bss.scan_index.0
                0x000000002000003c        0x4 ./Core/Src/Ied_display.o
 .bss.red_value
                0x0000000020000040        0x4 ./Core/Src/global.o
                0x0000000020000040                red_value
 .bss.yellow_value
                0x0000000020000044        0x4 ./Core/Src/global.o
                0x0000000020000044                yellow_value
 .bss.green_value
                0x0000000020000048        0x4 ./Core/Src/global.o
                0x0000000020000048                green_value
 .bss.red_draft
                0x000000002000004c        0x4 ./Core/Src/global.o
                0x000000002000004c                red_draft
 .bss.yellow_draft
                0x0000000020000050        0x4 ./Core/Src/global.o
                0x0000000020000050                yellow_draft
 .bss.green_draft
                0x0000000020000054        0x4 ./Core/Src/global.o
                0x0000000020000054                green_draft
 .bss.buttonState
                0x0000000020000058        0x3 ./Core/Src/input_processing.o
                0x0000000020000058                buttonState
 *fill*         0x000000002000005b        0x1 
 .bss.buttonBuffer
                0x000000002000005c        0x3 ./Core/Src/input_reading.o
 *fill*         0x000000002000005f        0x1 
 .bss.debounceButtonBufer1
                0x0000000020000060        0x3 ./Core/Src/input_reading.o
 *fill*         0x0000000020000063        0x1 
 .bss.debounceButtonBufer2
                0x0000000020000064        0x3 ./Core/Src/input_reading.o
 *fill*         0x0000000020000067        0x1 
 .bss.debounceButtonBufer3
                0x0000000020000068        0x3 ./Core/Src/input_reading.o
 *fill*         0x000000002000006b        0x1 
 .bss.flagForButtonPress1s
                0x000000002000006c        0x3 ./Core/Src/input_reading.o
 *fill*         0x000000002000006f        0x1 
 .bss.flagForButtonHold
                0x0000000020000070        0x3 ./Core/Src/input_reading.o
 *fill*         0x0000000020000073        0x1 
 .bss.counterForButtonPress1s
                0x0000000020000074        0x6 ./Core/Src/input_reading.o
 *fill*         0x000000002000007a        0x2 
 .bss.counterForButtonHold
                0x000000002000007c        0x6 ./Core/Src/input_reading.o
 *fill*         0x0000000020000082        0x2 
 .bss.htim2     0x0000000020000084       0x48 ./Core/Src/main.o
                0x0000000020000084                htim2
 .bss.timer0_counter
                0x00000000200000cc        0x4 ./Core/Src/timer.o
                0x00000000200000cc                timer0_counter
 .bss.timer0_flag
                0x00000000200000d0        0x4 ./Core/Src/timer.o
                0x00000000200000d0                timer0_flag
 .bss.timer1_counter
                0x00000000200000d4        0x4 ./Core/Src/timer.o
                0x00000000200000d4                timer1_counter
 .bss.timer1_flag
                0x00000000200000d8        0x4 ./Core/Src/timer.o
                0x00000000200000d8                timer1_flag
 .bss.timer2_counter
                0x00000000200000dc        0x4 ./Core/Src/timer.o
                0x00000000200000dc                timer2_counter
 .bss.timer2_flag
                0x00000000200000e0        0x4 ./Core/Src/timer.o
                0x00000000200000e0                timer2_flag
 .bss.timer3_counter
                0x00000000200000e4        0x4 ./Core/Src/timer.o
                0x00000000200000e4                timer3_counter
 .bss.timer3_flag
                0x00000000200000e8        0x4 ./Core/Src/timer.o
                0x00000000200000e8                timer3_flag
 .bss.uwTick    0x00000000200000ec        0x4 ./Drivers/STM32F1xx_HAL_Driver/Src/stm32f1xx_hal.o
                0x00000000200000ec                uwTick
 *(COMMON)
                0x00000000200000f0                . = ALIGN (0x4)
                0x00000000200000f0                _ebss = .
                0x00000000200000f0                __bss_end__ = _ebss

._user_heap_stack
                0x00000000200000f0      0x600 load address 0x0000000008002d78
                0x00000000200000f0                . = ALIGN (0x8)
                [!provide]                        PROVIDE (end = .)
                0x00000000200000f0                PROVIDE (_end = .)
                0x00000000200002f0                . = (. + _Min_Heap_Size)
 *fill*         0x00000000200000f0      0x200 
                0x00000000200006f0                . = (. + _Min_Stack_Size)
 *fill*         0x00000000200002f0      0x400 
                0x00000000200006f0                . = ALIGN (0x8)

/DISCARD/
 libc.a(*)
 libm.a(*)
 libgcc.a(*)

.ARM.attributes
                0x0000000000000000       0x29
 *(.ARM.attributes)
 .ARM.attributes
                0x0000000000000000       0x1d c:/st/stm32cubeide_1.9.0/stm32cubeide/plugins/com.st.stm32cube.ide.mcu.externaltools.gnu-tools-for-stm32.10.3-2021.10.win32_1.0.0.202111181127/tools/bin/../lib/gcc/arm-none-eabi/10.3.1/thumb/v7-m/nofp/crti.o
 .ARM.attributes
                0x000000000000001d       0x2d c:/st/stm32cubeide_1.9.0/stm32cubeide/plugins/com.st.stm32cube.ide.mcu.externaltools.gnu-tools-for-stm32.10.3-2021.10.win32_1.0.0.202111181127/tools/bin/../lib/gcc/arm-none-eabi/10.3.1/thumb/v7-m/nofp/crtbegin.o
 .ARM.attributes
                0x000000000000004a       0x2d ./Core/Src/Ied_display.o
 .ARM.attributes
                0x0000000000000077       0x2d ./Core/Src/global.o
 .ARM.attributes
                0x00000000000000a4       0x2d ./Core/Src/input_processing.o
 .ARM.attributes
                0x00000000000000d1       0x2d ./Core/Src/input_reading.o
 .ARM.attributes
                0x00000000000000fe       0x2d ./Core/Src/main.o
 .ARM.attributes
                0x000000000000012b       0x2d ./Core/Src/stm32f1xx_hal_msp.o
 .ARM.attributes
                0x0000000000000158       0x2d ./Core/Src/stm32f1xx_it.o
 .ARM.attributes
                0x0000000000000185       0x2d ./Core/Src/system_stm32f1xx.o
 .ARM.attributes
                0x00000000000001b2       0x2d ./Core/Src/timer.o
 .ARM.attributes
                0x00000000000001df       0x21 ./Core/Startup/startup_stm32f103c6tx.o
 .ARM.attributes
                0x0000000000000200       0x2d ./Drivers/STM32F1xx_HAL_Driver/Src/stm32f1xx_hal.o
 .ARM.attributes
                0x000000000000022d       0x2d ./Drivers/STM32F1xx_HAL_Driver/Src/stm32f1xx_hal_cortex.o
 .ARM.attributes
                0x000000000000025a       0x2d ./Drivers/STM32F1xx_HAL_Driver/Src/stm32f1xx_hal_gpio.o
 .ARM.attributes
                0x0000000000000287       0x2d ./Drivers/STM32F1xx_HAL_Driver/Src/stm32f1xx_hal_rcc.o
 .ARM.attributes
                0x00000000000002b4       0x2d ./Drivers/STM32F1xx_HAL_Driver/Src/stm32f1xx_hal_tim.o
 .ARM.attributes
                0x00000000000002e1       0x2d ./Drivers/STM32F1xx_HAL_Driver/Src/stm32f1xx_hal_tim_ex.o
 .ARM.attributes
                0x000000000000030e       0x2d c:/st/stm32cubeide_1.9.0/stm32cubeide/plugins/com.st.stm32cube.ide.mcu.externaltools.gnu-tools-for-stm32.10.3-2021.10.win32_1.0.0.202111181127/tools/bin/../lib/gcc/arm-none-eabi/10.3.1/../../../../arm-none-eabi/lib/thumb/v7-m/nofp\libc_nano.a(lib_a-init.o)
 .ARM.attributes
                0x000000000000033b       0x2d c:/st/stm32cubeide_1.9.0/stm32cubeide/plugins/com.st.stm32cube.ide.mcu.externaltools.gnu-tools-for-stm32.10.3-2021.10.win32_1.0.0.202111181127/tools/bin/../lib/gcc/arm-none-eabi/10.3.1/../../../../arm-none-eabi/lib/thumb/v7-m/nofp\libc_nano.a(lib_a-memset.o)
 .ARM.attributes
                0x0000000000000368       0x1d c:/st/stm32cubeide_1.9.0/stm32cubeide/plugins/com.st.stm32cube.ide.mcu.externaltools.gnu-tools-for-stm32.10.3-2021.10.win32_1.0.0.202111181127/tools/bin/../lib/gcc/arm-none-eabi/10.3.1/thumb/v7-m/nofp/crtn.o
OUTPUT(CustomizableTrafficLight.elf elf32-littlearm)
LOAD linker stubs
LOAD c:/st/stm32cubeide_1.9.0/stm32cubeide/plugins/com.st.stm32cube.ide.mcu.externaltools.gnu-tools-for-stm32.10.3-2021.10.win32_1.0.0.202111181127/tools/bin/../lib/gcc/arm-none-eabi/10.3.1/../../../../arm-none-eabi/lib/thumb/v7-m/nofp\libc.a
LOAD c:/st/stm32cubeide_1.9.0/stm32cubeide/plugins/com.st.stm32cube.ide.mcu.externaltools.gnu-tools-for-stm32.10.3-2021.10.win32_1.0.0.202111181127/tools/bin/../lib/gcc/arm-none-eabi/10.3.1/../../../../arm-none-eabi/lib/thumb/v7-m/nofp\libm.a
LOAD c:/st/stm32cubeide_1.9.0/stm32cubeide/plugins/com.st.stm32cube.ide.mcu.externaltools.gnu-tools-for-stm32.10.3-2021.10.win32_1.0.0.202111181127/tools/bin/../lib/gcc/arm-none-eabi/10.3.1/thumb/v7-m/nofp\libgcc.a

.debug_info     0x0000000000000000     0x923f
 .debug_info    0x0000000000000000      0x31a ./Core/Src/Ied_display.o
 .debug_info    0x000000000000031a      0x10f ./Core/Src/global.o
 .debug_info    0x0000000000000429      0x1d0 ./Core/Src/input_processing.o
 .debug_info    0x00000000000005f9      0x342 ./Core/Src/input_reading.o
 .debug_info    0x000000000000093b      0xc77 ./Core/Src/main.o
 .debug_info    0x00000000000015b2      0x96c ./Core/Src/stm32f1xx_hal_msp.o
 .debug_info    0x0000000000001f1e      0x6ef ./Core/Src/stm32f1xx_it.o
 .debug_info    0x000000000000260d      0x23d ./Core/Src/system_stm32f1xx.o
 .debug_info    0x000000000000284a      0x7cf ./Core/Src/timer.o
 .debug_info    0x0000000000003019       0x22 ./Core/Startup/startup_stm32f103c6tx.o
 .debug_info    0x000000000000303b      0x716 ./Drivers/STM32F1xx_HAL_Driver/Src/stm32f1xx_hal.o
 .debug_info    0x0000000000003751      0xb02 ./Drivers/STM32F1xx_HAL_Driver/Src/stm32f1xx_hal_cortex.o
 .debug_info    0x0000000000004253      0x615 ./Drivers/STM32F1xx_HAL_Driver/Src/stm32f1xx_hal_gpio.o
 .debug_info    0x0000000000004868      0x865 ./Drivers/STM32F1xx_HAL_Driver/Src/stm32f1xx_hal_rcc.o
 .debug_info    0x00000000000050cd     0x2bab ./Drivers/STM32F1xx_HAL_Driver/Src/stm32f1xx_hal_tim.o
 .debug_info    0x0000000000007c78     0x15c7 ./Drivers/STM32F1xx_HAL_Driver/Src/stm32f1xx_hal_tim_ex.o

.debug_abbrev   0x0000000000000000     0x1bb0
 .debug_abbrev  0x0000000000000000      0x1be ./Core/Src/Ied_display.o
 .debug_abbrev  0x00000000000001be       0x76 ./Core/Src/global.o
 .debug_abbrev  0x0000000000000234      0x125 ./Core/Src/input_processing.o
 .debug_abbrev  0x0000000000000359      0x182 ./Core/Src/input_reading.o
 .debug_abbrev  0x00000000000004db      0x27a ./Core/Src/main.o
 .debug_abbrev  0x0000000000000755      0x19f ./Core/Src/stm32f1xx_hal_msp.o
 .debug_abbrev  0x00000000000008f4      0x184 ./Core/Src/stm32f1xx_it.o
 .debug_abbrev  0x0000000000000a78      0x13b ./Core/Src/system_stm32f1xx.o
 .debug_abbrev  0x0000000000000bb3      0x1d0 ./Core/Src/timer.o
 .debug_abbrev  0x0000000000000d83       0x12 ./Core/Startup/startup_stm32f103c6tx.o
 .debug_abbrev  0x0000000000000d95      0x1fb ./Drivers/STM32F1xx_HAL_Driver/Src/stm32f1xx_hal.o
 .debug_abbrev  0x0000000000000f90      0x2ed ./Drivers/STM32F1xx_HAL_Driver/Src/stm32f1xx_hal_cortex.o
 .debug_abbrev  0x000000000000127d      0x1bb ./Drivers/STM32F1xx_HAL_Driver/Src/stm32f1xx_hal_gpio.o
 .debug_abbrev  0x0000000000001438      0x2a8 ./Drivers/STM32F1xx_HAL_Driver/Src/stm32f1xx_hal_rcc.o
 .debug_abbrev  0x00000000000016e0      0x264 ./Drivers/STM32F1xx_HAL_Driver/Src/stm32f1xx_hal_tim.o
 .debug_abbrev  0x0000000000001944      0x26c ./Drivers/STM32F1xx_HAL_Driver/Src/stm32f1xx_hal_tim_ex.o

.debug_aranges  0x0000000000000000      0xa88
 .debug_aranges
                0x0000000000000000       0x50 ./Core/Src/Ied_display.o
 .debug_aranges
                0x0000000000000050       0x28 ./Core/Src/global.o
 .debug_aranges
                0x0000000000000078       0x38 ./Core/Src/input_processing.o
 .debug_aranges
                0x00000000000000b0       0x48 ./Core/Src/input_reading.o
 .debug_aranges
                0x00000000000000f8       0x40 ./Core/Src/main.o
 .debug_aranges
                0x0000000000000138       0x30 ./Core/Src/stm32f1xx_hal_msp.o
 .debug_aranges
                0x0000000000000168       0x68 ./Core/Src/stm32f1xx_it.o
 .debug_aranges
                0x00000000000001d0       0x28 ./Core/Src/system_stm32f1xx.o
 .debug_aranges
                0x00000000000001f8       0x68 ./Core/Src/timer.o
 .debug_aranges
                0x0000000000000260       0x28 ./Core/Startup/startup_stm32f103c6tx.o
 .debug_aranges
                0x0000000000000288       0xe0 ./Drivers/STM32F1xx_HAL_Driver/Src/stm32f1xx_hal.o
 .debug_aranges
                0x0000000000000368      0x100 ./Drivers/STM32F1xx_HAL_Driver/Src/stm32f1xx_hal_cortex.o
 .debug_aranges
                0x0000000000000468       0x58 ./Drivers/STM32F1xx_HAL_Driver/Src/stm32f1xx_hal_gpio.o
 .debug_aranges
                0x00000000000004c0       0x90 ./Drivers/STM32F1xx_HAL_Driver/Src/stm32f1xx_hal_rcc.o
 .debug_aranges
                0x0000000000000550      0x3d0 ./Drivers/STM32F1xx_HAL_Driver/Src/stm32f1xx_hal_tim.o
 .debug_aranges
                0x0000000000000920      0x168 ./Drivers/STM32F1xx_HAL_Driver/Src/stm32f1xx_hal_tim_ex.o

.debug_ranges   0x0000000000000000      0x990
 .debug_ranges  0x0000000000000000       0x40 ./Core/Src/Ied_display.o
 .debug_ranges  0x0000000000000040       0x18 ./Core/Src/global.o
 .debug_ranges  0x0000000000000058       0x28 ./Core/Src/input_processing.o
 .debug_ranges  0x0000000000000080       0x38 ./Core/Src/input_reading.o
 .debug_ranges  0x00000000000000b8       0x30 ./Core/Src/main.o
 .debug_ranges  0x00000000000000e8       0x20 ./Core/Src/stm32f1xx_hal_msp.o
 .debug_ranges  0x0000000000000108       0x58 ./Core/Src/stm32f1xx_it.o
 .debug_ranges  0x0000000000000160       0x18 ./Core/Src/system_stm32f1xx.o
 .debug_ranges  0x0000000000000178       0x58 ./Core/Src/timer.o
 .debug_ranges  0x00000000000001d0       0x20 ./Core/Startup/startup_stm32f103c6tx.o
 .debug_ranges  0x00000000000001f0       0xd0 ./Drivers/STM32F1xx_HAL_Driver/Src/stm32f1xx_hal.o
 .debug_ranges  0x00000000000002c0       0xf0 ./Drivers/STM32F1xx_HAL_Driver/Src/stm32f1xx_hal_cortex.o
 .debug_ranges  0x00000000000003b0       0x48 ./Drivers/STM32F1xx_HAL_Driver/Src/stm32f1xx_hal_gpio.o
 .debug_ranges  0x00000000000003f8       0x80 ./Drivers/STM32F1xx_HAL_Driver/Src/stm32f1xx_hal_rcc.o
 .debug_ranges  0x0000000000000478      0x3c0 ./Drivers/STM32F1xx_HAL_Driver/Src/stm32f1xx_hal_tim.o
 .debug_ranges  0x0000000000000838      0x158 ./Drivers/STM32F1xx_HAL_Driver/Src/stm32f1xx_hal_tim_ex.o

.debug_macro    0x0000000000000000    0x16aa2
 .debug_macro   0x0000000000000000      0x1d7 ./Core/Src/Ied_display.o
 .debug_macro   0x00000000000001d7      0xa6c ./Core/Src/Ied_display.o
 .debug_macro   0x0000000000000c43      0x215 ./Core/Src/Ied_display.o
 .debug_macro   0x0000000000000e58       0x2e ./Core/Src/Ied_display.o
 .debug_macro   0x0000000000000e86       0x22 ./Core/Src/Ied_display.o
 .debug_macro   0x0000000000000ea8       0x22 ./Core/Src/Ied_display.o
 .debug_macro   0x0000000000000eca       0x8e ./Core/Src/Ied_display.o
 .debug_macro   0x0000000000000f58       0x51 ./Core/Src/Ied_display.o
 .debug_macro   0x0000000000000fa9      0x103 ./Core/Src/Ied_display.o
 .debug_macro   0x00000000000010ac       0x6a ./Core/Src/Ied_display.o
 .debug_macro   0x0000000000001116      0x1df ./Core/Src/Ied_display.o
 .debug_macro   0x00000000000012f5       0x1c ./Core/Src/Ied_display.o
 .debug_macro   0x0000000000001311       0x22 ./Core/Src/Ied_display.o
 .debug_macro   0x0000000000001333       0xbd ./Core/Src/Ied_display.o
 .debug_macro   0x00000000000013f0      0xd23 ./Core/Src/Ied_display.o
 .debug_macro   0x0000000000002113     0xde75 ./Core/Src/Ied_display.o
 .debug_macro   0x000000000000ff88       0x6d ./Core/Src/Ied_display.o
 .debug_macro   0x000000000000fff5     0x348d ./Core/Src/Ied_display.o
 .debug_macro   0x0000000000013482      0x174 ./Core/Src/Ied_display.o
 .debug_macro   0x00000000000135f6       0x5c ./Core/Src/Ied_display.o
 .debug_macro   0x0000000000013652      0x5bc ./Core/Src/Ied_display.o
 .debug_macro   0x0000000000013c0e      0x1b7 ./Core/Src/Ied_display.o
 .debug_macro   0x0000000000013dc5      0x1cb ./Core/Src/Ied_display.o
 .debug_macro   0x0000000000013f90      0x114 ./Core/Src/Ied_display.o
 .debug_macro   0x00000000000140a4      0x1b2 ./Core/Src/Ied_display.o
 .debug_macro   0x0000000000014256       0x27 ./Core/Src/Ied_display.o
 .debug_macro   0x000000000001427d      0x12f ./Core/Src/Ied_display.o
 .debug_macro   0x00000000000143ac      0x1bc ./Core/Src/Ied_display.o
 .debug_macro   0x0000000000014568       0x34 ./Core/Src/Ied_display.o
 .debug_macro   0x000000000001459c       0x3c ./Core/Src/Ied_display.o
 .debug_macro   0x00000000000145d8       0x57 ./Core/Src/Ied_display.o
 .debug_macro   0x000000000001462f       0x87 ./Core/Src/Ied_display.o
 .debug_macro   0x00000000000146b6      0x183 ./Core/Src/Ied_display.o
 .debug_macro   0x0000000000014839      0x140 ./Core/Src/Ied_display.o
 .debug_macro   0x0000000000014979      0x8ed ./Core/Src/Ied_display.o
 .debug_macro   0x0000000000015266       0x69 ./Core/Src/Ied_display.o
 .debug_macro   0x00000000000152cf      0x10c ./Core/Src/Ied_display.o
 .debug_macro   0x00000000000153db       0x1c ./Core/Src/Ied_display.o
 .debug_macro   0x00000000000153f7       0x1a ./Core/Src/global.o
 .debug_macro   0x0000000000015411      0x1e1 ./Core/Src/input_processing.o
 .debug_macro   0x00000000000155f2      0x1e2 ./Core/Src/input_reading.o
 .debug_macro   0x00000000000157d4      0x1f1 ./Core/Src/main.o
 .debug_macro   0x00000000000159c5      0x1a6 ./Core/Src/stm32f1xx_hal_msp.o
 .debug_macro   0x0000000000015b6b      0x1b0 ./Core/Src/stm32f1xx_it.o
 .debug_macro   0x0000000000015d1b      0x197 ./Core/Src/system_stm32f1xx.o
 .debug_macro   0x0000000000015eb2      0x1c4 ./Core/Src/timer.o
 .debug_macro   0x0000000000016076      0x1bb ./Drivers/STM32F1xx_HAL_Driver/Src/stm32f1xx_hal.o
 .debug_macro   0x0000000000016231      0x197 ./Drivers/STM32F1xx_HAL_Driver/Src/stm32f1xx_hal_cortex.o
 .debug_macro   0x00000000000163c8      0x202 ./Drivers/STM32F1xx_HAL_Driver/Src/stm32f1xx_hal_gpio.o
 .debug_macro   0x00000000000165ca      0x1a9 ./Drivers/STM32F1xx_HAL_Driver/Src/stm32f1xx_hal_rcc.o
 .debug_macro   0x0000000000016773      0x198 ./Drivers/STM32F1xx_HAL_Driver/Src/stm32f1xx_hal_tim.o
 .debug_macro   0x000000000001690b      0x197 ./Drivers/STM32F1xx_HAL_Driver/Src/stm32f1xx_hal_tim_ex.o

.debug_line     0x0000000000000000     0xb3cc
 .debug_line    0x0000000000000000      0x8e8 ./Core/Src/Ied_display.o
 .debug_line    0x00000000000008e8       0x89 ./Core/Src/global.o
 .debug_line    0x0000000000000971      0x823 ./Core/Src/input_processing.o
 .debug_line    0x0000000000001194      0x7d7 ./Core/Src/input_reading.o
 .debug_line    0x000000000000196b      0x7c0 ./Core/Src/main.o
 .debug_line    0x000000000000212b      0x691 ./Core/Src/stm32f1xx_hal_msp.o
 .debug_line    0x00000000000027bc      0x730 ./Core/Src/stm32f1xx_it.o
 .debug_line    0x0000000000002eec      0x6d4 ./Core/Src/system_stm32f1xx.o
 .debug_line    0x00000000000035c0      0x7a0 ./Core/Src/timer.o
 .debug_line    0x0000000000003d60       0x86 ./Core/Startup/startup_stm32f103c6tx.o
 .debug_line    0x0000000000003de6      0x901 ./Drivers/STM32F1xx_HAL_Driver/Src/stm32f1xx_hal.o
 .debug_line    0x00000000000046e7      0xae9 ./Drivers/STM32F1xx_HAL_Driver/Src/stm32f1xx_hal_cortex.o
 .debug_line    0x00000000000051d0      0x985 ./Drivers/STM32F1xx_HAL_Driver/Src/stm32f1xx_hal_gpio.o
 .debug_line    0x0000000000005b55      0xd0d ./Drivers/STM32F1xx_HAL_Driver/Src/stm32f1xx_hal_rcc.o
 .debug_line    0x0000000000006862     0x3343 ./Drivers/STM32F1xx_HAL_Driver/Src/stm32f1xx_hal_tim.o
 .debug_line    0x0000000000009ba5     0x1827 ./Drivers/STM32F1xx_HAL_Driver/Src/stm32f1xx_hal_tim_ex.o

.debug_str      0x0000000000000000    0x82419
 .debug_str     0x0000000000000000    0x7f6d9 ./Core/Src/Ied_display.o
                                      0x7fa1c (size before relaxing)
 .debug_str     0x000000000007f6d9       0x31 ./Core/Src/global.o
                                       0x2d36 (size before relaxing)
 .debug_str     0x000000000007f70a      0x125 ./Core/Src/input_processing.o
                                      0x7f9f7 (size before relaxing)
 .debug_str     0x000000000007f82f      0x183 ./Core/Src/input_reading.o
                                      0x7fa8a (size before relaxing)
 .debug_str     0x000000000007f9b2      0x7b1 ./Core/Src/main.o
                                      0x801de (size before relaxing)
 .debug_str     0x0000000000080163      0x300 ./Core/Src/stm32f1xx_hal_msp.o
                                      0x8007f (size before relaxing)
 .debug_str     0x0000000000080463       0xec ./Core/Src/stm32f1xx_it.o
                                      0x7fdba (size before relaxing)
 .debug_str     0x000000000008054f       0x7e ./Core/Src/system_stm32f1xx.o
                                      0x7f554 (size before relaxing)
 .debug_str     0x00000000000805cd       0x96 ./Core/Src/timer.o
                                      0x7fe25 (size before relaxing)
 .debug_str     0x0000000000080663       0x36 ./Core/Startup/startup_stm32f103c6tx.o
                                         0x76 (size before relaxing)
 .debug_str     0x0000000000080699      0x38e ./Drivers/STM32F1xx_HAL_Driver/Src/stm32f1xx_hal.o
                                      0x7fc4d (size before relaxing)
 .debug_str     0x0000000000080a27      0x294 ./Drivers/STM32F1xx_HAL_Driver/Src/stm32f1xx_hal_cortex.o
                                      0x7fb99 (size before relaxing)
 .debug_str     0x0000000000080cbb      0x2d2 ./Drivers/STM32F1xx_HAL_Driver/Src/stm32f1xx_hal_gpio.o
                                      0x7f8da (size before relaxing)
 .debug_str     0x0000000000080f8d      0x229 ./Drivers/STM32F1xx_HAL_Driver/Src/stm32f1xx_hal_rcc.o
                                      0x7f983 (size before relaxing)
 .debug_str     0x00000000000811b6      0xdd0 ./Drivers/STM32F1xx_HAL_Driver/Src/stm32f1xx_hal_tim.o
                                      0x80975 (size before relaxing)
 .debug_str     0x0000000000081f86      0x493 ./Drivers/STM32F1xx_HAL_Driver/Src/stm32f1xx_hal_tim_ex.o
                                      0x80191 (size before relaxing)

.comment        0x0000000000000000       0x50
 .comment       0x0000000000000000       0x50 ./Core/Src/Ied_display.o
                                         0x51 (size before relaxing)
 .comment       0x0000000000000050       0x51 ./Core/Src/global.o
 .comment       0x0000000000000050       0x51 ./Core/Src/input_processing.o
 .comment       0x0000000000000050       0x51 ./Core/Src/input_reading.o
 .comment       0x0000000000000050       0x51 ./Core/Src/main.o
 .comment       0x0000000000000050       0x51 ./Core/Src/stm32f1xx_hal_msp.o
 .comment       0x0000000000000050       0x51 ./Core/Src/stm32f1xx_it.o
 .comment       0x0000000000000050       0x51 ./Core/Src/system_stm32f1xx.o
 .comment       0x0000000000000050       0x51 ./Core/Src/timer.o
 .comment       0x0000000000000050       0x51 ./Drivers/STM32F1xx_HAL_Driver/Src/stm32f1xx_hal.o
 .comment       0x0000000000000050       0x51 ./Drivers/STM32F1xx_HAL_Driver/Src/stm32f1xx_hal_cortex.o
 .comment       0x0000000000000050       0x51 ./Drivers/STM32F1xx_HAL_Driver/Src/stm32f1xx_hal_gpio.o
 .comment       0x0000000000000050       0x51 ./Drivers/STM32F1xx_HAL_Driver/Src/stm32f1xx_hal_rcc.o
 .comment       0x0000000000000050       0x51 ./Drivers/STM32F1xx_HAL_Driver/Src/stm32f1xx_hal_tim.o
 .comment       0x0000000000000050       0x51 ./Drivers/STM32F1xx_HAL_Driver/Src/stm32f1xx_hal_tim_ex.o

.debug_frame    0x0000000000000000     0x29e0
 .debug_frame   0x0000000000000000       0xec ./Core/Src/Ied_display.o
 .debug_frame   0x00000000000000ec       0x50 ./Core/Src/global.o
 .debug_frame   0x000000000000013c       0x90 ./Core/Src/input_processing.o
 .debug_frame   0x00000000000001cc       0xfc ./Core/Src/input_reading.o
 .debug_frame   0x00000000000002c8       0xb0 ./Core/Src/main.o
 .debug_frame   0x0000000000000378       0x80 ./Core/Src/stm32f1xx_hal_msp.o
 .debug_frame   0x00000000000003f8      0x120 ./Core/Src/stm32f1xx_it.o
 .debug_frame   0x0000000000000518       0x58 ./Core/Src/system_stm32f1xx.o
 .debug_frame   0x0000000000000570      0x174 ./Core/Src/timer.o
 .debug_frame   0x00000000000006e4      0x334 ./Drivers/STM32F1xx_HAL_Driver/Src/stm32f1xx_hal.o
 .debug_frame   0x0000000000000a18      0x428 ./Drivers/STM32F1xx_HAL_Driver/Src/stm32f1xx_hal_cortex.o
 .debug_frame   0x0000000000000e40      0x14c ./Drivers/STM32F1xx_HAL_Driver/Src/stm32f1xx_hal_gpio.o
 .debug_frame   0x0000000000000f8c      0x218 ./Drivers/STM32F1xx_HAL_Driver/Src/stm32f1xx_hal_rcc.o
 .debug_frame   0x00000000000011a4     0x11b8 ./Drivers/STM32F1xx_HAL_Driver/Src/stm32f1xx_hal_tim.o
 .debug_frame   0x000000000000235c      0x638 ./Drivers/STM32F1xx_HAL_Driver/Src/stm32f1xx_hal_tim_ex.o
 .debug_frame   0x0000000000002994       0x2c c:/st/stm32cubeide_1.9.0/stm32cubeide/plugins/com.st.stm32cube.ide.mcu.externaltools.gnu-tools-for-stm32.10.3-2021.10.win32_1.0.0.202111181127/tools/bin/../lib/gcc/arm-none-eabi/10.3.1/../../../../arm-none-eabi/lib/thumb/v7-m/nofp\libc_nano.a(lib_a-init.o)
 .debug_frame   0x00000000000029c0       0x20 c:/st/stm32cubeide_1.9.0/stm32cubeide/plugins/com.st.stm32cube.ide.mcu.externaltools.gnu-tools-for-stm32.10.3-2021.10.win32_1.0.0.202111181127/tools/bin/../lib/gcc/arm-none-eabi/10.3.1/../../../../arm-none-eabi/lib/thumb/v7-m/nofp\libc_nano.a(lib_a-memset.o)
