../Core/Src/main.c:78:5:main	8	static
../Core/Src/main.c:162:6:SystemClock_Config	72	static
../Core/Src/main.c:199:13:MX_TIM2_Init	32	static
../Core/Src/main.c:244:13:MX_GPIO_Init	32	static
../Core/Src/main.c:293:6:HAL_TIM_PeriodElapsedCallback	16	static
../Core/Src/main.c:298:6:display7SEG	16	static
../Core/Src/main.c:397:6:update7SEG	16	static
../Core/Src/main.c:460:6:updateClockBuffer	4	static
../Core/Src/main.c:485:6:displayLEDMtrix	16	static
../Core/Src/main.c:528:6:updateLEDMatrix	16	static
../Core/Src/main.c:625:6:updateMatrixBuffer	16	static
../Core/Src/main.c:643:6:Error_Handler	4	static,ignoring_inline_asm
