21:35:34 **** Incremental Build of configuration Debug for project AnalogClock ****
make -j8 all 
arm-none-eabi-gcc "../Core/Src/main.c" -mcpu=cortex-m3 -std=gnu11 -g3 -DDEBUG -DUSE_HAL_DRIVER -DSTM32F103x6 -c -I../Core/Inc -I../Drivers/STM32F1xx_HAL_Driver/Inc -I../Drivers/STM32F1xx_HAL_Driver/Inc/Legacy -I../Drivers/CMSIS/Device/ST/STM32F1xx/Include -I../Drivers/CMSIS/Include -O0 -ffunction-sections -fdata-sections -Wall -fstack-usage -MMD -MP -MF"Core/Src/main.d" -MT"Core/Src/main.o" --specs=nano.specs -mfloat-abi=soft -mthumb -o "Core/Src/main.o"
arm-none-eabi-gcc -o "AnalogClock.elf" @"objects.list"   -mcpu=cortex-m3 -T"E:\Embedded\CO3009\STM32-Project\AnalogClock\STM32F103C6TX_FLASH.ld" --specs=nosys.specs -Wl,-Map="AnalogClock.map" -Wl,--gc-sections -static --specs=nano.specs -mfloat-abi=soft -mthumb -Wl,--start-group -lc -lm -Wl,--end-group
Finished building target: AnalogClock.elf
 
arm-none-eabi-size   AnalogClock.elf 
arm-none-eabi-objdump -h -S  AnalogClock.elf  > "AnalogClock.list"
arm-none-eabi-objcopy  -O ihex  AnalogClock.elf  "AnalogClock.hex"
   text	   data	    bss	    dec	    hex	filename
   5488	     32	   1584	   7104	   1bc0	AnalogClock.elf
Finished building: default.size.stdout
 
Finished building: AnalogClock.hex
 
Finished building: AnalogClock.list
 

21:35:34 Build Finished. 0 errors, 0 warnings. (took 602ms)

