19:14:09 **** Incremental Build of configuration Debug for project CustomizableTrafficLight ****
make -j8 all 
arm-none-eabi-gcc "../Core/Src/Ied_display.c" -mcpu=cortex-m3 -std=gnu11 -g3 -DDEBUG -DUSE_HAL_DRIVER -DSTM32F103x6 -c -I../Core/Inc -I../Drivers/STM32F1xx_HAL_Driver/Inc -I../Drivers/STM32F1xx_HAL_Driver/Inc/Legacy -I../Drivers/CMSIS/Device/ST/STM32F1xx/Include -I../Drivers/CMSIS/Include -O0 -ffunction-sections -fdata-sections -Wall -fstack-usage -MMD -MP -MF"Core/Src/Ied_display.d" -MT"Core/Src/Ied_display.o" --specs=nano.specs -mfloat-abi=soft -mthumb -o "Core/Src/Ied_display.o"
arm-none-eabi-gcc -o "CustomizableTrafficLight.elf" @"objects.list"   -mcpu=cortex-m3 -T"E:\Embedded\CO3009\STM32-Project\CustomizableTrafficLight\STM32F103C6TX_FLASH.ld" --specs=nosys.specs -Wl,-Map="CustomizableTrafficLight.map" -Wl,--gc-sections -static --specs=nano.specs -mfloat-abi=soft -mthumb -Wl,--start-group -lc -lm -Wl,--end-group
Finished building target: CustomizableTrafficLight.elf
 
arm-none-eabi-size   CustomizableTrafficLight.elf 
arm-none-eabi-objdump -h -S  CustomizableTrafficLight.elf  > "CustomizableTrafficLight.list"
arm-none-eabi-objcopy  -O ihex  CustomizableTrafficLight.elf  "CustomizableTrafficLight.hex"
   text	   data	    bss	    dec	    hex	filename
  11604	     36	   1748	  13388	   344c	CustomizableTrafficLight.elf
Finished building: default.size.stdout
 
Finished building: CustomizableTrafficLight.hex
 
Finished building: CustomizableTrafficLight.list
 

19:14:10 Build Finished. 0 errors, 0 warnings. (took 875ms)

