08:06:49 **** Incremental Build of configuration Debug for project FlowControl_ErrorControl_inCommunication ****
make -j8 all 
arm-none-eabi-gcc "../Core/Src/main.c" -mcpu=cortex-m3 -std=gnu11 -g3 -DDEBUG -DUSE_HAL_DRIVER -DSTM32F103x6 -c -I../Core/Inc -I../Drivers/STM32F1xx_HAL_Driver/Inc -I../Drivers/STM32F1xx_HAL_Driver/Inc/Legacy -I../Drivers/CMSIS/Device/ST/STM32F1xx/Include -I../Drivers/CMSIS/Include -O0 -ffunction-sections -fdata-sections -Wall -fstack-usage -MMD -MP -MF"Core/Src/main.d" -MT"Core/Src/main.o" --specs=nano.specs -mfloat-abi=soft -mthumb -o "Core/Src/main.o"
arm-none-eabi-gcc -o "FlowControl_ErrorControl_inCommunication.elf" @"objects.list"   -mcpu=cortex-m3 -T"E:\Embedded\CO3009\STM32-Project\FlowControl_ErrorControl_inCommunication\STM32F103C6TX_FLASH.ld" --specs=nosys.specs -Wl,-Map="FlowControl_ErrorControl_inCommunication.map" -Wl,--gc-sections -static --specs=nano.specs -mfloat-abi=soft -mthumb -Wl,--start-group -lc -lm -Wl,--end-group
Finished building target: FlowControl_ErrorControl_inCommunication.elf
 
arm-none-eabi-size   FlowControl_ErrorControl_inCommunication.elf 
arm-none-eabi-objdump -h -S  FlowControl_ErrorControl_inCommunication.elf  > "FlowControl_ErrorControl_inCommunication.list"
arm-none-eabi-objcopy  -O ihex  FlowControl_ErrorControl_inCommunication.elf  "FlowControl_ErrorControl_inCommunication.hex"
   text	   data	    bss	    dec	    hex	filename
  13676	    120	   1744	  15540	   3cb4	FlowControl_ErrorControl_inCommunication.elf
Finished building: default.size.stdout
 
Finished building: FlowControl_ErrorControl_inCommunication.hex
 
Finished building: FlowControl_ErrorControl_inCommunication.list
 

08:06:49 Build Finished. 0 errors, 0 warnings. (took 594ms)

