06:38:42 **** Incremental Build of configuration Debug for project CustomizableTrafficLight ****
make -j8 all 
arm-none-eabi-size   CustomizableTrafficLight.elf 
   text	   data	    bss	    dec	    hex	filename
   8892	     24	   1688	  10604	   296c	CustomizableTrafficLight.elf
Finished building: default.size.stdout
 
06:51:28 **** Incremental Build of configuration Debug for project CustomizableTrafficLight ****
make -j8 all 
arm-none-eabi-gcc "../Core/Src/Ied_display.c" -mcpu=cortex-m3 -std=gnu11 -g3 -DDEBUG -DUSE_HAL_DRIVER -DSTM32F103x6 -c -I../Core/Inc -I../Drivers/STM32F1xx_HAL_Driver/Inc -I../Drivers/STM32F1xx_HAL_Driver/Inc/Legacy -I../Drivers/CMSIS/Device/ST/STM32F1xx/Include -I../Drivers/CMSIS/Include -O0 -ffunction-sections -fdata-sections -Wall -fstack-usage -MMD -MP -MF"Core/Src/Ied_display.d" -MT"Core/Src/Ied_display.o" --specs=nano.specs -mfloat-abi=soft -mthumb -o "Core/Src/Ied_display.o"
arm-none-eabi-gcc "../Core/Src/input_processing.c" -mcpu=cortex-m3 -std=gnu11 -g3 -DDEBUG -DUSE_HAL_DRIVER -DSTM32F103x6 -c -I../Core/Inc -I../Drivers/STM32F1xx_HAL_Driver/Inc -I../Drivers/STM32F1xx_HAL_Driver/Inc/Legacy -I../Drivers/CMSIS/Device/ST/STM32F1xx/Include -I../Drivers/CMSIS/Include -O0 -ffunction-sections -fdata-sections -Wall -fstack-usage -MMD -MP -MF"Core/Src/input_processing.d" -MT"Core/Src/input_processing.o" --specs=nano.specs -mfloat-abi=soft -mthumb -o "Core/Src/input_processing.o"
arm-none-eabi-gcc "../Core/Src/main.c" -mcpu=cortex-m3 -std=gnu11 -g3 -DDEBUG -DUSE_HAL_DRIVER -DSTM32F103x6 -c -I../Core/Inc -I../Drivers/STM32F1xx_HAL_Driver/Inc -I../Drivers/STM32F1xx_HAL_Driver/Inc/Legacy -I../Drivers/CMSIS/Device/ST/STM32F1xx/Include -I../Drivers/CMSIS/Include -O0 -ffunction-sections -fdata-sections -Wall -fstack-usage -MMD -MP -MF"Core/Src/main.d" -MT"Core/Src/main.o" --specs=nano.specs -mfloat-abi=soft -mthumb -o "Core/Src/main.o"
../Core/Src/Ied_display.c: In function 'get_disp_value':
../Core/Src/Ied_display.c:19:9: error: 'disp_value' undeclared (first use in this function)
   19 |  return disp_value;
      |         ^~~~~~~~~~
../Core/Src/Ied_display.c:19:9: note: each undeclared identifier is reported only once for each function it appears in
../Core/Src/Ied_display.c:20:1: warning: control reaches end of non-void function [-Wreturn-type]
   20 | }
      | ^
../Core/Src/input_processing.c: In function 'fsm_for_input_processing':
make: *** [Core/Src/subdir.mk:46: Core/Src/Ied_display.o] Error 1
make: *** Waiting for unfinished jobs....
../Core/Src/input_processing.c:48:5: warning: implicit declaration of function 'increase_disp_value'; did you mean 'get_disp_value'? [-Wimplicit-function-declaration]
   48 |     increase_disp_value();
      |     ^~~~~~~~~~~~~~~~~~~
      |     get_disp_value
"make -j8 all" terminated with exit code 2. Build might be incomplete.
06:51:39 **** Incremental Build of configuration Debug for project CustomizableTrafficLight ****
make -j8 all 
arm-none-eabi-gcc "../Core/Src/Ied_display.c" -mcpu=cortex-m3 -std=gnu11 -g3 -DDEBUG -DUSE_HAL_DRIVER -DSTM32F103x6 -c -I../Core/Inc -I../Drivers/STM32F1xx_HAL_Driver/Inc -I../Drivers/STM32F1xx_HAL_Driver/Inc/Legacy -I../Drivers/CMSIS/Device/ST/STM32F1xx/Include -I../Drivers/CMSIS/Include -O0 -ffunction-sections -fdata-sections -Wall -fstack-usage -MMD -MP -MF"Core/Src/Ied_display.d" -MT"Core/Src/Ied_display.o" --specs=nano.specs -mfloat-abi=soft -mthumb -o "Core/Src/Ied_display.o"
arm-none-eabi-gcc -o "CustomizableTrafficLight.elf" @"objects.list"   -mcpu=cortex-m3 -T"E:\Embedded\CO3009\STM32-Project\CustomizableTrafficLight\STM32F103C6TX_FLASH.ld" --specs=nosys.specs -Wl,-Map="CustomizableTrafficLight.map" -Wl,--gc-sections -static --specs=nano.specs -mfloat-abi=soft -mthumb -Wl,--start-group -lc -lm -Wl,--end-group
c:\st\stm32cubeide_1.9.0\stm32cubeide\plugins\com.st.stm32cube.ide.mcu.externaltools.gnu-tools-for-stm32.10.3-2021.10.win32_1.0.0.202111181127\tools\arm-none-eabi\bin\ld.exe: ./Core/Src/input_processing.o: in function `fsm_for_input_processing':
E:/Embedded/CO3009/STM32-Project/CustomizableTrafficLight/Debug/../Core/Src/input_processing.c:48: undefined reference to `increase_disp_value'
collect2.exe: error: ld returned 1 exit status
make: *** [makefile:67: CustomizableTrafficLight.elf] Error 1
"make -j8 all" terminated with exit code 2. Build might be incomplete.
06:52:01 **** Incremental Build of configuration Debug for project CustomizableTrafficLight ****
make -j8 all 
arm-none-eabi-gcc "../Core/Src/input_processing.c" -mcpu=cortex-m3 -std=gnu11 -g3 -DDEBUG -DUSE_HAL_DRIVER -DSTM32F103x6 -c -I../Core/Inc -I../Drivers/STM32F1xx_HAL_Driver/Inc -I../Drivers/STM32F1xx_HAL_Driver/Inc/Legacy -I../Drivers/CMSIS/Device/ST/STM32F1xx/Include -I../Drivers/CMSIS/Include -O0 -ffunction-sections -fdata-sections -Wall -fstack-usage -MMD -MP -MF"Core/Src/input_processing.d" -MT"Core/Src/input_processing.o" --specs=nano.specs -mfloat-abi=soft -mthumb -o "Core/Src/input_processing.o"
arm-none-eabi-gcc -o "CustomizableTrafficLight.elf" @"objects.list"   -mcpu=cortex-m3 -T"E:\Embedded\CO3009\STM32-Project\CustomizableTrafficLight\STM32F103C6TX_FLASH.ld" --specs=nosys.specs -Wl,-Map="CustomizableTrafficLight.map" -Wl,--gc-sections -static --specs=nano.specs -mfloat-abi=soft -mthumb -Wl,--start-group -lc -lm -Wl,--end-group
Finished building target: CustomizableTrafficLight.elf
 
arm-none-eabi-size   CustomizableTrafficLight.elf 
arm-none-eabi-objdump -h -S  CustomizableTrafficLight.elf  > "CustomizableTrafficLight.list"
arm-none-eabi-objcopy  -O ihex  CustomizableTrafficLight.elf  "CustomizableTrafficLight.hex"
   text	   data	    bss	    dec	    hex	filename
   8892	     24	   1688	  10604	   296c	CustomizableTrafficLight.elf
Finished building: default.size.stdout
 
Finished building: CustomizableTrafficLight.hex
 
Finished building: CustomizableTrafficLight.list
 
06:55:05 **** Incremental Build of configuration Debug for project CustomizableTrafficLight ****
make -j8 all 
arm-none-eabi-gcc "../Core/Src/Ied_display.c" -mcpu=cortex-m3 -std=gnu11 -g3 -DDEBUG -DUSE_HAL_DRIVER -DSTM32F103x6 -c -I../Core/Inc -I../Drivers/STM32F1xx_HAL_Driver/Inc -I../Drivers/STM32F1xx_HAL_Driver/Inc/Legacy -I../Drivers/CMSIS/Device/ST/STM32F1xx/Include -I../Drivers/CMSIS/Include -O0 -ffunction-sections -fdata-sections -Wall -fstack-usage -MMD -MP -MF"Core/Src/Ied_display.d" -MT"Core/Src/Ied_display.o" --specs=nano.specs -mfloat-abi=soft -mthumb -o "Core/Src/Ied_display.o"
arm-none-eabi-gcc "../Core/Src/main.c" -mcpu=cortex-m3 -std=gnu11 -g3 -DDEBUG -DUSE_HAL_DRIVER -DSTM32F103x6 -c -I../Core/Inc -I../Drivers/STM32F1xx_HAL_Driver/Inc -I../Drivers/STM32F1xx_HAL_Driver/Inc/Legacy -I../Drivers/CMSIS/Device/ST/STM32F1xx/Include -I../Drivers/CMSIS/Include -O0 -ffunction-sections -fdata-sections -Wall -fstack-usage -MMD -MP -MF"Core/Src/main.d" -MT"Core/Src/main.o" --specs=nano.specs -mfloat-abi=soft -mthumb -o "Core/Src/main.o"
../Core/Src/main.c: In function 'main':
../Core/Src/main.c:104:16: warning: implicit declaration of function 'get_mode' [-Wimplicit-function-declaration]
  104 |    display7SEG(get_mode());
      |                ^~~~~~~~
arm-none-eabi-gcc -o "CustomizableTrafficLight.elf" @"objects.list"   -mcpu=cortex-m3 -T"E:\Embedded\CO3009\STM32-Project\CustomizableTrafficLight\STM32F103C6TX_FLASH.ld" --specs=nosys.specs -Wl,-Map="CustomizableTrafficLight.map" -Wl,--gc-sections -static --specs=nano.specs -mfloat-abi=soft -mthumb -Wl,--start-group -lc -lm -Wl,--end-group
Finished building target: CustomizableTrafficLight.elf
 
arm-none-eabi-size   CustomizableTrafficLight.elf 
arm-none-eabi-objdump -h -S  CustomizableTrafficLight.elf  > "CustomizableTrafficLight.list"
arm-none-eabi-objcopy  -O ihex  CustomizableTrafficLight.elf  "CustomizableTrafficLight.hex"
   text	   data	    bss	    dec	    hex	filename
   8892	     24	   1688	  10604	   296c	CustomizableTrafficLight.elf
Finished building: default.size.stdout
 
Finished building: CustomizableTrafficLight.hex
 
Finished building: CustomizableTrafficLight.list
 
06:55:28 **** Incremental Build of configuration Debug for project CustomizableTrafficLight ****
make -j8 all 
arm-none-eabi-gcc "../Core/Src/Ied_display.c" -mcpu=cortex-m3 -std=gnu11 -g3 -DDEBUG -DUSE_HAL_DRIVER -DSTM32F103x6 -c -I../Core/Inc -I../Drivers/STM32F1xx_HAL_Driver/Inc -I../Drivers/STM32F1xx_HAL_Driver/Inc/Legacy -I../Drivers/CMSIS/Device/ST/STM32F1xx/Include -I../Drivers/CMSIS/Include -O0 -ffunction-sections -fdata-sections -Wall -fstack-usage -MMD -MP -MF"Core/Src/Ied_display.d" -MT"Core/Src/Ied_display.o" --specs=nano.specs -mfloat-abi=soft -mthumb -o "Core/Src/Ied_display.o"
arm-none-eabi-gcc "../Core/Src/input_processing.c" -mcpu=cortex-m3 -std=gnu11 -g3 -DDEBUG -DUSE_HAL_DRIVER -DSTM32F103x6 -c -I../Core/Inc -I../Drivers/STM32F1xx_HAL_Driver/Inc -I../Drivers/STM32F1xx_HAL_Driver/Inc/Legacy -I../Drivers/CMSIS/Device/ST/STM32F1xx/Include -I../Drivers/CMSIS/Include -O0 -ffunction-sections -fdata-sections -Wall -fstack-usage -MMD -MP -MF"Core/Src/input_processing.d" -MT"Core/Src/input_processing.o" --specs=nano.specs -mfloat-abi=soft -mthumb -o "Core/Src/input_processing.o"
arm-none-eabi-gcc "../Core/Src/main.c" -mcpu=cortex-m3 -std=gnu11 -g3 -DDEBUG -DUSE_HAL_DRIVER -DSTM32F103x6 -c -I../Core/Inc -I../Drivers/STM32F1xx_HAL_Driver/Inc -I../Drivers/STM32F1xx_HAL_Driver/Inc/Legacy -I../Drivers/CMSIS/Device/ST/STM32F1xx/Include -I../Drivers/CMSIS/Include -O0 -ffunction-sections -fdata-sections -Wall -fstack-usage -MMD -MP -MF"Core/Src/main.d" -MT"Core/Src/main.o" --specs=nano.specs -mfloat-abi=soft -mthumb -o "Core/Src/main.o"
arm-none-eabi-gcc -o "CustomizableTrafficLight.elf" @"objects.list"   -mcpu=cortex-m3 -T"E:\Embedded\CO3009\STM32-Project\CustomizableTrafficLight\STM32F103C6TX_FLASH.ld" --specs=nosys.specs -Wl,-Map="CustomizableTrafficLight.map" -Wl,--gc-sections -static --specs=nano.specs -mfloat-abi=soft -mthumb -Wl,--start-group -lc -lm -Wl,--end-group
Finished building target: CustomizableTrafficLight.elf
 
arm-none-eabi-size   CustomizableTrafficLight.elf 
arm-none-eabi-objdump -h -S  CustomizableTrafficLight.elf  > "CustomizableTrafficLight.list"
arm-none-eabi-objcopy  -O ihex  CustomizableTrafficLight.elf  "CustomizableTrafficLight.hex"
   text	   data	    bss	    dec	    hex	filename
   8892	     24	   1688	  10604	   296c	CustomizableTrafficLight.elf
Finished building: default.size.stdout
 
Finished building: CustomizableTrafficLight.hex
 
Finished building: CustomizableTrafficLight.list
 
07:02:02 **** Incremental Build of configuration Debug for project CustomizableTrafficLight ****
make -j8 all 
arm-none-eabi-gcc "../Core/Src/Ied_display.c" -mcpu=cortex-m3 -std=gnu11 -g3 -DDEBUG -DUSE_HAL_DRIVER -DSTM32F103x6 -c -I../Core/Inc -I../Drivers/STM32F1xx_HAL_Driver/Inc -I../Drivers/STM32F1xx_HAL_Driver/Inc/Legacy -I../Drivers/CMSIS/Device/ST/STM32F1xx/Include -I../Drivers/CMSIS/Include -O0 -ffunction-sections -fdata-sections -Wall -fstack-usage -MMD -MP -MF"Core/Src/Ied_display.d" -MT"Core/Src/Ied_display.o" --specs=nano.specs -mfloat-abi=soft -mthumb -o "Core/Src/Ied_display.o"
arm-none-eabi-gcc "../Core/Src/input_processing.c" -mcpu=cortex-m3 -std=gnu11 -g3 -DDEBUG -DUSE_HAL_DRIVER -DSTM32F103x6 -c -I../Core/Inc -I../Drivers/STM32F1xx_HAL_Driver/Inc -I../Drivers/STM32F1xx_HAL_Driver/Inc/Legacy -I../Drivers/CMSIS/Device/ST/STM32F1xx/Include -I../Drivers/CMSIS/Include -O0 -ffunction-sections -fdata-sections -Wall -fstack-usage -MMD -MP -MF"Core/Src/input_processing.d" -MT"Core/Src/input_processing.o" --specs=nano.specs -mfloat-abi=soft -mthumb -o "Core/Src/input_processing.o"
arm-none-eabi-gcc "../Core/Src/main.c" -mcpu=cortex-m3 -std=gnu11 -g3 -DDEBUG -DUSE_HAL_DRIVER -DSTM32F103x6 -c -I../Core/Inc -I../Drivers/STM32F1xx_HAL_Driver/Inc -I../Drivers/STM32F1xx_HAL_Driver/Inc/Legacy -I../Drivers/CMSIS/Device/ST/STM32F1xx/Include -I../Drivers/CMSIS/Include -O0 -ffunction-sections -fdata-sections -Wall -fstack-usage -MMD -MP -MF"Core/Src/main.d" -MT"Core/Src/main.o" --specs=nano.specs -mfloat-abi=soft -mthumb -o "Core/Src/main.o"
arm-none-eabi-gcc -o "CustomizableTrafficLight.elf" @"objects.list"   -mcpu=cortex-m3 -T"E:\Embedded\CO3009\STM32-Project\CustomizableTrafficLight\STM32F103C6TX_FLASH.ld" --specs=nosys.specs -Wl,-Map="CustomizableTrafficLight.map" -Wl,--gc-sections -static --specs=nano.specs -mfloat-abi=soft -mthumb -Wl,--start-group -lc -lm -Wl,--end-group
Finished building target: CustomizableTrafficLight.elf
 
arm-none-eabi-size   CustomizableTrafficLight.elf 
arm-none-eabi-objdump -h -S  CustomizableTrafficLight.elf  > "CustomizableTrafficLight.list"
arm-none-eabi-objcopy  -O ihex  CustomizableTrafficLight.elf  "CustomizableTrafficLight.hex"
   text	   data	    bss	    dec	    hex	filename
   8944	     24	   1688	  10656	   29a0	CustomizableTrafficLight.elf
Finished building: default.size.stdout
 
Finished building: CustomizableTrafficLight.hex
 
Finished building: CustomizableTrafficLight.list
 
07:05:45 **** Incremental Build of configuration Debug for project CustomizableTrafficLight ****
make -j8 all 
arm-none-eabi-gcc "../Core/Src/Ied_display.c" -mcpu=cortex-m3 -std=gnu11 -g3 -DDEBUG -DUSE_HAL_DRIVER -DSTM32F103x6 -c -I../Core/Inc -I../Drivers/STM32F1xx_HAL_Driver/Inc -I../Drivers/STM32F1xx_HAL_Driver/Inc/Legacy -I../Drivers/CMSIS/Device/ST/STM32F1xx/Include -I../Drivers/CMSIS/Include -O0 -ffunction-sections -fdata-sections -Wall -fstack-usage -MMD -MP -MF"Core/Src/Ied_display.d" -MT"Core/Src/Ied_display.o" --specs=nano.specs -mfloat-abi=soft -mthumb -o "Core/Src/Ied_display.o"
arm-none-eabi-gcc "../Core/Src/input_processing.c" -mcpu=cortex-m3 -std=gnu11 -g3 -DDEBUG -DUSE_HAL_DRIVER -DSTM32F103x6 -c -I../Core/Inc -I../Drivers/STM32F1xx_HAL_Driver/Inc -I../Drivers/STM32F1xx_HAL_Driver/Inc/Legacy -I../Drivers/CMSIS/Device/ST/STM32F1xx/Include -I../Drivers/CMSIS/Include -O0 -ffunction-sections -fdata-sections -Wall -fstack-usage -MMD -MP -MF"Core/Src/input_processing.d" -MT"Core/Src/input_processing.o" --specs=nano.specs -mfloat-abi=soft -mthumb -o "Core/Src/input_processing.o"
arm-none-eabi-gcc "../Core/Src/main.c" -mcpu=cortex-m3 -std=gnu11 -g3 -DDEBUG -DUSE_HAL_DRIVER -DSTM32F103x6 -c -I../Core/Inc -I../Drivers/STM32F1xx_HAL_Driver/Inc -I../Drivers/STM32F1xx_HAL_Driver/Inc/Legacy -I../Drivers/CMSIS/Device/ST/STM32F1xx/Include -I../Drivers/CMSIS/Include -O0 -ffunction-sections -fdata-sections -Wall -fstack-usage -MMD -MP -MF"Core/Src/main.d" -MT"Core/Src/main.o" --specs=nano.specs -mfloat-abi=soft -mthumb -o "Core/Src/main.o"
arm-none-eabi-gcc -o "CustomizableTrafficLight.elf" @"objects.list"   -mcpu=cortex-m3 -T"E:\Embedded\CO3009\STM32-Project\CustomizableTrafficLight\STM32F103C6TX_FLASH.ld" --specs=nosys.specs -Wl,-Map="CustomizableTrafficLight.map" -Wl,--gc-sections -static --specs=nano.specs -mfloat-abi=soft -mthumb -Wl,--start-group -lc -lm -Wl,--end-group
Finished building target: CustomizableTrafficLight.elf
 
arm-none-eabi-size   CustomizableTrafficLight.elf 
arm-none-eabi-objdump -h -S  CustomizableTrafficLight.elf  > "CustomizableTrafficLight.list"
arm-none-eabi-objcopy  -O ihex  CustomizableTrafficLight.elf  "CustomizableTrafficLight.hex"
   text	   data	    bss	    dec	    hex	filename
   8972	     28	   1684	  10684	   29bc	CustomizableTrafficLight.elf
Finished building: default.size.stdout
 
Finished building: CustomizableTrafficLight.hex
 
Finished building: CustomizableTrafficLight.list
 
07:06:10 **** Incremental Build of configuration Debug for project CustomizableTrafficLight ****
make -j8 all 
arm-none-eabi-gcc "../Core/Src/Ied_display.c" -mcpu=cortex-m3 -std=gnu11 -g3 -DDEBUG -DUSE_HAL_DRIVER -DSTM32F103x6 -c -I../Core/Inc -I../Drivers/STM32F1xx_HAL_Driver/Inc -I../Drivers/STM32F1xx_HAL_Driver/Inc/Legacy -I../Drivers/CMSIS/Device/ST/STM32F1xx/Include -I../Drivers/CMSIS/Include -O0 -ffunction-sections -fdata-sections -Wall -fstack-usage -MMD -MP -MF"Core/Src/Ied_display.d" -MT"Core/Src/Ied_display.o" --specs=nano.specs -mfloat-abi=soft -mthumb -o "Core/Src/Ied_display.o"
arm-none-eabi-gcc -o "CustomizableTrafficLight.elf" @"objects.list"   -mcpu=cortex-m3 -T"E:\Embedded\CO3009\STM32-Project\CustomizableTrafficLight\STM32F103C6TX_FLASH.ld" --specs=nosys.specs -Wl,-Map="CustomizableTrafficLight.map" -Wl,--gc-sections -static --specs=nano.specs -mfloat-abi=soft -mthumb -Wl,--start-group -lc -lm -Wl,--end-group
Finished building target: CustomizableTrafficLight.elf
 
arm-none-eabi-size   CustomizableTrafficLight.elf 
arm-none-eabi-objdump -h -S  CustomizableTrafficLight.elf  > "CustomizableTrafficLight.list"
arm-none-eabi-objcopy  -O ihex  CustomizableTrafficLight.elf  "CustomizableTrafficLight.hex"
   text	   data	    bss	    dec	    hex	filename
   8972	     28	   1684	  10684	   29bc	CustomizableTrafficLight.elf
Finished building: default.size.stdout
 
Finished building: CustomizableTrafficLight.hex
 
Finished building: CustomizableTrafficLight.list
 
07:08:32 **** Incremental Build of configuration Debug for project CustomizableTrafficLight ****
make -j8 all 
arm-none-eabi-gcc "../Core/Src/timer.c" -mcpu=cortex-m3 -std=gnu11 -g3 -DDEBUG -DUSE_HAL_DRIVER -DSTM32F103x6 -c -I../Core/Inc -I../Drivers/STM32F1xx_HAL_Driver/Inc -I../Drivers/STM32F1xx_HAL_Driver/Inc/Legacy -I../Drivers/CMSIS/Device/ST/STM32F1xx/Include -I../Drivers/CMSIS/Include -O0 -ffunction-sections -fdata-sections -Wall -fstack-usage -MMD -MP -MF"Core/Src/timer.d" -MT"Core/Src/timer.o" --specs=nano.specs -mfloat-abi=soft -mthumb -o "Core/Src/timer.o"
arm-none-eabi-gcc -o "CustomizableTrafficLight.elf" @"objects.list"   -mcpu=cortex-m3 -T"E:\Embedded\CO3009\STM32-Project\CustomizableTrafficLight\STM32F103C6TX_FLASH.ld" --specs=nosys.specs -Wl,-Map="CustomizableTrafficLight.map" -Wl,--gc-sections -static --specs=nano.specs -mfloat-abi=soft -mthumb -Wl,--start-group -lc -lm -Wl,--end-group
Finished building target: CustomizableTrafficLight.elf
 
arm-none-eabi-size   CustomizableTrafficLight.elf 
arm-none-eabi-objdump -h -S  CustomizableTrafficLight.elf  > "CustomizableTrafficLight.list"
arm-none-eabi-objcopy  -O ihex  CustomizableTrafficLight.elf  "CustomizableTrafficLight.hex"
   text	   data	    bss	    dec	    hex	filename
   9012	     28	   1692	  10732	   29ec	CustomizableTrafficLight.elf
Finished building: default.size.stdout
 
Finished building: CustomizableTrafficLight.hex
 
Finished building: CustomizableTrafficLight.list
 
07:08:19 **** Incremental Build of configuration Debug for project CustomizableTrafficLight ****
make -j8 all 
arm-none-eabi-gcc "../Drivers/STM32F1xx_HAL_Driver/Src/stm32f1xx_hal.c" -mcpu=cortex-m3 -std=gnu11 -g3 -DDEBUG -DUSE_HAL_DRIVER -DSTM32F103x6 -c -I../Core/Inc -I../Drivers/STM32F1xx_HAL_Driver/Inc -I../Drivers/STM32F1xx_HAL_Driver/Inc/Legacy -I../Drivers/CMSIS/Device/ST/STM32F1xx/Include -I../Drivers/CMSIS/Include -O0 -ffunction-sections -fdata-sections -Wall -fstack-usage -MMD -MP -MF"Drivers/STM32F1xx_HAL_Driver/Src/stm32f1xx_hal.d" -MT"Drivers/STM32F1xx_HAL_Driver/Src/stm32f1xx_hal.o" --specs=nano.specs -mfloat-abi=soft -mthumb -o "Drivers/STM32F1xx_HAL_Driver/Src/stm32f1xx_hal.o"
arm-none-eabi-gcc "../Drivers/STM32F1xx_HAL_Driver/Src/stm32f1xx_hal_cortex.c" -mcpu=cortex-m3 -std=gnu11 -g3 -DDEBUG -DUSE_HAL_DRIVER -DSTM32F103x6 -c -I../Core/Inc -I../Drivers/STM32F1xx_HAL_Driver/Inc -I../Drivers/STM32F1xx_HAL_Driver/Inc/Legacy -I../Drivers/CMSIS/Device/ST/STM32F1xx/Include -I../Drivers/CMSIS/Include -O0 -ffunction-sections -fdata-sections -Wall -fstack-usage -MMD -MP -MF"Drivers/STM32F1xx_HAL_Driver/Src/stm32f1xx_hal_cortex.d" -MT"Drivers/STM32F1xx_HAL_Driver/Src/stm32f1xx_hal_cortex.o" --specs=nano.specs -mfloat-abi=soft -mthumb -o "Drivers/STM32F1xx_HAL_Driver/Src/stm32f1xx_hal_cortex.o"
arm-none-eabi-gcc "../Drivers/STM32F1xx_HAL_Driver/Src/stm32f1xx_hal_dma.c" -mcpu=cortex-m3 -std=gnu11 -g3 -DDEBUG -DUSE_HAL_DRIVER -DSTM32F103x6 -c -I../Core/Inc -I../Drivers/STM32F1xx_HAL_Driver/Inc -I../Drivers/STM32F1xx_HAL_Driver/Inc/Legacy -I../Drivers/CMSIS/Device/ST/STM32F1xx/Include -I../Drivers/CMSIS/Include -O0 -ffunction-sections -fdata-sections -Wall -fstack-usage -MMD -MP -MF"Drivers/STM32F1xx_HAL_Driver/Src/stm32f1xx_hal_dma.d" -MT"Drivers/STM32F1xx_HAL_Driver/Src/stm32f1xx_hal_dma.o" --specs=nano.specs -mfloat-abi=soft -mthumb -o "Drivers/STM32F1xx_HAL_Driver/Src/stm32f1xx_hal_dma.o"
arm-none-eabi-gcc "../Drivers/STM32F1xx_HAL_Driver/Src/stm32f1xx_hal_exti.c" -mcpu=cortex-m3 -std=gnu11 -g3 -DDEBUG -DUSE_HAL_DRIVER -DSTM32F103x6 -c -I../Core/Inc -I../Drivers/STM32F1xx_HAL_Driver/Inc -I../Drivers/STM32F1xx_HAL_Driver/Inc/Legacy -I../Drivers/CMSIS/Device/ST/STM32F1xx/Include -I../Drivers/CMSIS/Include -O0 -ffunction-sections -fdata-sections -Wall -fstack-usage -MMD -MP -MF"Drivers/STM32F1xx_HAL_Driver/Src/stm32f1xx_hal_exti.d" -MT"Drivers/STM32F1xx_HAL_Driver/Src/stm32f1xx_hal_exti.o" --specs=nano.specs -mfloat-abi=soft -mthumb -o "Drivers/STM32F1xx_HAL_Driver/Src/stm32f1xx_hal_exti.o"
arm-none-eabi-gcc "../Drivers/STM32F1xx_HAL_Driver/Src/stm32f1xx_hal_flash.c" -mcpu=cortex-m3 -std=gnu11 -g3 -DDEBUG -DUSE_HAL_DRIVER -DSTM32F103x6 -c -I../Core/Inc -I../Drivers/STM32F1xx_HAL_Driver/Inc -I../Drivers/STM32F1xx_HAL_Driver/Inc/Legacy -I../Drivers/CMSIS/Device/ST/STM32F1xx/Include -I../Drivers/CMSIS/Include -O0 -ffunction-sections -fdata-sections -Wall -fstack-usage -MMD -MP -MF"Drivers/STM32F1xx_HAL_Driver/Src/stm32f1xx_hal_flash.d" -MT"Drivers/STM32F1xx_HAL_Driver/Src/stm32f1xx_hal_flash.o" --specs=nano.specs -mfloat-abi=soft -mthumb -o "Drivers/STM32F1xx_HAL_Driver/Src/stm32f1xx_hal_flash.o"
arm-none-eabi-gcc "../Drivers/STM32F1xx_HAL_Driver/Src/stm32f1xx_hal_flash_ex.c" -mcpu=cortex-m3 -std=gnu11 -g3 -DDEBUG -DUSE_HAL_DRIVER -DSTM32F103x6 -c -I../Core/Inc -I../Drivers/STM32F1xx_HAL_Driver/Inc -I../Drivers/STM32F1xx_HAL_Driver/Inc/Legacy -I../Drivers/CMSIS/Device/ST/STM32F1xx/Include -I../Drivers/CMSIS/Include -O0 -ffunction-sections -fdata-sections -Wall -fstack-usage -MMD -MP -MF"Drivers/STM32F1xx_HAL_Driver/Src/stm32f1xx_hal_flash_ex.d" -MT"Drivers/STM32F1xx_HAL_Driver/Src/stm32f1xx_hal_flash_ex.o" --specs=nano.specs -mfloat-abi=soft -mthumb -o "Drivers/STM32F1xx_HAL_Driver/Src/stm32f1xx_hal_flash_ex.o"
arm-none-eabi-gcc "../Drivers/STM32F1xx_HAL_Driver/Src/stm32f1xx_hal_gpio.c" -mcpu=cortex-m3 -std=gnu11 -g3 -DDEBUG -DUSE_HAL_DRIVER -DSTM32F103x6 -c -I../Core/Inc -I../Drivers/STM32F1xx_HAL_Driver/Inc -I../Drivers/STM32F1xx_HAL_Driver/Inc/Legacy -I../Drivers/CMSIS/Device/ST/STM32F1xx/Include -I../Drivers/CMSIS/Include -O0 -ffunction-sections -fdata-sections -Wall -fstack-usage -MMD -MP -MF"Drivers/STM32F1xx_HAL_Driver/Src/stm32f1xx_hal_gpio.d" -MT"Drivers/STM32F1xx_HAL_Driver/Src/stm32f1xx_hal_gpio.o" --specs=nano.specs -mfloat-abi=soft -mthumb -o "Drivers/STM32F1xx_HAL_Driver/Src/stm32f1xx_hal_gpio.o"
arm-none-eabi-gcc "../Drivers/STM32F1xx_HAL_Driver/Src/stm32f1xx_hal_gpio_ex.c" -mcpu=cortex-m3 -std=gnu11 -g3 -DDEBUG -DUSE_HAL_DRIVER -DSTM32F103x6 -c -I../Core/Inc -I../Drivers/STM32F1xx_HAL_Driver/Inc -I../Drivers/STM32F1xx_HAL_Driver/Inc/Legacy -I../Drivers/CMSIS/Device/ST/STM32F1xx/Include -I../Drivers/CMSIS/Include -O0 -ffunction-sections -fdata-sections -Wall -fstack-usage -MMD -MP -MF"Drivers/STM32F1xx_HAL_Driver/Src/stm32f1xx_hal_gpio_ex.d" -MT"Drivers/STM32F1xx_HAL_Driver/Src/stm32f1xx_hal_gpio_ex.o" --specs=nano.specs -mfloat-abi=soft -mthumb -o "Drivers/STM32F1xx_HAL_Driver/Src/stm32f1xx_hal_gpio_ex.o"
arm-none-eabi-gcc "../Drivers/STM32F1xx_HAL_Driver/Src/stm32f1xx_hal_pwr.c" -mcpu=cortex-m3 -std=gnu11 -g3 -DDEBUG -DUSE_HAL_DRIVER -DSTM32F103x6 -c -I../Core/Inc -I../Drivers/STM32F1xx_HAL_Driver/Inc -I../Drivers/STM32F1xx_HAL_Driver/Inc/Legacy -I../Drivers/CMSIS/Device/ST/STM32F1xx/Include -I../Drivers/CMSIS/Include -O0 -ffunction-sections -fdata-sections -Wall -fstack-usage -MMD -MP -MF"Drivers/STM32F1xx_HAL_Driver/Src/stm32f1xx_hal_pwr.d" -MT"Drivers/STM32F1xx_HAL_Driver/Src/stm32f1xx_hal_pwr.o" --specs=nano.specs -mfloat-abi=soft -mthumb -o "Drivers/STM32F1xx_HAL_Driver/Src/stm32f1xx_hal_pwr.o"
arm-none-eabi-gcc "../Drivers/STM32F1xx_HAL_Driver/Src/stm32f1xx_hal_rcc.c" -mcpu=cortex-m3 -std=gnu11 -g3 -DDEBUG -DUSE_HAL_DRIVER -DSTM32F103x6 -c -I../Core/Inc -I../Drivers/STM32F1xx_HAL_Driver/Inc -I../Drivers/STM32F1xx_HAL_Driver/Inc/Legacy -I../Drivers/CMSIS/Device/ST/STM32F1xx/Include -I../Drivers/CMSIS/Include -O0 -ffunction-sections -fdata-sections -Wall -fstack-usage -MMD -MP -MF"Drivers/STM32F1xx_HAL_Driver/Src/stm32f1xx_hal_rcc.d" -MT"Drivers/STM32F1xx_HAL_Driver/Src/stm32f1xx_hal_rcc.o" --specs=nano.specs -mfloat-abi=soft -mthumb -o "Drivers/STM32F1xx_HAL_Driver/Src/stm32f1xx_hal_rcc.o"
arm-none-eabi-gcc "../Drivers/STM32F1xx_HAL_Driver/Src/stm32f1xx_hal_rcc_ex.c" -mcpu=cortex-m3 -std=gnu11 -g3 -DDEBUG -DUSE_HAL_DRIVER -DSTM32F103x6 -c -I../Core/Inc -I../Drivers/STM32F1xx_HAL_Driver/Inc -I../Drivers/STM32F1xx_HAL_Driver/Inc/Legacy -I../Drivers/CMSIS/Device/ST/STM32F1xx/Include -I../Drivers/CMSIS/Include -O0 -ffunction-sections -fdata-sections -Wall -fstack-usage -MMD -MP -MF"Drivers/STM32F1xx_HAL_Driver/Src/stm32f1xx_hal_rcc_ex.d" -MT"Drivers/STM32F1xx_HAL_Driver/Src/stm32f1xx_hal_rcc_ex.o" --specs=nano.specs -mfloat-abi=soft -mthumb -o "Drivers/STM32F1xx_HAL_Driver/Src/stm32f1xx_hal_rcc_ex.o"
arm-none-eabi-gcc "../Drivers/STM32F1xx_HAL_Driver/Src/stm32f1xx_hal_tim.c" -mcpu=cortex-m3 -std=gnu11 -g3 -DDEBUG -DUSE_HAL_DRIVER -DSTM32F103x6 -c -I../Core/Inc -I../Drivers/STM32F1xx_HAL_Driver/Inc -I../Drivers/STM32F1xx_HAL_Driver/Inc/Legacy -I../Drivers/CMSIS/Device/ST/STM32F1xx/Include -I../Drivers/CMSIS/Include -O0 -ffunction-sections -fdata-sections -Wall -fstack-usage -MMD -MP -MF"Drivers/STM32F1xx_HAL_Driver/Src/stm32f1xx_hal_tim.d" -MT"Drivers/STM32F1xx_HAL_Driver/Src/stm32f1xx_hal_tim.o" --specs=nano.specs -mfloat-abi=soft -mthumb -o "Drivers/STM32F1xx_HAL_Driver/Src/stm32f1xx_hal_tim.o"
arm-none-eabi-gcc "../Drivers/STM32F1xx_HAL_Driver/Src/stm32f1xx_hal_tim_ex.c" -mcpu=cortex-m3 -std=gnu11 -g3 -DDEBUG -DUSE_HAL_DRIVER -DSTM32F103x6 -c -I../Core/Inc -I../Drivers/STM32F1xx_HAL_Driver/Inc -I../Drivers/STM32F1xx_HAL_Driver/Inc/Legacy -I../Drivers/CMSIS/Device/ST/STM32F1xx/Include -I../Drivers/CMSIS/Include -O0 -ffunction-sections -fdata-sections -Wall -fstack-usage -MMD -MP -MF"Drivers/STM32F1xx_HAL_Driver/Src/stm32f1xx_hal_tim_ex.d" -MT"Drivers/STM32F1xx_HAL_Driver/Src/stm32f1xx_hal_tim_ex.o" --specs=nano.specs -mfloat-abi=soft -mthumb -o "Drivers/STM32F1xx_HAL_Driver/Src/stm32f1xx_hal_tim_ex.o"
arm-none-eabi-gcc "../Core/Src/Ied_display.c" -mcpu=cortex-m3 -std=gnu11 -g3 -DDEBUG -DUSE_HAL_DRIVER -DSTM32F103x6 -c -I../Core/Inc -I../Drivers/STM32F1xx_HAL_Driver/Inc -I../Drivers/STM32F1xx_HAL_Driver/Inc/Legacy -I../Drivers/CMSIS/Device/ST/STM32F1xx/Include -I../Drivers/CMSIS/Include -O0 -ffunction-sections -fdata-sections -Wall -fstack-usage -MMD -MP -MF"Core/Src/Ied_display.d" -MT"Core/Src/Ied_display.o" --specs=nano.specs -mfloat-abi=soft -mthumb -o "Core/Src/Ied_display.o"
arm-none-eabi-gcc "../Core/Src/input_processing.c" -mcpu=cortex-m3 -std=gnu11 -g3 -DDEBUG -DUSE_HAL_DRIVER -DSTM32F103x6 -c -I../Core/Inc -I../Drivers/STM32F1xx_HAL_Driver/Inc -I../Drivers/STM32F1xx_HAL_Driver/Inc/Legacy -I../Drivers/CMSIS/Device/ST/STM32F1xx/Include -I../Drivers/CMSIS/Include -O0 -ffunction-sections -fdata-sections -Wall -fstack-usage -MMD -MP -MF"Core/Src/input_processing.d" -MT"Core/Src/input_processing.o" --specs=nano.specs -mfloat-abi=soft -mthumb -o "Core/Src/input_processing.o"
arm-none-eabi-gcc "../Core/Src/input_reading.c" -mcpu=cortex-m3 -std=gnu11 -g3 -DDEBUG -DUSE_HAL_DRIVER -DSTM32F103x6 -c -I../Core/Inc -I../Drivers/STM32F1xx_HAL_Driver/Inc -I../Drivers/STM32F1xx_HAL_Driver/Inc/Legacy -I../Drivers/CMSIS/Device/ST/STM32F1xx/Include -I../Drivers/CMSIS/Include -O0 -ffunction-sections -fdata-sections -Wall -fstack-usage -MMD -MP -MF"Core/Src/input_reading.d" -MT"Core/Src/input_reading.o" --specs=nano.specs -mfloat-abi=soft -mthumb -o "Core/Src/input_reading.o"
../Core/Src/input_processing.c: In function 'fsm_for_input_processing':
../Core/Src/input_processing.c:21:5: warning: implicit declaration of function 'change_mode' [-Wimplicit-function-declaration]
   21 |     change_mode();
      |     ^~~~~~~~~~~
../Core/Src/Ied_display.c:10:13: warning: 'display7SEG' defined but not used [-Wunused-function]
   10 | static void display7SEG(int num)
      |             ^~~~~~~~~~~
arm-none-eabi-gcc "../Core/Src/main.c" -mcpu=cortex-m3 -std=gnu11 -g3 -DDEBUG -DUSE_HAL_DRIVER -DSTM32F103x6 -c -I../Core/Inc -I../Drivers/STM32F1xx_HAL_Driver/Inc -I../Drivers/STM32F1xx_HAL_Driver/Inc/Legacy -I../Drivers/CMSIS/Device/ST/STM32F1xx/Include -I../Drivers/CMSIS/Include -O0 -ffunction-sections -fdata-sections -Wall -fstack-usage -MMD -MP -MF"Core/Src/main.d" -MT"Core/Src/main.o" --specs=nano.specs -mfloat-abi=soft -mthumb -o "Core/Src/main.o"
arm-none-eabi-gcc "../Core/Src/stm32f1xx_hal_msp.c" -mcpu=cortex-m3 -std=gnu11 -g3 -DDEBUG -DUSE_HAL_DRIVER -DSTM32F103x6 -c -I../Core/Inc -I../Drivers/STM32F1xx_HAL_Driver/Inc -I../Drivers/STM32F1xx_HAL_Driver/Inc/Legacy -I../Drivers/CMSIS/Device/ST/STM32F1xx/Include -I../Drivers/CMSIS/Include -O0 -ffunction-sections -fdata-sections -Wall -fstack-usage -MMD -MP -MF"Core/Src/stm32f1xx_hal_msp.d" -MT"Core/Src/stm32f1xx_hal_msp.o" --specs=nano.specs -mfloat-abi=soft -mthumb -o "Core/Src/stm32f1xx_hal_msp.o"
arm-none-eabi-gcc "../Core/Src/stm32f1xx_it.c" -mcpu=cortex-m3 -std=gnu11 -g3 -DDEBUG -DUSE_HAL_DRIVER -DSTM32F103x6 -c -I../Core/Inc -I../Drivers/STM32F1xx_HAL_Driver/Inc -I../Drivers/STM32F1xx_HAL_Driver/Inc/Legacy -I../Drivers/CMSIS/Device/ST/STM32F1xx/Include -I../Drivers/CMSIS/Include -O0 -ffunction-sections -fdata-sections -Wall -fstack-usage -MMD -MP -MF"Core/Src/stm32f1xx_it.d" -MT"Core/Src/stm32f1xx_it.o" --specs=nano.specs -mfloat-abi=soft -mthumb -o "Core/Src/stm32f1xx_it.o"
arm-none-eabi-gcc "../Core/Src/system_stm32f1xx.c" -mcpu=cortex-m3 -std=gnu11 -g3 -DDEBUG -DUSE_HAL_DRIVER -DSTM32F103x6 -c -I../Core/Inc -I../Drivers/STM32F1xx_HAL_Driver/Inc -I../Drivers/STM32F1xx_HAL_Driver/Inc/Legacy -I../Drivers/CMSIS/Device/ST/STM32F1xx/Include -I../Drivers/CMSIS/Include -O0 -ffunction-sections -fdata-sections -Wall -fstack-usage -MMD -MP -MF"Core/Src/system_stm32f1xx.d" -MT"Core/Src/system_stm32f1xx.o" --specs=nano.specs -mfloat-abi=soft -mthumb -o "Core/Src/system_stm32f1xx.o"
arm-none-eabi-gcc "../Core/Src/timer.c" -mcpu=cortex-m3 -std=gnu11 -g3 -DDEBUG -DUSE_HAL_DRIVER -DSTM32F103x6 -c -I../Core/Inc -I../Drivers/STM32F1xx_HAL_Driver/Inc -I../Drivers/STM32F1xx_HAL_Driver/Inc/Legacy -I../Drivers/CMSIS/Device/ST/STM32F1xx/Include -I../Drivers/CMSIS/Include -O0 -ffunction-sections -fdata-sections -Wall -fstack-usage -MMD -MP -MF"Core/Src/timer.d" -MT"Core/Src/timer.o" --specs=nano.specs -mfloat-abi=soft -mthumb -o "Core/Src/timer.o"
../Core/Src/main.c: In function 'main':
../Core/Src/main.c:99:3: warning: implicit declaration of function 'init_mode' [-Wimplicit-function-declaration]
   99 |   init_mode();
      |   ^~~~~~~~~
../Core/Src/main.c:105:17: warning: implicit declaration of function 'get_mode' [-Wimplicit-function-declaration]
  105 |    displayMode (get_mode());
      |                 ^~~~~~~~
arm-none-eabi-gcc -o "CustomizableTrafficLight.elf" @"objects.list"   -mcpu=cortex-m3 -T"E:\Embedded\CO3009\STM32-Project\CustomizableTrafficLight\STM32F103C6TX_FLASH.ld" --specs=nosys.specs -Wl,-Map="CustomizableTrafficLight.map" -Wl,--gc-sections -static --specs=nano.specs -mfloat-abi=soft -mthumb -Wl,--start-group -lc -lm -Wl,--end-group
c:\st\stm32cubeide_1.9.0\stm32cubeide\plugins\com.st.stm32cube.ide.mcu.externaltools.gnu-tools-for-stm32.10.3-2021.10.win32_1.0.0.202111181127\tools\arm-none-eabi\bin\ld.exe: ./Core/Src/input_processing.o: in function `fsm_for_input_processing':
E:/Embedded/CO3009/STM32-Project/CustomizableTrafficLight/Debug/../Core/Src/input_processing.c:21: undefined reference to `change_mode'
c:\st\stm32cubeide_1.9.0\stm32cubeide\plugins\com.st.stm32cube.ide.mcu.externaltools.gnu-tools-for-stm32.10.3-2021.10.win32_1.0.0.202111181127\tools\arm-none-eabi\bin\ld.exe: E:/Embedded/CO3009/STM32-Project/CustomizableTrafficLight/Debug/../Core/Src/input_processing.c:34: undefined reference to `change_mode'
c:\st\stm32cubeide_1.9.0\stm32cubeide\plugins\com.st.stm32cube.ide.mcu.externaltools.gnu-tools-for-stm32.10.3-2021.10.win32_1.0.0.202111181127\tools\arm-none-eabi\bin\ld.exe: E:/Embedded/CO3009/STM32-Project/CustomizableTrafficLight/Debug/../Core/Src/input_processing.c:48: undefined reference to `change_mode'
c:\st\stm32cubeide_1.9.0\stm32cubeide\plugins\com.st.stm32cube.ide.mcu.externaltools.gnu-tools-for-stm32.10.3-2021.10.win32_1.0.0.202111181127\tools\arm-none-eabi\bin\ld.exe: ./Core/Src/main.o: in function `main':
E:/Embedded/CO3009/STM32-Project/CustomizableTrafficLight/Debug/../Core/Src/main.c:99: undefined reference to `init_mode'
c:\st\stm32cubeide_1.9.0\stm32cubeide\plugins\com.st.stm32cube.ide.mcu.externaltools.gnu-tools-for-stm32.10.3-2021.10.win32_1.0.0.202111181127\tools\arm-none-eabi\bin\ld.exe: E:/Embedded/CO3009/STM32-Project/CustomizableTrafficLight/Debug/../Core/Src/main.c:105: undefined reference to `get_mode'
c:\st\stm32cubeide_1.9.0\stm32cubeide\plugins\com.st.stm32cube.ide.mcu.externaltools.gnu-tools-for-stm32.10.3-2021.10.win32_1.0.0.202111181127\tools\arm-none-eabi\bin\ld.exe: E:/Embedded/CO3009/STM32-Project/CustomizableTrafficLight/Debug/../Core/Src/main.c:105: undefined reference to `displayMode'
collect2.exe: error: ld returned 1 exit status
make: *** [makefile:67: CustomizableTrafficLight.elf] Error 1
"make -j8 all" terminated with exit code 2. Build might be incomplete.
07:08:51 **** Incremental Build of configuration Debug for project CustomizableTrafficLight ****
make -j8 all 
arm-none-eabi-gcc "../Core/Src/input_processing.c" -mcpu=cortex-m3 -std=gnu11 -g3 -DDEBUG -DUSE_HAL_DRIVER -DSTM32F103x6 -c -I../Core/Inc -I../Drivers/STM32F1xx_HAL_Driver/Inc -I../Drivers/STM32F1xx_HAL_Driver/Inc/Legacy -I../Drivers/CMSIS/Device/ST/STM32F1xx/Include -I../Drivers/CMSIS/Include -O0 -ffunction-sections -fdata-sections -Wall -fstack-usage -MMD -MP -MF"Core/Src/input_processing.d" -MT"Core/Src/input_processing.o" --specs=nano.specs -mfloat-abi=soft -mthumb -o "Core/Src/input_processing.o"
arm-none-eabi-gcc -o "CustomizableTrafficLight.elf" @"objects.list"   -mcpu=cortex-m3 -T"E:\Embedded\CO3009\STM32-Project\CustomizableTrafficLight\STM32F103C6TX_FLASH.ld" --specs=nosys.specs -Wl,-Map="CustomizableTrafficLight.map" -Wl,--gc-sections -static --specs=nano.specs -mfloat-abi=soft -mthumb -Wl,--start-group -lc -lm -Wl,--end-group
c:\st\stm32cubeide_1.9.0\stm32cubeide\plugins\com.st.stm32cube.ide.mcu.externaltools.gnu-tools-for-stm32.10.3-2021.10.win32_1.0.0.202111181127\tools\arm-none-eabi\bin\ld.exe: ./Core/Src/main.o: in function `main':
E:/Embedded/CO3009/STM32-Project/CustomizableTrafficLight/Debug/../Core/Src/main.c:99: undefined reference to `init_mode'
c:\st\stm32cubeide_1.9.0\stm32cubeide\plugins\com.st.stm32cube.ide.mcu.externaltools.gnu-tools-for-stm32.10.3-2021.10.win32_1.0.0.202111181127\tools\arm-none-eabi\bin\ld.exe: E:/Embedded/CO3009/STM32-Project/CustomizableTrafficLight/Debug/../Core/Src/main.c:105: undefined reference to `get_mode'
c:\st\stm32cubeide_1.9.0\stm32cubeide\plugins\com.st.stm32cube.ide.mcu.externaltools.gnu-tools-for-stm32.10.3-2021.10.win32_1.0.0.202111181127\tools\arm-none-eabi\bin\ld.exe: E:/Embedded/CO3009/STM32-Project/CustomizableTrafficLight/Debug/../Core/Src/main.c:105: undefined reference to `displayMode'
collect2.exe: error: ld returned 1 exit status
make: *** [makefile:67: CustomizableTrafficLight.elf] Error 1
"make -j8 all" terminated with exit code 2. Build might be incomplete.
07:09:01 **** Incremental Build of configuration Debug for project CustomizableTrafficLight ****
make -j8 all 
arm-none-eabi-gcc "../Core/Src/main.c" -mcpu=cortex-m3 -std=gnu11 -g3 -DDEBUG -DUSE_HAL_DRIVER -DSTM32F103x6 -c -I../Core/Inc -I../Drivers/STM32F1xx_HAL_Driver/Inc -I../Drivers/STM32F1xx_HAL_Driver/Inc/Legacy -I../Drivers/CMSIS/Device/ST/STM32F1xx/Include -I../Drivers/CMSIS/Include -O0 -ffunction-sections -fdata-sections -Wall -fstack-usage -MMD -MP -MF"Core/Src/main.d" -MT"Core/Src/main.o" --specs=nano.specs -mfloat-abi=soft -mthumb -o "Core/Src/main.o"
../Core/Src/main.c: In function 'main':
../Core/Src/main.c:104:17: warning: implicit declaration of function 'get_mode' [-Wimplicit-function-declaration]
  104 |    displayMode (get_mode());
      |                 ^~~~~~~~
arm-none-eabi-gcc -o "CustomizableTrafficLight.elf" @"objects.list"   -mcpu=cortex-m3 -T"E:\Embedded\CO3009\STM32-Project\CustomizableTrafficLight\STM32F103C6TX_FLASH.ld" --specs=nosys.specs -Wl,-Map="CustomizableTrafficLight.map" -Wl,--gc-sections -static --specs=nano.specs -mfloat-abi=soft -mthumb -Wl,--start-group -lc -lm -Wl,--end-group
c:\st\stm32cubeide_1.9.0\stm32cubeide\plugins\com.st.stm32cube.ide.mcu.externaltools.gnu-tools-for-stm32.10.3-2021.10.win32_1.0.0.202111181127\tools\arm-none-eabi\bin\ld.exe: ./Core/Src/main.o: in function `main':
E:/Embedded/CO3009/STM32-Project/CustomizableTrafficLight/Debug/../Core/Src/main.c:104: undefined reference to `get_mode'
c:\st\stm32cubeide_1.9.0\stm32cubeide\plugins\com.st.stm32cube.ide.mcu.externaltools.gnu-tools-for-stm32.10.3-2021.10.win32_1.0.0.202111181127\tools\arm-none-eabi\bin\ld.exe: E:/Embedded/CO3009/STM32-Project/CustomizableTrafficLight/Debug/../Core/Src/main.c:104: undefined reference to `displayMode'
collect2.exe: error: ld returned 1 exit status
make: *** [makefile:67: CustomizableTrafficLight.elf] Error 1
"make -j8 all" terminated with exit code 2. Build might be incomplete.
07:09:15 **** Incremental Build of configuration Debug for project CustomizableTrafficLight ****
make -j8 all 
arm-none-eabi-gcc "../Core/Src/main.c" -mcpu=cortex-m3 -std=gnu11 -g3 -DDEBUG -DUSE_HAL_DRIVER -DSTM32F103x6 -c -I../Core/Inc -I../Drivers/STM32F1xx_HAL_Driver/Inc -I../Drivers/STM32F1xx_HAL_Driver/Inc/Legacy -I../Drivers/CMSIS/Device/ST/STM32F1xx/Include -I../Drivers/CMSIS/Include -O0 -ffunction-sections -fdata-sections -Wall -fstack-usage -MMD -MP -MF"Core/Src/main.d" -MT"Core/Src/main.o" --specs=nano.specs -mfloat-abi=soft -mthumb -o "Core/Src/main.o"
arm-none-eabi-gcc -o "CustomizableTrafficLight.elf" @"objects.list"   -mcpu=cortex-m3 -T"E:\Embedded\CO3009\STM32-Project\CustomizableTrafficLight\STM32F103C6TX_FLASH.ld" --specs=nosys.specs -Wl,-Map="CustomizableTrafficLight.map" -Wl,--gc-sections -static --specs=nano.specs -mfloat-abi=soft -mthumb -Wl,--start-group -lc -lm -Wl,--end-group
Finished building target: CustomizableTrafficLight.elf
 
arm-none-eabi-size   CustomizableTrafficLight.elf 
arm-none-eabi-objdump -h -S  CustomizableTrafficLight.elf  > "CustomizableTrafficLight.list"
arm-none-eabi-objcopy  -O ihex  CustomizableTrafficLight.elf  "CustomizableTrafficLight.hex"
   text	   data	    bss	    dec	    hex	filename
   8048	     24	   1696	   9768	   2628	CustomizableTrafficLight.elf
Finished building: default.size.stdout
 
Finished building: CustomizableTrafficLight.list
 
Finished building: CustomizableTrafficLight.hex
 
07:14:33 **** Incremental Build of configuration Debug for project CustomizableTrafficLight ****
make -j8 all 
arm-none-eabi-gcc "../Core/Src/input_reading.c" -mcpu=cortex-m3 -std=gnu11 -g3 -DDEBUG -DUSE_HAL_DRIVER -DSTM32F103x6 -c -I../Core/Inc -I../Drivers/STM32F1xx_HAL_Driver/Inc -I../Drivers/STM32F1xx_HAL_Driver/Inc/Legacy -I../Drivers/CMSIS/Device/ST/STM32F1xx/Include -I../Drivers/CMSIS/Include -O0 -ffunction-sections -fdata-sections -Wall -fstack-usage -MMD -MP -MF"Core/Src/input_reading.d" -MT"Core/Src/input_reading.o" --specs=nano.specs -mfloat-abi=soft -mthumb -o "Core/Src/input_reading.o"
arm-none-eabi-gcc "../Core/Src/main.c" -mcpu=cortex-m3 -std=gnu11 -g3 -DDEBUG -DUSE_HAL_DRIVER -DSTM32F103x6 -c -I../Core/Inc -I../Drivers/STM32F1xx_HAL_Driver/Inc -I../Drivers/STM32F1xx_HAL_Driver/Inc/Legacy -I../Drivers/CMSIS/Device/ST/STM32F1xx/Include -I../Drivers/CMSIS/Include -O0 -ffunction-sections -fdata-sections -Wall -fstack-usage -MMD -MP -MF"Core/Src/main.d" -MT"Core/Src/main.o" --specs=nano.specs -mfloat-abi=soft -mthumb -o "Core/Src/main.o"
../Core/Src/main.c: In function 'main':
../Core/Src/main.c:111:11: error: 'buttonState' undeclared (first use in this function)
  111 |    switch(buttonState)
      |           ^~~~~~~~~~~
../Core/Src/main.c:111:11: note: each undeclared identifier is reported only once for each function it appears in
../Core/Src/main.c:113:12: error: 'BUTTON_RELEASED' undeclared (first use in this function)
  113 |       case BUTTON_RELEASED:
      |            ^~~~~~~~~~~~~~~
../Core/Src/main.c:116:23: error: 'BUTTON_PRESSED' undeclared (first use in this function)
  116 |         buttonState = BUTTON_PRESSED;
      |                       ^~~~~~~~~~~~~~
../Core/Src/main.c:128:21: error: 'BUTTON_PRESSED_MORE_THAN_1_SECOND' undeclared (first use in this function)
  128 |       buttonState = BUTTON_PRESSED_MORE_THAN_1_SECOND;
      |                     ^~~~~~~~~~~~~~~~~~~~~~~~~~~~~~~~~
../Core/Src/main.c:71:6: warning: unused variable 'mode' [-Wunused-variable]
   71 |  int mode = 1;
      |      ^~~~
make: *** [Core/Src/subdir.mk:46: Core/Src/main.o] Error 1
make: *** Waiting for unfinished jobs....
"make -j8 all" terminated with exit code 2. Build might be incomplete.
07:14:55 **** Incremental Build of configuration Debug for project CustomizableTrafficLight ****
make -j8 all 
arm-none-eabi-gcc "../Core/Src/main.c" -mcpu=cortex-m3 -std=gnu11 -g3 -DDEBUG -DUSE_HAL_DRIVER -DSTM32F103x6 -c -I../Core/Inc -I../Drivers/STM32F1xx_HAL_Driver/Inc -I../Drivers/STM32F1xx_HAL_Driver/Inc/Legacy -I../Drivers/CMSIS/Device/ST/STM32F1xx/Include -I../Drivers/CMSIS/Include -O0 -ffunction-sections -fdata-sections -Wall -fstack-usage -MMD -MP -MF"Core/Src/main.d" -MT"Core/Src/main.o" --specs=nano.specs -mfloat-abi=soft -mthumb -o "Core/Src/main.o"
../Core/Src/main.c: In function 'main':
../Core/Src/main.c:71:6: warning: unused variable 'mode' [-Wunused-variable]
   71 |  int mode = 1;
      |      ^~~~
arm-none-eabi-gcc -o "CustomizableTrafficLight.elf" @"objects.list"   -mcpu=cortex-m3 -T"E:\Embedded\CO3009\STM32-Project\CustomizableTrafficLight\STM32F103C6TX_FLASH.ld" --specs=nosys.specs -Wl,-Map="CustomizableTrafficLight.map" -Wl,--gc-sections -static --specs=nano.specs -mfloat-abi=soft -mthumb -Wl,--start-group -lc -lm -Wl,--end-group
Finished building target: CustomizableTrafficLight.elf
 
arm-none-eabi-size   CustomizableTrafficLight.elf 
arm-none-eabi-objdump -h -S  CustomizableTrafficLight.elf  > "CustomizableTrafficLight.list"
arm-none-eabi-objcopy  -O ihex  CustomizableTrafficLight.elf  "CustomizableTrafficLight.hex"
   text	   data	    bss	    dec	    hex	filename
   8060	     24	   1704	   9788	   263c	CustomizableTrafficLight.elf
Finished building: default.size.stdout
 
Finished building: CustomizableTrafficLight.hex
Finished building: CustomizableTrafficLight.list
 
 
07:15:07 **** Incremental Build of configuration Debug for project CustomizableTrafficLight ****
make -j8 all 
arm-none-eabi-size   CustomizableTrafficLight.elf 
   text	   data	    bss	    dec	    hex	filename
   8060	     24	   1704	   9788	   263c	CustomizableTrafficLight.elf
Finished building: default.size.stdout
 
07:23:37 **** Incremental Build of configuration Debug for project CustomizableTrafficLight ****
make -j8 all 
arm-none-eabi-gcc "../Core/Src/input_processing.c" -mcpu=cortex-m3 -std=gnu11 -g3 -DDEBUG -DUSE_HAL_DRIVER -DSTM32F103x6 -c -I../Core/Inc -I../Drivers/STM32F1xx_HAL_Driver/Inc -I../Drivers/STM32F1xx_HAL_Driver/Inc/Legacy -I../Drivers/CMSIS/Device/ST/STM32F1xx/Include -I../Drivers/CMSIS/Include -O0 -ffunction-sections -fdata-sections -Wall -fstack-usage -MMD -MP -MF"Core/Src/input_processing.d" -MT"Core/Src/input_processing.o" --specs=nano.specs -mfloat-abi=soft -mthumb -o "Core/Src/input_processing.o"
../Core/Src/input_processing.c: In function 'ChangeMode':
../Core/Src/input_processing.c:17:2: warning: enumeration value 'BUTTON_PRESSED_MORE_THAN_1_SECOND' not handled in switch [-Wswitch]
   17 |  switch (buttonState[0]) {
      |  ^~~~~~
../Core/Src/input_processing.c: In function 'fsm_for_input_processing':
../Core/Src/input_processing.c:42:17: error: assignment to expression with array type
   42 |     buttonState = BUTTON_PRESSED;
      |                 ^
../Core/Src/input_processing.c:48:17: error: assignment to expression with array type
   48 |     buttonState = BUTTON_RELEASED;
      |                 ^
../Core/Src/input_processing.c:54:18: error: assignment to expression with array type
   54 |      buttonState = BUTTON_PRESSED_MORE_THAN_1_SECOND;
      |                  ^
../Core/Src/input_processing.c:61:17: error: assignment to expression with array type
   61 |     buttonState = BUTTON_RELEASED;
      |                 ^
make: *** [Core/Src/subdir.mk:46: Core/Src/input_processing.o] Error 1
"make -j8 all" terminated with exit code 2. Build might be incomplete.
07:28:13 **** Incremental Build of configuration Debug for project CustomizableTrafficLight ****
make -j8 all 
arm-none-eabi-gcc "../Core/Src/Ied_display.c" -mcpu=cortex-m3 -std=gnu11 -g3 -DDEBUG -DUSE_HAL_DRIVER -DSTM32F103x6 -c -I../Core/Inc -I../Drivers/STM32F1xx_HAL_Driver/Inc -I../Drivers/STM32F1xx_HAL_Driver/Inc/Legacy -I../Drivers/CMSIS/Device/ST/STM32F1xx/Include -I../Drivers/CMSIS/Include -O0 -ffunction-sections -fdata-sections -Wall -fstack-usage -MMD -MP -MF"Core/Src/Ied_display.d" -MT"Core/Src/Ied_display.o" --specs=nano.specs -mfloat-abi=soft -mthumb -o "Core/Src/Ied_display.o"
arm-none-eabi-gcc "../Core/Src/input_processing.c" -mcpu=cortex-m3 -std=gnu11 -g3 -DDEBUG -DUSE_HAL_DRIVER -DSTM32F103x6 -c -I../Core/Inc -I../Drivers/STM32F1xx_HAL_Driver/Inc -I../Drivers/STM32F1xx_HAL_Driver/Inc/Legacy -I../Drivers/CMSIS/Device/ST/STM32F1xx/Include -I../Drivers/CMSIS/Include -O0 -ffunction-sections -fdata-sections -Wall -fstack-usage -MMD -MP -MF"Core/Src/input_processing.d" -MT"Core/Src/input_processing.o" --specs=nano.specs -mfloat-abi=soft -mthumb -o "Core/Src/input_processing.o"
arm-none-eabi-gcc "../Core/Src/main.c" -mcpu=cortex-m3 -std=gnu11 -g3 -DDEBUG -DUSE_HAL_DRIVER -DSTM32F103x6 -c -I../Core/Inc -I../Drivers/STM32F1xx_HAL_Driver/Inc -I../Drivers/STM32F1xx_HAL_Driver/Inc/Legacy -I../Drivers/CMSIS/Device/ST/STM32F1xx/Include -I../Drivers/CMSIS/Include -O0 -ffunction-sections -fdata-sections -Wall -fstack-usage -MMD -MP -MF"Core/Src/main.d" -MT"Core/Src/main.o" --specs=nano.specs -mfloat-abi=soft -mthumb -o "Core/Src/main.o"
../Core/Src/input_processing.c: In function 'UpdateMode':
../Core/Src/input_processing.c:17:2: warning: enumeration value 'BUTTON_PRESSED_MORE_THAN_1_SECOND' not handled in switch [-Wswitch]
   17 |  switch (buttonState[0]) {
      |  ^~~~~~
../Core/Src/Ied_display.c: In function 'displayMode':
../Core/Src/Ied_display.c:112:14: warning: implicit declaration of function 'getMode' [-Wimplicit-function-declaration]
  112 |  display7SEG(getMode());
      |              ^~~~~~~
../Core/Src/main.c: In function 'main':
../Core/Src/main.c:71:6: warning: unused variable 'mode' [-Wunused-variable]
   71 |  int mode = 1;
      |      ^~~~
arm-none-eabi-gcc -o "CustomizableTrafficLight.elf" @"objects.list"   -mcpu=cortex-m3 -T"E:\Embedded\CO3009\STM32-Project\CustomizableTrafficLight\STM32F103C6TX_FLASH.ld" --specs=nosys.specs -Wl,-Map="CustomizableTrafficLight.map" -Wl,--gc-sections -static --specs=nano.specs -mfloat-abi=soft -mthumb -Wl,--start-group -lc -lm -Wl,--end-group
Finished building target: CustomizableTrafficLight.elf
 
arm-none-eabi-size   CustomizableTrafficLight.elf 
arm-none-eabi-objdump -h -S  CustomizableTrafficLight.elf  > "CustomizableTrafficLight.list"
arm-none-eabi-objcopy  -O ihex  CustomizableTrafficLight.elf  "CustomizableTrafficLight.hex"
   text	   data	    bss	    dec	    hex	filename
   7880	     28	   1700	   9608	   2588	CustomizableTrafficLight.elf
Finished building: default.size.stdout
 
Finished building: CustomizableTrafficLight.hex
 
Finished building: CustomizableTrafficLight.list
 
07:28:59 **** Incremental Build of configuration Debug for project CustomizableTrafficLight ****
make -j8 all 
arm-none-eabi-gcc "../Core/Src/input_processing.c" -mcpu=cortex-m3 -std=gnu11 -g3 -DDEBUG -DUSE_HAL_DRIVER -DSTM32F103x6 -c -I../Core/Inc -I../Drivers/STM32F1xx_HAL_Driver/Inc -I../Drivers/STM32F1xx_HAL_Driver/Inc/Legacy -I../Drivers/CMSIS/Device/ST/STM32F1xx/Include -I../Drivers/CMSIS/Include -O0 -ffunction-sections -fdata-sections -Wall -fstack-usage -MMD -MP -MF"Core/Src/input_processing.d" -MT"Core/Src/input_processing.o" --specs=nano.specs -mfloat-abi=soft -mthumb -o "Core/Src/input_processing.o"
arm-none-eabi-gcc -o "CustomizableTrafficLight.elf" @"objects.list"   -mcpu=cortex-m3 -T"E:\Embedded\CO3009\STM32-Project\CustomizableTrafficLight\STM32F103C6TX_FLASH.ld" --specs=nosys.specs -Wl,-Map="CustomizableTrafficLight.map" -Wl,--gc-sections -static --specs=nano.specs -mfloat-abi=soft -mthumb -Wl,--start-group -lc -lm -Wl,--end-group
Finished building target: CustomizableTrafficLight.elf
 
arm-none-eabi-size   CustomizableTrafficLight.elf 
arm-none-eabi-objdump -h -S  CustomizableTrafficLight.elf  > "CustomizableTrafficLight.list"
arm-none-eabi-objcopy  -O ihex  CustomizableTrafficLight.elf  "CustomizableTrafficLight.hex"
   text	   data	    bss	    dec	    hex	filename
   7880	     28	   1700	   9608	   2588	CustomizableTrafficLight.elf
Finished building: default.size.stdout
 
Finished building: CustomizableTrafficLight.hex
 
Finished building: CustomizableTrafficLight.list
 
07:29:29 **** Incremental Build of configuration Debug for project CustomizableTrafficLight ****
make -j8 all 
arm-none-eabi-gcc "../Core/Src/main.c" -mcpu=cortex-m3 -std=gnu11 -g3 -DDEBUG -DUSE_HAL_DRIVER -DSTM32F103x6 -c -I../Core/Inc -I../Drivers/STM32F1xx_HAL_Driver/Inc -I../Drivers/STM32F1xx_HAL_Driver/Inc/Legacy -I../Drivers/CMSIS/Device/ST/STM32F1xx/Include -I../Drivers/CMSIS/Include -O0 -ffunction-sections -fdata-sections -Wall -fstack-usage -MMD -MP -MF"Core/Src/main.d" -MT"Core/Src/main.o" --specs=nano.specs -mfloat-abi=soft -mthumb -o "Core/Src/main.o"
../Core/Src/main.c: In function 'main':
../Core/Src/main.c:71:6: warning: unused variable 'mode' [-Wunused-variable]
   71 |  int mode = 1;
      |      ^~~~
arm-none-eabi-gcc -o "CustomizableTrafficLight.elf" @"objects.list"   -mcpu=cortex-m3 -T"E:\Embedded\CO3009\STM32-Project\CustomizableTrafficLight\STM32F103C6TX_FLASH.ld" --specs=nosys.specs -Wl,-Map="CustomizableTrafficLight.map" -Wl,--gc-sections -static --specs=nano.specs -mfloat-abi=soft -mthumb -Wl,--start-group -lc -lm -Wl,--end-group
Finished building target: CustomizableTrafficLight.elf
 
arm-none-eabi-size   CustomizableTrafficLight.elf 
arm-none-eabi-objdump -h -S  CustomizableTrafficLight.elf  > "CustomizableTrafficLight.list"
arm-none-eabi-objcopy  -O ihex  CustomizableTrafficLight.elf  "CustomizableTrafficLight.hex"
   text	   data	    bss	    dec	    hex	filename
   8740	     28	   1700	  10468	   28e4	CustomizableTrafficLight.elf
Finished building: default.size.stdout
 
Finished building: CustomizableTrafficLight.hex
 
Finished building: CustomizableTrafficLight.list
 
07:29:40 **** Incremental Build of configuration Debug for project CustomizableTrafficLight ****
make -j8 all 
arm-none-eabi-gcc "../Core/Src/main.c" -mcpu=cortex-m3 -std=gnu11 -g3 -DDEBUG -DUSE_HAL_DRIVER -DSTM32F103x6 -c -I../Core/Inc -I../Drivers/STM32F1xx_HAL_Driver/Inc -I../Drivers/STM32F1xx_HAL_Driver/Inc/Legacy -I../Drivers/CMSIS/Device/ST/STM32F1xx/Include -I../Drivers/CMSIS/Include -O0 -ffunction-sections -fdata-sections -Wall -fstack-usage -MMD -MP -MF"Core/Src/main.d" -MT"Core/Src/main.o" --specs=nano.specs -mfloat-abi=soft -mthumb -o "Core/Src/main.o"
arm-none-eabi-gcc -o "CustomizableTrafficLight.elf" @"objects.list"   -mcpu=cortex-m3 -T"E:\Embedded\CO3009\STM32-Project\CustomizableTrafficLight\STM32F103C6TX_FLASH.ld" --specs=nosys.specs -Wl,-Map="CustomizableTrafficLight.map" -Wl,--gc-sections -static --specs=nano.specs -mfloat-abi=soft -mthumb -Wl,--start-group -lc -lm -Wl,--end-group
Finished building target: CustomizableTrafficLight.elf
 
arm-none-eabi-size   CustomizableTrafficLight.elf 
arm-none-eabi-objdump -h -S  CustomizableTrafficLight.elf  > "CustomizableTrafficLight.list"
arm-none-eabi-objcopy  -O ihex  CustomizableTrafficLight.elf  "CustomizableTrafficLight.hex"
   text	   data	    bss	    dec	    hex	filename
   8732	     28	   1700	  10460	   28dc	CustomizableTrafficLight.elf
Finished building: default.size.stdout
 
Finished building: CustomizableTrafficLight.hex
 
Finished building: CustomizableTrafficLight.list
 
07:31:11 **** Incremental Build of configuration Debug for project CustomizableTrafficLight ****
make -j8 all 
arm-none-eabi-gcc "../Core/Src/input_reading.c" -mcpu=cortex-m3 -std=gnu11 -g3 -DDEBUG -DUSE_HAL_DRIVER -DSTM32F103x6 -c -I../Core/Inc -I../Drivers/STM32F1xx_HAL_Driver/Inc -I../Drivers/STM32F1xx_HAL_Driver/Inc/Legacy -I../Drivers/CMSIS/Device/ST/STM32F1xx/Include -I../Drivers/CMSIS/Include -O0 -ffunction-sections -fdata-sections -Wall -fstack-usage -MMD -MP -MF"Core/Src/input_reading.d" -MT"Core/Src/input_reading.o" --specs=nano.specs -mfloat-abi=soft -mthumb -o "Core/Src/input_reading.o"
arm-none-eabi-gcc -o "CustomizableTrafficLight.elf" @"objects.list"   -mcpu=cortex-m3 -T"E:\Embedded\CO3009\STM32-Project\CustomizableTrafficLight\STM32F103C6TX_FLASH.ld" --specs=nosys.specs -Wl,-Map="CustomizableTrafficLight.map" -Wl,--gc-sections -static --specs=nano.specs -mfloat-abi=soft -mthumb -Wl,--start-group -lc -lm -Wl,--end-group
Finished building target: CustomizableTrafficLight.elf
 
arm-none-eabi-size   CustomizableTrafficLight.elf 
arm-none-eabi-objdump -h -S  CustomizableTrafficLight.elf  > "CustomizableTrafficLight.list"
arm-none-eabi-objcopy  -O ihex  CustomizableTrafficLight.elf  "CustomizableTrafficLight.hex"
   text	   data	    bss	    dec	    hex	filename
   8728	     28	   1700	  10456	   28d8	CustomizableTrafficLight.elf
Finished building: default.size.stdout
 
Finished building: CustomizableTrafficLight.hex
 
Finished building: CustomizableTrafficLight.list
 
07:32:54 **** Incremental Build of configuration Debug for project CustomizableTrafficLight ****
make -j8 all 
arm-none-eabi-gcc "../Core/Src/input_reading.c" -mcpu=cortex-m3 -std=gnu11 -g3 -DDEBUG -DUSE_HAL_DRIVER -DSTM32F103x6 -c -I../Core/Inc -I../Drivers/STM32F1xx_HAL_Driver/Inc -I../Drivers/STM32F1xx_HAL_Driver/Inc/Legacy -I../Drivers/CMSIS/Device/ST/STM32F1xx/Include -I../Drivers/CMSIS/Include -O0 -ffunction-sections -fdata-sections -Wall -fstack-usage -MMD -MP -MF"Core/Src/input_reading.d" -MT"Core/Src/input_reading.o" --specs=nano.specs -mfloat-abi=soft -mthumb -o "Core/Src/input_reading.o"
arm-none-eabi-gcc -o "CustomizableTrafficLight.elf" @"objects.list"   -mcpu=cortex-m3 -T"E:\Embedded\CO3009\STM32-Project\CustomizableTrafficLight\STM32F103C6TX_FLASH.ld" --specs=nosys.specs -Wl,-Map="CustomizableTrafficLight.map" -Wl,--gc-sections -static --specs=nano.specs -mfloat-abi=soft -mthumb -Wl,--start-group -lc -lm -Wl,--end-group
Finished building target: CustomizableTrafficLight.elf
 
arm-none-eabi-size   CustomizableTrafficLight.elf 
arm-none-eabi-objdump -h -S  CustomizableTrafficLight.elf  > "CustomizableTrafficLight.list"
arm-none-eabi-objcopy  -O ihex  CustomizableTrafficLight.elf  "CustomizableTrafficLight.hex"
   text	   data	    bss	    dec	    hex	filename
   8736	     28	   1700	  10464	   28e0	CustomizableTrafficLight.elf
Finished building: default.size.stdout
 
Finished building: CustomizableTrafficLight.hex
 
Finished building: CustomizableTrafficLight.list
 
21:26:18 **** Incremental Build of configuration Debug for project CustomizableTrafficLight ****
make -j8 all 
arm-none-eabi-gcc "../Core/Src/input_processing.c" -mcpu=cortex-m3 -std=gnu11 -g3 -DDEBUG -DUSE_HAL_DRIVER -DSTM32F103x6 -c -I../Core/Inc -I../Drivers/STM32F1xx_HAL_Driver/Inc -I../Drivers/STM32F1xx_HAL_Driver/Inc/Legacy -I../Drivers/CMSIS/Device/ST/STM32F1xx/Include -I../Drivers/CMSIS/Include -O0 -ffunction-sections -fdata-sections -Wall -fstack-usage -MMD -MP -MF"Core/Src/input_processing.d" -MT"Core/Src/input_processing.o" --specs=nano.specs -mfloat-abi=soft -mthumb -o "Core/Src/input_processing.o"
../Core/Src/input_processing.c: In function 'LedBlinking':
../Core/Src/input_processing.c:43:6: warning: implicit declaration of function 'get_timer0_flag' [-Wimplicit-function-declaration]
   43 |  if (get_timer0_flag())
      |      ^~~~~~~~~~~~~~~
../Core/Src/input_processing.c:50:5: warning: implicit declaration of function 'setTimer0' [-Wimplicit-function-declaration]
   50 |     setTimer0(500);
      |     ^~~~~~~~~
arm-none-eabi-gcc -o "CustomizableTrafficLight.elf" @"objects.list"   -mcpu=cortex-m3 -T"E:\Embedded\CO3009\STM32-Project\CustomizableTrafficLight\STM32F103C6TX_FLASH.ld" --specs=nosys.specs -Wl,-Map="CustomizableTrafficLight.map" -Wl,--gc-sections -static --specs=nano.specs -mfloat-abi=soft -mthumb -Wl,--start-group -lc -lm -Wl,--end-group
Finished building target: CustomizableTrafficLight.elf
 
arm-none-eabi-size   CustomizableTrafficLight.elf 
arm-none-eabi-objdump -h -S  CustomizableTrafficLight.elf  > "CustomizableTrafficLight.list"
arm-none-eabi-objcopy  -O ihex  CustomizableTrafficLight.elf  "CustomizableTrafficLight.hex"
   text	   data	    bss	    dec	    hex	filename
   8736	     28	   1700	  10464	   28e0	CustomizableTrafficLight.elf
Finished building: default.size.stdout
 
Finished building: CustomizableTrafficLight.list
 
Finished building: CustomizableTrafficLight.hex
 
21:27:42 **** Incremental Build of configuration Debug for project CustomizableTrafficLight ****
make -j8 all 
arm-none-eabi-gcc "../Core/Src/input_processing.c" -mcpu=cortex-m3 -std=gnu11 -g3 -DDEBUG -DUSE_HAL_DRIVER -DSTM32F103x6 -c -I../Core/Inc -I../Drivers/STM32F1xx_HAL_Driver/Inc -I../Drivers/STM32F1xx_HAL_Driver/Inc/Legacy -I../Drivers/CMSIS/Device/ST/STM32F1xx/Include -I../Drivers/CMSIS/Include -O0 -ffunction-sections -fdata-sections -Wall -fstack-usage -MMD -MP -MF"Core/Src/input_processing.d" -MT"Core/Src/input_processing.o" --specs=nano.specs -mfloat-abi=soft -mthumb -o "Core/Src/input_processing.o"
arm-none-eabi-gcc "../Core/Src/main.c" -mcpu=cortex-m3 -std=gnu11 -g3 -DDEBUG -DUSE_HAL_DRIVER -DSTM32F103x6 -c -I../Core/Inc -I../Drivers/STM32F1xx_HAL_Driver/Inc -I../Drivers/STM32F1xx_HAL_Driver/Inc/Legacy -I../Drivers/CMSIS/Device/ST/STM32F1xx/Include -I../Drivers/CMSIS/Include -O0 -ffunction-sections -fdata-sections -Wall -fstack-usage -MMD -MP -MF"Core/Src/main.d" -MT"Core/Src/main.o" --specs=nano.specs -mfloat-abi=soft -mthumb -o "Core/Src/main.o"
arm-none-eabi-gcc -o "CustomizableTrafficLight.elf" @"objects.list"   -mcpu=cortex-m3 -T"E:\Embedded\CO3009\STM32-Project\CustomizableTrafficLight\STM32F103C6TX_FLASH.ld" --specs=nosys.specs -Wl,-Map="CustomizableTrafficLight.map" -Wl,--gc-sections -static --specs=nano.specs -mfloat-abi=soft -mthumb -Wl,--start-group -lc -lm -Wl,--end-group
Finished building target: CustomizableTrafficLight.elf
 
arm-none-eabi-size   CustomizableTrafficLight.elf 
arm-none-eabi-objdump -h -S  CustomizableTrafficLight.elf  > "CustomizableTrafficLight.list"
arm-none-eabi-objcopy  -O ihex  CustomizableTrafficLight.elf  "CustomizableTrafficLight.hex"
   text	   data	    bss	    dec	    hex	filename
   8736	     28	   1700	  10464	   28e0	CustomizableTrafficLight.elf
Finished building: default.size.stdout
 
Finished building: CustomizableTrafficLight.hex
 
Finished building: CustomizableTrafficLight.list
 
21:27:48 **** Incremental Build of configuration Debug for project CustomizableTrafficLight ****
make -j8 all 
arm-none-eabi-size   CustomizableTrafficLight.elf 
   text	   data	    bss	    dec	    hex	filename
   8736	     28	   1700	  10464	   28e0	CustomizableTrafficLight.elf
Finished building: default.size.stdout
 
21:29:02 **** Incremental Build of configuration Debug for project CustomizableTrafficLight ****
make -j8 all 
arm-none-eabi-gcc "../Core/Src/main.c" -mcpu=cortex-m3 -std=gnu11 -g3 -DDEBUG -DUSE_HAL_DRIVER -DSTM32F103x6 -c -I../Core/Inc -I../Drivers/STM32F1xx_HAL_Driver/Inc -I../Drivers/STM32F1xx_HAL_Driver/Inc/Legacy -I../Drivers/CMSIS/Device/ST/STM32F1xx/Include -I../Drivers/CMSIS/Include -O0 -ffunction-sections -fdata-sections -Wall -fstack-usage -MMD -MP -MF"Core/Src/main.d" -MT"Core/Src/main.o" --specs=nano.specs -mfloat-abi=soft -mthumb -o "Core/Src/main.o"
arm-none-eabi-gcc -o "CustomizableTrafficLight.elf" @"objects.list"   -mcpu=cortex-m3 -T"E:\Embedded\CO3009\STM32-Project\CustomizableTrafficLight\STM32F103C6TX_FLASH.ld" --specs=nosys.specs -Wl,-Map="CustomizableTrafficLight.map" -Wl,--gc-sections -static --specs=nano.specs -mfloat-abi=soft -mthumb -Wl,--start-group -lc -lm -Wl,--end-group
Finished building target: CustomizableTrafficLight.elf
 
arm-none-eabi-size   CustomizableTrafficLight.elf 
arm-none-eabi-objdump -h -S  CustomizableTrafficLight.elf  > "CustomizableTrafficLight.list"
arm-none-eabi-objcopy  -O ihex  CustomizableTrafficLight.elf  "CustomizableTrafficLight.hex"
   text	   data	    bss	    dec	    hex	filename
   9024	     28	   1700	  10752	   2a00	CustomizableTrafficLight.elf
Finished building: default.size.stdout
 
Finished building: CustomizableTrafficLight.hex
 
Finished building: CustomizableTrafficLight.list
 
21:30:47 **** Incremental Build of configuration Debug for project CustomizableTrafficLight ****
make -j8 all 
arm-none-eabi-gcc "../Core/Src/main.c" -mcpu=cortex-m3 -std=gnu11 -g3 -DDEBUG -DUSE_HAL_DRIVER -DSTM32F103x6 -c -I../Core/Inc -I../Drivers/STM32F1xx_HAL_Driver/Inc -I../Drivers/STM32F1xx_HAL_Driver/Inc/Legacy -I../Drivers/CMSIS/Device/ST/STM32F1xx/Include -I../Drivers/CMSIS/Include -O0 -ffunction-sections -fdata-sections -Wall -fstack-usage -MMD -MP -MF"Core/Src/main.d" -MT"Core/Src/main.o" --specs=nano.specs -mfloat-abi=soft -mthumb -o "Core/Src/main.o"
arm-none-eabi-gcc -o "CustomizableTrafficLight.elf" @"objects.list"   -mcpu=cortex-m3 -T"E:\Embedded\CO3009\STM32-Project\CustomizableTrafficLight\STM32F103C6TX_FLASH.ld" --specs=nosys.specs -Wl,-Map="CustomizableTrafficLight.map" -Wl,--gc-sections -static --specs=nano.specs -mfloat-abi=soft -mthumb -Wl,--start-group -lc -lm -Wl,--end-group
Finished building target: CustomizableTrafficLight.elf
 
arm-none-eabi-size   CustomizableTrafficLight.elf 
arm-none-eabi-objdump -h -S  CustomizableTrafficLight.elf  > "CustomizableTrafficLight.list"
arm-none-eabi-objcopy  -O ihex  CustomizableTrafficLight.elf  "CustomizableTrafficLight.hex"
   text	   data	    bss	    dec	    hex	filename
   9104	     28	   1700	  10832	   2a50	CustomizableTrafficLight.elf
Finished building: default.size.stdout
 
Finished building: CustomizableTrafficLight.hex
 
Finished building: CustomizableTrafficLight.list
 
21:31:39 **** Incremental Build of configuration Debug for project CustomizableTrafficLight ****
make -j8 all 
arm-none-eabi-gcc "../Core/Src/input_processing.c" -mcpu=cortex-m3 -std=gnu11 -g3 -DDEBUG -DUSE_HAL_DRIVER -DSTM32F103x6 -c -I../Core/Inc -I../Drivers/STM32F1xx_HAL_Driver/Inc -I../Drivers/STM32F1xx_HAL_Driver/Inc/Legacy -I../Drivers/CMSIS/Device/ST/STM32F1xx/Include -I../Drivers/CMSIS/Include -O0 -ffunction-sections -fdata-sections -Wall -fstack-usage -MMD -MP -MF"Core/Src/input_processing.d" -MT"Core/Src/input_processing.o" --specs=nano.specs -mfloat-abi=soft -mthumb -o "Core/Src/input_processing.o"
arm-none-eabi-gcc -o "CustomizableTrafficLight.elf" @"objects.list"   -mcpu=cortex-m3 -T"E:\Embedded\CO3009\STM32-Project\CustomizableTrafficLight\STM32F103C6TX_FLASH.ld" --specs=nosys.specs -Wl,-Map="CustomizableTrafficLight.map" -Wl,--gc-sections -static --specs=nano.specs -mfloat-abi=soft -mthumb -Wl,--start-group -lc -lm -Wl,--end-group
Finished building target: CustomizableTrafficLight.elf
 
arm-none-eabi-size   CustomizableTrafficLight.elf 
arm-none-eabi-objdump -h -S  CustomizableTrafficLight.elf  > "CustomizableTrafficLight.list"
arm-none-eabi-objcopy  -O ihex  CustomizableTrafficLight.elf  "CustomizableTrafficLight.hex"
   text	   data	    bss	    dec	    hex	filename
   9112	     28	   1700	  10840	   2a58	CustomizableTrafficLight.elf
Finished building: default.size.stdout
 
Finished building: CustomizableTrafficLight.hex
 
Finished building: CustomizableTrafficLight.list
 
21:33:35 **** Incremental Build of configuration Debug for project CustomizableTrafficLight ****
make -j8 all 
arm-none-eabi-gcc "../Core/Src/input_processing.c" -mcpu=cortex-m3 -std=gnu11 -g3 -DDEBUG -DUSE_HAL_DRIVER -DSTM32F103x6 -c -I../Core/Inc -I../Drivers/STM32F1xx_HAL_Driver/Inc -I../Drivers/STM32F1xx_HAL_Driver/Inc/Legacy -I../Drivers/CMSIS/Device/ST/STM32F1xx/Include -I../Drivers/CMSIS/Include -O0 -ffunction-sections -fdata-sections -Wall -fstack-usage -MMD -MP -MF"Core/Src/input_processing.d" -MT"Core/Src/input_processing.o" --specs=nano.specs -mfloat-abi=soft -mthumb -o "Core/Src/input_processing.o"
arm-none-eabi-gcc "../Core/Src/main.c" -mcpu=cortex-m3 -std=gnu11 -g3 -DDEBUG -DUSE_HAL_DRIVER -DSTM32F103x6 -c -I../Core/Inc -I../Drivers/STM32F1xx_HAL_Driver/Inc -I../Drivers/STM32F1xx_HAL_Driver/Inc/Legacy -I../Drivers/CMSIS/Device/ST/STM32F1xx/Include -I../Drivers/CMSIS/Include -O0 -ffunction-sections -fdata-sections -Wall -fstack-usage -MMD -MP -MF"Core/Src/main.d" -MT"Core/Src/main.o" --specs=nano.specs -mfloat-abi=soft -mthumb -o "Core/Src/main.o"
arm-none-eabi-gcc -o "CustomizableTrafficLight.elf" @"objects.list"   -mcpu=cortex-m3 -T"E:\Embedded\CO3009\STM32-Project\CustomizableTrafficLight\STM32F103C6TX_FLASH.ld" --specs=nosys.specs -Wl,-Map="CustomizableTrafficLight.map" -Wl,--gc-sections -static --specs=nano.specs -mfloat-abi=soft -mthumb -Wl,--start-group -lc -lm -Wl,--end-group
Finished building target: CustomizableTrafficLight.elf
 
arm-none-eabi-size   CustomizableTrafficLight.elf 
arm-none-eabi-objdump -h -S  CustomizableTrafficLight.elf  > "CustomizableTrafficLight.list"
arm-none-eabi-objcopy  -O ihex  CustomizableTrafficLight.elf  "CustomizableTrafficLight.hex"
   text	   data	    bss	    dec	    hex	filename
   9104	     28	   1700	  10832	   2a50	CustomizableTrafficLight.elf
Finished building: default.size.stdout
 
Finished building: CustomizableTrafficLight.hex
 
Finished building: CustomizableTrafficLight.list
 
21:35:41 **** Incremental Build of configuration Debug for project CustomizableTrafficLight ****
make -j8 all 
arm-none-eabi-gcc "../Core/Src/Ied_display.c" -mcpu=cortex-m3 -std=gnu11 -g3 -DDEBUG -DUSE_HAL_DRIVER -DSTM32F103x6 -c -I../Core/Inc -I../Drivers/STM32F1xx_HAL_Driver/Inc -I../Drivers/STM32F1xx_HAL_Driver/Inc/Legacy -I../Drivers/CMSIS/Device/ST/STM32F1xx/Include -I../Drivers/CMSIS/Include -O0 -ffunction-sections -fdata-sections -Wall -fstack-usage -MMD -MP -MF"Core/Src/Ied_display.d" -MT"Core/Src/Ied_display.o" --specs=nano.specs -mfloat-abi=soft -mthumb -o "Core/Src/Ied_display.o"
arm-none-eabi-gcc "../Core/Src/input_processing.c" -mcpu=cortex-m3 -std=gnu11 -g3 -DDEBUG -DUSE_HAL_DRIVER -DSTM32F103x6 -c -I../Core/Inc -I../Drivers/STM32F1xx_HAL_Driver/Inc -I../Drivers/STM32F1xx_HAL_Driver/Inc/Legacy -I../Drivers/CMSIS/Device/ST/STM32F1xx/Include -I../Drivers/CMSIS/Include -O0 -ffunction-sections -fdata-sections -Wall -fstack-usage -MMD -MP -MF"Core/Src/input_processing.d" -MT"Core/Src/input_processing.o" --specs=nano.specs -mfloat-abi=soft -mthumb -o "Core/Src/input_processing.o"
arm-none-eabi-gcc "../Core/Src/main.c" -mcpu=cortex-m3 -std=gnu11 -g3 -DDEBUG -DUSE_HAL_DRIVER -DSTM32F103x6 -c -I../Core/Inc -I../Drivers/STM32F1xx_HAL_Driver/Inc -I../Drivers/STM32F1xx_HAL_Driver/Inc/Legacy -I../Drivers/CMSIS/Device/ST/STM32F1xx/Include -I../Drivers/CMSIS/Include -O0 -ffunction-sections -fdata-sections -Wall -fstack-usage -MMD -MP -MF"Core/Src/main.d" -MT"Core/Src/main.o" --specs=nano.specs -mfloat-abi=soft -mthumb -o "Core/Src/main.o"
../Core/Src/Ied_display.c: In function 'displayMode':
../Core/Src/Ied_display.c:112:14: warning: implicit declaration of function 'getMode' [-Wimplicit-function-declaration]
  112 |  display7SEG(getMode());
      |              ^~~~~~~
../Core/Src/Ied_display.c: In function 'LedDispMode':
../Core/Src/Ied_display.c:122:4: warning: implicit declaration of function 'setTimer0' [-Wimplicit-function-declaration]
  122 |    setTimer0(500);
      |    ^~~~~~~~~
arm-none-eabi-gcc -o "CustomizableTrafficLight.elf" @"objects.list"   -mcpu=cortex-m3 -T"E:\Embedded\CO3009\STM32-Project\CustomizableTrafficLight\STM32F103C6TX_FLASH.ld" --specs=nosys.specs -Wl,-Map="CustomizableTrafficLight.map" -Wl,--gc-sections -static --specs=nano.specs -mfloat-abi=soft -mthumb -Wl,--start-group -lc -lm -Wl,--end-group
Finished building target: CustomizableTrafficLight.elf
 
arm-none-eabi-size   CustomizableTrafficLight.elf 
arm-none-eabi-objdump -h -S  CustomizableTrafficLight.elf  > "CustomizableTrafficLight.list"
arm-none-eabi-objcopy  -O ihex  CustomizableTrafficLight.elf  "CustomizableTrafficLight.hex"
   text	   data	    bss	    dec	    hex	filename
   9104	     28	   1700	  10832	   2a50	CustomizableTrafficLight.elf
Finished building: default.size.stdout
 
Finished building: CustomizableTrafficLight.hex
 
Finished building: CustomizableTrafficLight.list
 
21:36:10 **** Incremental Build of configuration Debug for project CustomizableTrafficLight ****
make -j8 all 
arm-none-eabi-gcc "../Core/Src/Ied_display.c" -mcpu=cortex-m3 -std=gnu11 -g3 -DDEBUG -DUSE_HAL_DRIVER -DSTM32F103x6 -c -I../Core/Inc -I../Drivers/STM32F1xx_HAL_Driver/Inc -I../Drivers/STM32F1xx_HAL_Driver/Inc/Legacy -I../Drivers/CMSIS/Device/ST/STM32F1xx/Include -I../Drivers/CMSIS/Include -O0 -ffunction-sections -fdata-sections -Wall -fstack-usage -MMD -MP -MF"Core/Src/Ied_display.d" -MT"Core/Src/Ied_display.o" --specs=nano.specs -mfloat-abi=soft -mthumb -o "Core/Src/Ied_display.o"
arm-none-eabi-gcc "../Core/Src/input_processing.c" -mcpu=cortex-m3 -std=gnu11 -g3 -DDEBUG -DUSE_HAL_DRIVER -DSTM32F103x6 -c -I../Core/Inc -I../Drivers/STM32F1xx_HAL_Driver/Inc -I../Drivers/STM32F1xx_HAL_Driver/Inc/Legacy -I../Drivers/CMSIS/Device/ST/STM32F1xx/Include -I../Drivers/CMSIS/Include -O0 -ffunction-sections -fdata-sections -Wall -fstack-usage -MMD -MP -MF"Core/Src/input_processing.d" -MT"Core/Src/input_processing.o" --specs=nano.specs -mfloat-abi=soft -mthumb -o "Core/Src/input_processing.o"
arm-none-eabi-gcc "../Core/Src/main.c" -mcpu=cortex-m3 -std=gnu11 -g3 -DDEBUG -DUSE_HAL_DRIVER -DSTM32F103x6 -c -I../Core/Inc -I../Drivers/STM32F1xx_HAL_Driver/Inc -I../Drivers/STM32F1xx_HAL_Driver/Inc/Legacy -I../Drivers/CMSIS/Device/ST/STM32F1xx/Include -I../Drivers/CMSIS/Include -O0 -ffunction-sections -fdata-sections -Wall -fstack-usage -MMD -MP -MF"Core/Src/main.d" -MT"Core/Src/main.o" --specs=nano.specs -mfloat-abi=soft -mthumb -o "Core/Src/main.o"
../Core/Src/Ied_display.c: In function 'displayMode':
../Core/Src/Ied_display.c:112:14: warning: implicit declaration of function 'getMode' [-Wimplicit-function-declaration]
  112 |  display7SEG(getMode());
      |              ^~~~~~~
arm-none-eabi-gcc -o "CustomizableTrafficLight.elf" @"objects.list"   -mcpu=cortex-m3 -T"E:\Embedded\CO3009\STM32-Project\CustomizableTrafficLight\STM32F103C6TX_FLASH.ld" --specs=nosys.specs -Wl,-Map="CustomizableTrafficLight.map" -Wl,--gc-sections -static --specs=nano.specs -mfloat-abi=soft -mthumb -Wl,--start-group -lc -lm -Wl,--end-group
Finished building target: CustomizableTrafficLight.elf
 
arm-none-eabi-size   CustomizableTrafficLight.elf 
arm-none-eabi-objdump -h -S  CustomizableTrafficLight.elf  > "CustomizableTrafficLight.list"
arm-none-eabi-objcopy  -O ihex  CustomizableTrafficLight.elf  "CustomizableTrafficLight.hex"
   text	   data	    bss	    dec	    hex	filename
   9104	     28	   1700	  10832	   2a50	CustomizableTrafficLight.elf
Finished building: default.size.stdout
 
Finished building: CustomizableTrafficLight.hex
 
Finished building: CustomizableTrafficLight.list
 
21:36:21 **** Incremental Build of configuration Debug for project CustomizableTrafficLight ****
make -j8 all 
arm-none-eabi-gcc "../Core/Src/Ied_display.c" -mcpu=cortex-m3 -std=gnu11 -g3 -DDEBUG -DUSE_HAL_DRIVER -DSTM32F103x6 -c -I../Core/Inc -I../Drivers/STM32F1xx_HAL_Driver/Inc -I../Drivers/STM32F1xx_HAL_Driver/Inc/Legacy -I../Drivers/CMSIS/Device/ST/STM32F1xx/Include -I../Drivers/CMSIS/Include -O0 -ffunction-sections -fdata-sections -Wall -fstack-usage -MMD -MP -MF"Core/Src/Ied_display.d" -MT"Core/Src/Ied_display.o" --specs=nano.specs -mfloat-abi=soft -mthumb -o "Core/Src/Ied_display.o"
arm-none-eabi-gcc "../Core/Src/input_processing.c" -mcpu=cortex-m3 -std=gnu11 -g3 -DDEBUG -DUSE_HAL_DRIVER -DSTM32F103x6 -c -I../Core/Inc -I../Drivers/STM32F1xx_HAL_Driver/Inc -I../Drivers/STM32F1xx_HAL_Driver/Inc/Legacy -I../Drivers/CMSIS/Device/ST/STM32F1xx/Include -I../Drivers/CMSIS/Include -O0 -ffunction-sections -fdata-sections -Wall -fstack-usage -MMD -MP -MF"Core/Src/input_processing.d" -MT"Core/Src/input_processing.o" --specs=nano.specs -mfloat-abi=soft -mthumb -o "Core/Src/input_processing.o"
arm-none-eabi-gcc "../Core/Src/main.c" -mcpu=cortex-m3 -std=gnu11 -g3 -DDEBUG -DUSE_HAL_DRIVER -DSTM32F103x6 -c -I../Core/Inc -I../Drivers/STM32F1xx_HAL_Driver/Inc -I../Drivers/STM32F1xx_HAL_Driver/Inc/Legacy -I../Drivers/CMSIS/Device/ST/STM32F1xx/Include -I../Drivers/CMSIS/Include -O0 -ffunction-sections -fdata-sections -Wall -fstack-usage -MMD -MP -MF"Core/Src/main.d" -MT"Core/Src/main.o" --specs=nano.specs -mfloat-abi=soft -mthumb -o "Core/Src/main.o"
arm-none-eabi-gcc -o "CustomizableTrafficLight.elf" @"objects.list"   -mcpu=cortex-m3 -T"E:\Embedded\CO3009\STM32-Project\CustomizableTrafficLight\STM32F103C6TX_FLASH.ld" --specs=nosys.specs -Wl,-Map="CustomizableTrafficLight.map" -Wl,--gc-sections -static --specs=nano.specs -mfloat-abi=soft -mthumb -Wl,--start-group -lc -lm -Wl,--end-group
Finished building target: CustomizableTrafficLight.elf
 
arm-none-eabi-size   CustomizableTrafficLight.elf 
arm-none-eabi-objdump -h -S  CustomizableTrafficLight.elf  > "CustomizableTrafficLight.list"
arm-none-eabi-objcopy  -O ihex  CustomizableTrafficLight.elf  "CustomizableTrafficLight.hex"
   text	   data	    bss	    dec	    hex	filename
   9104	     28	   1700	  10832	   2a50	CustomizableTrafficLight.elf
Finished building: default.size.stdout
 
Finished building: CustomizableTrafficLight.hex
 
Finished building: CustomizableTrafficLight.list
 
21:51:53 **** Incremental Build of configuration Debug for project CustomizableTrafficLight ****
make -j8 all 
arm-none-eabi-gcc "../Core/Src/Ied_display.c" -mcpu=cortex-m3 -std=gnu11 -g3 -DDEBUG -DUSE_HAL_DRIVER -DSTM32F103x6 -c -I../Core/Inc -I../Drivers/STM32F1xx_HAL_Driver/Inc -I../Drivers/STM32F1xx_HAL_Driver/Inc/Legacy -I../Drivers/CMSIS/Device/ST/STM32F1xx/Include -I../Drivers/CMSIS/Include -O0 -ffunction-sections -fdata-sections -Wall -fstack-usage -MMD -MP -MF"Core/Src/Ied_display.d" -MT"Core/Src/Ied_display.o" --specs=nano.specs -mfloat-abi=soft -mthumb -o "Core/Src/Ied_display.o"
arm-none-eabi-gcc "../Core/Src/input_processing.c" -mcpu=cortex-m3 -std=gnu11 -g3 -DDEBUG -DUSE_HAL_DRIVER -DSTM32F103x6 -c -I../Core/Inc -I../Drivers/STM32F1xx_HAL_Driver/Inc -I../Drivers/STM32F1xx_HAL_Driver/Inc/Legacy -I../Drivers/CMSIS/Device/ST/STM32F1xx/Include -I../Drivers/CMSIS/Include -O0 -ffunction-sections -fdata-sections -Wall -fstack-usage -MMD -MP -MF"Core/Src/input_processing.d" -MT"Core/Src/input_processing.o" --specs=nano.specs -mfloat-abi=soft -mthumb -o "Core/Src/input_processing.o"
arm-none-eabi-gcc "../Core/Src/main.c" -mcpu=cortex-m3 -std=gnu11 -g3 -DDEBUG -DUSE_HAL_DRIVER -DSTM32F103x6 -c -I../Core/Inc -I../Drivers/STM32F1xx_HAL_Driver/Inc -I../Drivers/STM32F1xx_HAL_Driver/Inc/Legacy -I../Drivers/CMSIS/Device/ST/STM32F1xx/Include -I../Drivers/CMSIS/Include -O0 -ffunction-sections -fdata-sections -Wall -fstack-usage -MMD -MP -MF"Core/Src/main.d" -MT"Core/Src/main.o" --specs=nano.specs -mfloat-abi=soft -mthumb -o "Core/Src/main.o"
arm-none-eabi-gcc "../Core/Src/timer.c" -mcpu=cortex-m3 -std=gnu11 -g3 -DDEBUG -DUSE_HAL_DRIVER -DSTM32F103x6 -c -I../Core/Inc -I../Drivers/STM32F1xx_HAL_Driver/Inc -I../Drivers/STM32F1xx_HAL_Driver/Inc/Legacy -I../Drivers/CMSIS/Device/ST/STM32F1xx/Include -I../Drivers/CMSIS/Include -O0 -ffunction-sections -fdata-sections -Wall -fstack-usage -MMD -MP -MF"Core/Src/timer.d" -MT"Core/Src/timer.o" --specs=nano.specs -mfloat-abi=soft -mthumb -o "Core/Src/timer.o"
arm-none-eabi-gcc -o "CustomizableTrafficLight.elf" @"objects.list"   -mcpu=cortex-m3 -T"E:\Embedded\CO3009\STM32-Project\CustomizableTrafficLight\STM32F103C6TX_FLASH.ld" --specs=nosys.specs -Wl,-Map="CustomizableTrafficLight.map" -Wl,--gc-sections -static --specs=nano.specs -mfloat-abi=soft -mthumb -Wl,--start-group -lc -lm -Wl,--end-group
Finished building target: CustomizableTrafficLight.elf
 
arm-none-eabi-size   CustomizableTrafficLight.elf 
arm-none-eabi-objdump -h -S  CustomizableTrafficLight.elf  > "CustomizableTrafficLight.list"
arm-none-eabi-objcopy  -O ihex  CustomizableTrafficLight.elf  "CustomizableTrafficLight.hex"
   text	   data	    bss	    dec	    hex	filename
   9144	     28	   1708	  10880	   2a80	CustomizableTrafficLight.elf
Finished building: default.size.stdout
 
Finished building: CustomizableTrafficLight.hex
 
Finished building: CustomizableTrafficLight.list
 
08:39:27 **** Incremental Build of configuration Debug for project CustomizableTrafficLight ****
make -j8 all 
arm-none-eabi-gcc "../Core/Src/Ied_display.c" -mcpu=cortex-m3 -std=gnu11 -g3 -DDEBUG -DUSE_HAL_DRIVER -DSTM32F103x6 -c -I../Core/Inc -I../Drivers/STM32F1xx_HAL_Driver/Inc -I../Drivers/STM32F1xx_HAL_Driver/Inc/Legacy -I../Drivers/CMSIS/Device/ST/STM32F1xx/Include -I../Drivers/CMSIS/Include -O0 -ffunction-sections -fdata-sections -Wall -fstack-usage -MMD -MP -MF"Core/Src/Ied_display.d" -MT"Core/Src/Ied_display.o" --specs=nano.specs -mfloat-abi=soft -mthumb -o "Core/Src/Ied_display.o"
arm-none-eabi-gcc "../Core/Src/input_processing.c" -mcpu=cortex-m3 -std=gnu11 -g3 -DDEBUG -DUSE_HAL_DRIVER -DSTM32F103x6 -c -I../Core/Inc -I../Drivers/STM32F1xx_HAL_Driver/Inc -I../Drivers/STM32F1xx_HAL_Driver/Inc/Legacy -I../Drivers/CMSIS/Device/ST/STM32F1xx/Include -I../Drivers/CMSIS/Include -O0 -ffunction-sections -fdata-sections -Wall -fstack-usage -MMD -MP -MF"Core/Src/input_processing.d" -MT"Core/Src/input_processing.o" --specs=nano.specs -mfloat-abi=soft -mthumb -o "Core/Src/input_processing.o"
arm-none-eabi-gcc "../Core/Src/main.c" -mcpu=cortex-m3 -std=gnu11 -g3 -DDEBUG -DUSE_HAL_DRIVER -DSTM32F103x6 -c -I../Core/Inc -I../Drivers/STM32F1xx_HAL_Driver/Inc -I../Drivers/STM32F1xx_HAL_Driver/Inc/Legacy -I../Drivers/CMSIS/Device/ST/STM32F1xx/Include -I../Drivers/CMSIS/Include -O0 -ffunction-sections -fdata-sections -Wall -fstack-usage -MMD -MP -MF"Core/Src/main.d" -MT"Core/Src/main.o" --specs=nano.specs -mfloat-abi=soft -mthumb -o "Core/Src/main.o"
../Core/Src/input_processing.c:16:5: error: conflicting types for 'LedTimeDurationInit'
   16 | int LedTimeDurationInit(int red_duration, int yellow_duration, int green_duration) {
      |     ^~~~~~~~~~~~~~~~~~~
In file included from ../Core/Src/input_processing.c:8:
../Core/Inc/input_processing.h:18:6: note: previous declaration of 'LedTimeDurationInit' was here
   18 | void LedTimeDurationInit(int red_duration, int yellow_duration, int green_duration);
      |      ^~~~~~~~~~~~~~~~~~~
make: *** [Core/Src/subdir.mk:46: Core/Src/input_processing.o] Error 1
make: *** Waiting for unfinished jobs....
"make -j8 all" terminated with exit code 2. Build might be incomplete.
08:40:44 **** Incremental Build of configuration Debug for project CustomizableTrafficLight ****
make -j8 all 
[...]
   text	   data	    bss	    dec	    hex	filename
  16640	    120	   1920	  18680	   48f8	FlowControl_ErrorControl_inCommunication.elf
Finished building: default.size.stdout
 
Finished building: FlowControl_ErrorControl_inCommunication.hex
 
Finished building: FlowControl_ErrorControl_inCommunication.list
 
18:04:51 **** Incremental Build of configuration Debug for project FlowControl_ErrorControl_inCommunication ****
make -j8 all 
arm-none-eabi-gcc "../Core/Src/uart_processing.c" -mcpu=cortex-m3 -std=gnu11 -g3 -DDEBUG -DUSE_HAL_DRIVER -DSTM32F103x6 -c -I../Core/Inc -I../Drivers/STM32F1xx_HAL_Driver/Inc -I../Drivers/STM32F1xx_HAL_Driver/Inc/Legacy -I../Drivers/CMSIS/Device/ST/STM32F1xx/Include -I../Drivers/CMSIS/Include -O0 -ffunction-sections -fdata-sections -Wall -fstack-usage -MMD -MP -MF"Core/Src/uart_processing.d" -MT"Core/Src/uart_processing.o" --specs=nano.specs -mfloat-abi=soft -mthumb -o "Core/Src/uart_processing.o"
arm-none-eabi-gcc -o "FlowControl_ErrorControl_inCommunication.elf" @"objects.list"   -mcpu=cortex-m3 -T"E:\Embedded\CO3009\STM32-Project\FlowControl_ErrorControl_inCommunication\STM32F103C6TX_FLASH.ld" --specs=nosys.specs -Wl,-Map="FlowControl_ErrorControl_inCommunication.map" -Wl,--gc-sections -static --specs=nano.specs -mfloat-abi=soft -mthumb -Wl,--start-group -lc -lm -Wl,--end-group
Finished building target: FlowControl_ErrorControl_inCommunication.elf
 
arm-none-eabi-size   FlowControl_ErrorControl_inCommunication.elf 
arm-none-eabi-objdump -h -S  FlowControl_ErrorControl_inCommunication.elf  > "FlowControl_ErrorControl_inCommunication.list"
arm-none-eabi-objcopy  -O ihex  FlowControl_ErrorControl_inCommunication.elf  "FlowControl_ErrorControl_inCommunication.hex"
   text	   data	    bss	    dec	    hex	filename
  16640	    120	   1920	  18680	   48f8	FlowControl_ErrorControl_inCommunication.elf
Finished building: default.size.stdout
 
Finished building: FlowControl_ErrorControl_inCommunication.hex
 
Finished building: FlowControl_ErrorControl_inCommunication.list
 
18:06:30 **** Incremental Build of configuration Debug for project FlowControl_ErrorControl_inCommunication ****
make -j8 all 
arm-none-eabi-gcc "../Core/Src/uart_processing.c" -mcpu=cortex-m3 -std=gnu11 -g3 -DDEBUG -DUSE_HAL_DRIVER -DSTM32F103x6 -c -I../Core/Inc -I../Drivers/STM32F1xx_HAL_Driver/Inc -I../Drivers/STM32F1xx_HAL_Driver/Inc/Legacy -I../Drivers/CMSIS/Device/ST/STM32F1xx/Include -I../Drivers/CMSIS/Include -O0 -ffunction-sections -fdata-sections -Wall -fstack-usage -MMD -MP -MF"Core/Src/uart_processing.d" -MT"Core/Src/uart_processing.o" --specs=nano.specs -mfloat-abi=soft -mthumb -o "Core/Src/uart_processing.o"
arm-none-eabi-gcc -o "FlowControl_ErrorControl_inCommunication.elf" @"objects.list"   -mcpu=cortex-m3 -T"E:\Embedded\CO3009\STM32-Project\FlowControl_ErrorControl_inCommunication\STM32F103C6TX_FLASH.ld" --specs=nosys.specs -Wl,-Map="FlowControl_ErrorControl_inCommunication.map" -Wl,--gc-sections -static --specs=nano.specs -mfloat-abi=soft -mthumb -Wl,--start-group -lc -lm -Wl,--end-group
Finished building target: FlowControl_ErrorControl_inCommunication.elf
 
arm-none-eabi-size   FlowControl_ErrorControl_inCommunication.elf 
arm-none-eabi-objdump -h -S  FlowControl_ErrorControl_inCommunication.elf  > "FlowControl_ErrorControl_inCommunication.list"
arm-none-eabi-objcopy  -O ihex  FlowControl_ErrorControl_inCommunication.elf  "FlowControl_ErrorControl_inCommunication.hex"
   text	   data	    bss	    dec	    hex	filename
  16628	    120	   1920	  18668	   48ec	FlowControl_ErrorControl_inCommunication.elf
Finished building: default.size.stdout
 
Finished building: FlowControl_ErrorControl_inCommunication.hex
 
Finished building: FlowControl_ErrorControl_inCommunication.list
 
18:16:12 **** Incremental Build of configuration Debug for project FlowControl_ErrorControl_inCommunication ****
make -j8 all 
arm-none-eabi-gcc "../Core/Src/uart_processing.c" -mcpu=cortex-m3 -std=gnu11 -g3 -DDEBUG -DUSE_HAL_DRIVER -DSTM32F103x6 -c -I../Core/Inc -I../Drivers/STM32F1xx_HAL_Driver/Inc -I../Drivers/STM32F1xx_HAL_Driver/Inc/Legacy -I../Drivers/CMSIS/Device/ST/STM32F1xx/Include -I../Drivers/CMSIS/Include -O0 -ffunction-sections -fdata-sections -Wall -fstack-usage -MMD -MP -MF"Core/Src/uart_processing.d" -MT"Core/Src/uart_processing.o" --specs=nano.specs -mfloat-abi=soft -mthumb -o "Core/Src/uart_processing.o"
../Core/Src/uart_processing.c: In function 'uart_communiation_fsm':
../Core/Src/uart_processing.c:63:13: warning: pointer targets in passing argument 1 of 'sprintf' differ in signedness [-Wpointer-sign]
   63 |     sprintf(res_frame, "!ADC=%d#", (int) HAL_ADC_GetValue(&hadc1));
      |             ^~~~~~~~~
      |             |
      |             uint8_t * {aka unsigned char *}
In file included from ../Core/Inc/uart_processing.h:14,
                 from ../Core/Src/uart_processing.c:8:
c:\st\stm32cubeide_1.9.0\stm32cubeide\plugins\com.st.stm32cube.ide.mcu.externaltools.gnu-tools-for-stm32.10.3-2021.10.win32_1.0.0.202111181127\tools\arm-none-eabi\include\stdio.h:244:14: note: expected 'char * restrict' but argument is of type 'uint8_t *' {aka 'unsigned char *'}
  244 | int sprintf (char *__restrict, const char *__restrict, ...)
      |              ^
../Core/Src/uart_processing.c:67:53: warning: passing argument 3 of 'HAL_UART_Transmit' makes integer from pointer without a cast [-Wint-conversion]
   67 |    HAL_UART_Transmit(&huart2, (uint8_t *)res_frame, res_frame, 1000);
      |                                                     ^~~~~~~~~
      |                                                     |
      |                                                     uint8_t * {aka unsigned char *}
In file included from ../Core/Inc/stm32f1xx_hal_conf.h:338,
                 from ../Drivers/STM32F1xx_HAL_Driver/Inc/stm32f1xx_hal.h:29,
                 from ../Core/Inc/main.h:30,
                 from ../Core/Inc/uart_processing.h:15,
                 from ../Core/Src/uart_processing.c:8:
../Drivers/STM32F1xx_HAL_Driver/Inc/stm32f1xx_hal_uart.h:749:95: note: expected 'uint16_t' {aka 'short unsigned int'} but argument is of type 'uint8_t *' {aka 'unsigned char *'}
  749 | HAL_StatusTypeDef HAL_UART_Transmit(UART_HandleTypeDef *huart, const uint8_t *pData, uint16_t Size, uint32_t Timeout);
      |                                                                                      ~~~~~~~~~^~~~
arm-none-eabi-gcc -o "FlowControl_ErrorControl_inCommunication.elf" @"objects.list"   -mcpu=cortex-m3 -T"E:\Embedded\CO3009\STM32-Project\FlowControl_ErrorControl_inCommunication\STM32F103C6TX_FLASH.ld" --specs=nosys.specs -Wl,-Map="FlowControl_ErrorControl_inCommunication.map" -Wl,--gc-sections -static --specs=nano.specs -mfloat-abi=soft -mthumb -Wl,--start-group -lc -lm -Wl,--end-group
Finished building target: FlowControl_ErrorControl_inCommunication.elf
 
arm-none-eabi-size   FlowControl_ErrorControl_inCommunication.elf 
arm-none-eabi-objdump -h -S  FlowControl_ErrorControl_inCommunication.elf  > "FlowControl_ErrorControl_inCommunication.list"
arm-none-eabi-objcopy  -O ihex  FlowControl_ErrorControl_inCommunication.elf  "FlowControl_ErrorControl_inCommunication.hex"
   text	   data	    bss	    dec	    hex	filename
  16640	    120	   1936	  18696	   4908	FlowControl_ErrorControl_inCommunication.elf
Finished building: default.size.stdout
 
Finished building: FlowControl_ErrorControl_inCommunication.hex
 
Finished building: FlowControl_ErrorControl_inCommunication.list
 
18:16:38 **** Incremental Build of configuration Debug for project FlowControl_ErrorControl_inCommunication ****
make -j8 all 
arm-none-eabi-gcc "../Core/Src/uart_processing.c" -mcpu=cortex-m3 -std=gnu11 -g3 -DDEBUG -DUSE_HAL_DRIVER -DSTM32F103x6 -c -I../Core/Inc -I../Drivers/STM32F1xx_HAL_Driver/Inc -I../Drivers/STM32F1xx_HAL_Driver/Inc/Legacy -I../Drivers/CMSIS/Device/ST/STM32F1xx/Include -I../Drivers/CMSIS/Include -O0 -ffunction-sections -fdata-sections -Wall -fstack-usage -MMD -MP -MF"Core/Src/uart_processing.d" -MT"Core/Src/uart_processing.o" --specs=nano.specs -mfloat-abi=soft -mthumb -o "Core/Src/uart_processing.o"
../Core/Src/uart_processing.c: In function 'uart_communiation_fsm':
../Core/Src/uart_processing.c:63:13: warning: pointer targets in passing argument 1 of 'sprintf' differ in signedness [-Wpointer-sign]
   63 |     sprintf(res_frame, "!ADC=%d#", (int) HAL_ADC_GetValue(&hadc1));
      |             ^~~~~~~~~
      |             |
      |             uint8_t * {aka unsigned char *}
In file included from ../Core/Inc/uart_processing.h:14,
                 from ../Core/Src/uart_processing.c:8:
c:\st\stm32cubeide_1.9.0\stm32cubeide\plugins\com.st.stm32cube.ide.mcu.externaltools.gnu-tools-for-stm32.10.3-2021.10.win32_1.0.0.202111181127\tools\arm-none-eabi\include\stdio.h:244:14: note: expected 'char * restrict' but argument is of type 'uint8_t *' {aka 'unsigned char *'}
  244 | int sprintf (char *__restrict, const char *__restrict, ...)
      |              ^
arm-none-eabi-gcc -o "FlowControl_ErrorControl_inCommunication.elf" @"objects.list"   -mcpu=cortex-m3 -T"E:\Embedded\CO3009\STM32-Project\FlowControl_ErrorControl_inCommunication\STM32F103C6TX_FLASH.ld" --specs=nosys.specs -Wl,-Map="FlowControl_ErrorControl_inCommunication.map" -Wl,--gc-sections -static --specs=nano.specs -mfloat-abi=soft -mthumb -Wl,--start-group -lc -lm -Wl,--end-group
Finished building target: FlowControl_ErrorControl_inCommunication.elf
 
arm-none-eabi-size   FlowControl_ErrorControl_inCommunication.elf 
arm-none-eabi-objdump -h -S  FlowControl_ErrorControl_inCommunication.elf  > "FlowControl_ErrorControl_inCommunication.list"
arm-none-eabi-objcopy  -O ihex  FlowControl_ErrorControl_inCommunication.elf  "FlowControl_ErrorControl_inCommunication.hex"
   text	   data	    bss	    dec	    hex	filename
  16636	    120	   1936	  18692	   4904	FlowControl_ErrorControl_inCommunication.elf
Finished building: default.size.stdout
 
Finished building: FlowControl_ErrorControl_inCommunication.hex
 
Finished building: FlowControl_ErrorControl_inCommunication.list
 
18:18:04 **** Incremental Build of configuration Debug for project FlowControl_ErrorControl_inCommunication ****
make -j8 all 
arm-none-eabi-gcc "../Core/Src/uart_processing.c" -mcpu=cortex-m3 -std=gnu11 -g3 -DDEBUG -DUSE_HAL_DRIVER -DSTM32F103x6 -c -I../Core/Inc -I../Drivers/STM32F1xx_HAL_Driver/Inc -I../Drivers/STM32F1xx_HAL_Driver/Inc/Legacy -I../Drivers/CMSIS/Device/ST/STM32F1xx/Include -I../Drivers/CMSIS/Include -O0 -ffunction-sections -fdata-sections -Wall -fstack-usage -MMD -MP -MF"Core/Src/uart_processing.d" -MT"Core/Src/uart_processing.o" --specs=nano.specs -mfloat-abi=soft -mthumb -o "Core/Src/uart_processing.o"
../Core/Src/uart_processing.c: In function 'uart_communiation_fsm':
../Core/Src/uart_processing.c:64:24: warning: pointer targets in passing argument 1 of 'sprintf' differ in signedness [-Wpointer-sign]
   64 |     res_size = sprintf(res_frame, "!ADC=%d#", (int) HAL_ADC_GetValue(&hadc1));
      |                        ^~~~~~~~~
      |                        |
      |                        uint8_t * {aka unsigned char *}
In file included from ../Core/Inc/uart_processing.h:14,
                 from ../Core/Src/uart_processing.c:8:
c:\st\stm32cubeide_1.9.0\stm32cubeide\plugins\com.st.stm32cube.ide.mcu.externaltools.gnu-tools-for-stm32.10.3-2021.10.win32_1.0.0.202111181127\tools\arm-none-eabi\include\stdio.h:244:14: note: expected 'char * restrict' but argument is of type 'uint8_t *' {aka 'unsigned char *'}
  244 | int sprintf (char *__restrict, const char *__restrict, ...)
      |              ^
arm-none-eabi-gcc -o "FlowControl_ErrorControl_inCommunication.elf" @"objects.list"   -mcpu=cortex-m3 -T"E:\Embedded\CO3009\STM32-Project\FlowControl_ErrorControl_inCommunication\STM32F103C6TX_FLASH.ld" --specs=nosys.specs -Wl,-Map="FlowControl_ErrorControl_inCommunication.map" -Wl,--gc-sections -static --specs=nano.specs -mfloat-abi=soft -mthumb -Wl,--start-group -lc -lm -Wl,--end-group
Finished building target: FlowControl_ErrorControl_inCommunication.elf
 
arm-none-eabi-size   FlowControl_ErrorControl_inCommunication.elf 
arm-none-eabi-objdump -h -S  FlowControl_ErrorControl_inCommunication.elf  > "FlowControl_ErrorControl_inCommunication.list"
arm-none-eabi-objcopy  -O ihex  FlowControl_ErrorControl_inCommunication.elf  "FlowControl_ErrorControl_inCommunication.hex"
   text	   data	    bss	    dec	    hex	filename
  16640	    120	   1936	  18696	   4908	FlowControl_ErrorControl_inCommunication.elf
Finished building: default.size.stdout
 
Finished building: FlowControl_ErrorControl_inCommunication.hex
 
Finished building: FlowControl_ErrorControl_inCommunication.list
 
18:18:48 **** Incremental Build of configuration Debug for project FlowControl_ErrorControl_inCommunication ****
make -j8 all 
arm-none-eabi-gcc "../Core/Src/uart_processing.c" -mcpu=cortex-m3 -std=gnu11 -g3 -DDEBUG -DUSE_HAL_DRIVER -DSTM32F103x6 -c -I../Core/Inc -I../Drivers/STM32F1xx_HAL_Driver/Inc -I../Drivers/STM32F1xx_HAL_Driver/Inc/Legacy -I../Drivers/CMSIS/Device/ST/STM32F1xx/Include -I../Drivers/CMSIS/Include -O0 -ffunction-sections -fdata-sections -Wall -fstack-usage -MMD -MP -MF"Core/Src/uart_processing.d" -MT"Core/Src/uart_processing.o" --specs=nano.specs -mfloat-abi=soft -mthumb -o "Core/Src/uart_processing.o"
arm-none-eabi-gcc -o "FlowControl_ErrorControl_inCommunication.elf" @"objects.list"   -mcpu=cortex-m3 -T"E:\Embedded\CO3009\STM32-Project\FlowControl_ErrorControl_inCommunication\STM32F103C6TX_FLASH.ld" --specs=nosys.specs -Wl,-Map="FlowControl_ErrorControl_inCommunication.map" -Wl,--gc-sections -static --specs=nano.specs -mfloat-abi=soft -mthumb -Wl,--start-group -lc -lm -Wl,--end-group
Finished building target: FlowControl_ErrorControl_inCommunication.elf
 
arm-none-eabi-size   FlowControl_ErrorControl_inCommunication.elf 
arm-none-eabi-objdump -h -S  FlowControl_ErrorControl_inCommunication.elf  > "FlowControl_ErrorControl_inCommunication.list"
arm-none-eabi-objcopy  -O ihex  FlowControl_ErrorControl_inCommunication.elf  "FlowControl_ErrorControl_inCommunication.hex"
   text	   data	    bss	    dec	    hex	filename
  16640	    120	   1936	  18696	   4908	FlowControl_ErrorControl_inCommunication.elf
Finished building: default.size.stdout
 
Finished building: FlowControl_ErrorControl_inCommunication.hex
 
Finished building: FlowControl_ErrorControl_inCommunication.list
 
18:21:32 **** Incremental Build of configuration Debug for project FlowControl_ErrorControl_inCommunication ****
make -j8 all 
arm-none-eabi-gcc "../Core/Src/uart_processing.c" -mcpu=cortex-m3 -std=gnu11 -g3 -DDEBUG -DUSE_HAL_DRIVER -DSTM32F103x6 -c -I../Core/Inc -I../Drivers/STM32F1xx_HAL_Driver/Inc -I../Drivers/STM32F1xx_HAL_Driver/Inc/Legacy -I../Drivers/CMSIS/Device/ST/STM32F1xx/Include -I../Drivers/CMSIS/Include -O0 -ffunction-sections -fdata-sections -Wall -fstack-usage -MMD -MP -MF"Core/Src/uart_processing.d" -MT"Core/Src/uart_processing.o" --specs=nano.specs -mfloat-abi=soft -mthumb -o "Core/Src/uart_processing.o"
arm-none-eabi-gcc -o "FlowControl_ErrorControl_inCommunication.elf" @"objects.list"   -mcpu=cortex-m3 -T"E:\Embedded\CO3009\STM32-Project\FlowControl_ErrorControl_inCommunication\STM32F103C6TX_FLASH.ld" --specs=nosys.specs -Wl,-Map="FlowControl_ErrorControl_inCommunication.map" -Wl,--gc-sections -static --specs=nano.specs -mfloat-abi=soft -mthumb -Wl,--start-group -lc -lm -Wl,--end-group
Finished building target: FlowControl_ErrorControl_inCommunication.elf
 
arm-none-eabi-size   FlowControl_ErrorControl_inCommunication.elf 
arm-none-eabi-objdump -h -S  FlowControl_ErrorControl_inCommunication.elf  > "FlowControl_ErrorControl_inCommunication.list"
arm-none-eabi-objcopy  -O ihex  FlowControl_ErrorControl_inCommunication.elf  "FlowControl_ErrorControl_inCommunication.hex"
   text	   data	    bss	    dec	    hex	filename
  16616	    120	   1936	  18672	   48f0	FlowControl_ErrorControl_inCommunication.elf
Finished building: default.size.stdout
 
Finished building: FlowControl_ErrorControl_inCommunication.hex
 
Finished building: FlowControl_ErrorControl_inCommunication.list
 
18:21:55 **** Incremental Build of configuration Debug for project FlowControl_ErrorControl_inCommunication ****
make -j8 all 
arm-none-eabi-size   FlowControl_ErrorControl_inCommunication.elf 
   text	   data	    bss	    dec	    hex	filename
  16616	    120	   1936	  18672	   48f0	FlowControl_ErrorControl_inCommunication.elf
Finished building: default.size.stdout
 
18:22:13 **** Incremental Build of configuration Debug for project FlowControl_ErrorControl_inCommunication ****
make -j8 all 
arm-none-eabi-gcc "../Core/Src/uart_processing.c" -mcpu=cortex-m3 -std=gnu11 -g3 -DDEBUG -DUSE_HAL_DRIVER -DSTM32F103x6 -c -I../Core/Inc -I../Drivers/STM32F1xx_HAL_Driver/Inc -I../Drivers/STM32F1xx_HAL_Driver/Inc/Legacy -I../Drivers/CMSIS/Device/ST/STM32F1xx/Include -I../Drivers/CMSIS/Include -O0 -ffunction-sections -fdata-sections -Wall -fstack-usage -MMD -MP -MF"Core/Src/uart_processing.d" -MT"Core/Src/uart_processing.o" --specs=nano.specs -mfloat-abi=soft -mthumb -o "Core/Src/uart_processing.o"
arm-none-eabi-gcc -o "FlowControl_ErrorControl_inCommunication.elf" @"objects.list"   -mcpu=cortex-m3 -T"E:\Embedded\CO3009\STM32-Project\FlowControl_ErrorControl_inCommunication\STM32F103C6TX_FLASH.ld" --specs=nosys.specs -Wl,-Map="FlowControl_ErrorControl_inCommunication.map" -Wl,--gc-sections -static --specs=nano.specs -mfloat-abi=soft -mthumb -Wl,--start-group -lc -lm -Wl,--end-group
Finished building target: FlowControl_ErrorControl_inCommunication.elf
 
arm-none-eabi-size   FlowControl_ErrorControl_inCommunication.elf 
arm-none-eabi-objdump -h -S  FlowControl_ErrorControl_inCommunication.elf  > "FlowControl_ErrorControl_inCommunication.list"
arm-none-eabi-objcopy  -O ihex  FlowControl_ErrorControl_inCommunication.elf  "FlowControl_ErrorControl_inCommunication.hex"
   text	   data	    bss	    dec	    hex	filename
  16616	    120	   1936	  18672	   48f0	FlowControl_ErrorControl_inCommunication.elf
Finished building: default.size.stdout
 
Finished building: FlowControl_ErrorControl_inCommunication.hex
 
Finished building: FlowControl_ErrorControl_inCommunication.list
 
18:33:59 **** Incremental Build of configuration Debug for project FlowControl_ErrorControl_inCommunication ****
make -j8 all 
arm-none-eabi-gcc "../Core/Src/main.c" -mcpu=cortex-m3 -std=gnu11 -g3 -DDEBUG -DUSE_HAL_DRIVER -DSTM32F103x6 -c -I../Core/Inc -I../Drivers/STM32F1xx_HAL_Driver/Inc -I../Drivers/STM32F1xx_HAL_Driver/Inc/Legacy -I../Drivers/CMSIS/Device/ST/STM32F1xx/Include -I../Drivers/CMSIS/Include -O0 -ffunction-sections -fdata-sections -Wall -fstack-usage -MMD -MP -MF"Core/Src/main.d" -MT"Core/Src/main.o" --specs=nano.specs -mfloat-abi=soft -mthumb -o "Core/Src/main.o"
arm-none-eabi-gcc -o "FlowControl_ErrorControl_inCommunication.elf" @"objects.list"   -mcpu=cortex-m3 -T"E:\Embedded\CO3009\STM32-Project\FlowControl_ErrorControl_inCommunication\STM32F103C6TX_FLASH.ld" --specs=nosys.specs -Wl,-Map="FlowControl_ErrorControl_inCommunication.map" -Wl,--gc-sections -static --specs=nano.specs -mfloat-abi=soft -mthumb -Wl,--start-group -lc -lm -Wl,--end-group
Finished building target: FlowControl_ErrorControl_inCommunication.elf
 
arm-none-eabi-size   FlowControl_ErrorControl_inCommunication.elf 
arm-none-eabi-objdump -h -S  FlowControl_ErrorControl_inCommunication.elf  > "FlowControl_ErrorControl_inCommunication.list"
arm-none-eabi-objcopy  -O ihex  FlowControl_ErrorControl_inCommunication.elf  "FlowControl_ErrorControl_inCommunication.hex"
   text	   data	    bss	    dec	    hex	filename
  16640	    120	   1936	  18696	   4908	FlowControl_ErrorControl_inCommunication.elf
Finished building: default.size.stdout
 
Finished building: FlowControl_ErrorControl_inCommunication.hex
 
Finished building: FlowControl_ErrorControl_inCommunication.list
 
